
The following have been reloaded with a version change:
  1) cudatoolkit/12.4 => cudatoolkit/12.9

Traceback (most recent call last):
  File "/global/u2/t/tmishra/Tropical-Attention/experiment.py", line 574, in <module>
    experiment.run()
  File "/global/u2/t/tmishra/Tropical-Attention/experiment.py", line 130, in run
    self.train_model()
  File "/global/u2/t/tmishra/Tropical-Attention/experiment.py", line 511, in train_model
    self._train_one_epoch(epoch)
  File "/global/u2/t/tmishra/Tropical-Attention/experiment.py", line 440, in _train_one_epoch
    pred = self.model(x)
           ^^^^^^^^^^^^^
  File "/global/homes/t/tmishra/.conda/envs/tropical_attention/lib/python3.12/site-packages/torch/nn/modules/module.py", line 1739, in _wrapped_call_impl
    return self._call_impl(*args, **kwargs)
           ^^^^^^^^^^^^^^^^^^^^^^^^^^^^^^^^
  File "/global/homes/t/tmishra/.conda/envs/tropical_attention/lib/python3.12/site-packages/torch/nn/modules/module.py", line 1750, in _call_impl
    return forward_call(*args, **kwargs)
           ^^^^^^^^^^^^^^^^^^^^^^^^^^^^^
  File "/global/u2/t/tmishra/Tropical-Attention/models.py", line 531, in forward
    out = self.output_ffn(x) # [B, S, 1]
          ^^^^^^^^^^^^^^^^^^
  File "/global/homes/t/tmishra/.conda/envs/tropical_attention/lib/python3.12/site-packages/torch/nn/modules/module.py", line 1739, in _wrapped_call_impl
    return self._call_impl(*args, **kwargs)
           ^^^^^^^^^^^^^^^^^^^^^^^^^^^^^^^^
  File "/global/homes/t/tmishra/.conda/envs/tropical_attention/lib/python3.12/site-packages/torch/nn/modules/module.py", line 1750, in _call_impl
    return forward_call(*args, **kwargs)
           ^^^^^^^^^^^^^^^^^^^^^^^^^^^^^
  File "/global/homes/t/tmishra/.conda/envs/tropical_attention/lib/python3.12/site-packages/torch/nn/modules/container.py", line 250, in forward
    input = module(input)
            ^^^^^^^^^^^^^
  File "/global/homes/t/tmishra/.conda/envs/tropical_attention/lib/python3.12/site-packages/torch/nn/modules/module.py", line 1739, in _wrapped_call_impl
    return self._call_impl(*args, **kwargs)
           ^^^^^^^^^^^^^^^^^^^^^^^^^^^^^^^^
  File "/global/homes/t/tmishra/.conda/envs/tropical_attention/lib/python3.12/site-packages/torch/nn/modules/module.py", line 1750, in _call_impl
    return forward_call(*args, **kwargs)
           ^^^^^^^^^^^^^^^^^^^^^^^^^^^^^
  File "/global/homes/t/tmishra/.conda/envs/tropical_attention/lib/python3.12/site-packages/torch/nn/modules/linear.py", line 125, in forward
    return F.linear(input, self.weight, self.bias)
           ^^^^^^^^^^^^^^^^^^^^^^^^^^^^^^^^^^^^^^^
RuntimeError: mat1 and mat2 shapes cannot be multiplied (1000x32 and 320x64)
