CUDA available? True
GPU device: NVIDIA A100-SXM4-40GB
CUDA_VISIBLE_DEVICES=0,1,2,3
SLURM_JOB_GPUS=0,1,2,3

 Running config: {'task': 'train', 'model_type': 'vanilla', 'dataset_name': 'FloydWarshallDataset', 'input_dim': 3, 'd_model': 64, 'n_heads': 4, 'num_layers': 4, 'num_epochs': 20000, 'dropout': 0.05, 'lr': 0.0001, 'seed': 999, 'n_samples': 50000, 'batch_size': 1000, 'target_range': 'na', 'weight_range': 'na', 'adversarial_range': '(10,20)', 'length_range': '(8,8)', 'noise_prob': 0, 'value_range': '(0, 2)'}
FloydWarshallDataset_vanilla_0.0001_20000_20260401_013540_relu
...setting dataloader...20260401_013540
...setting model object...20260401_013552
...training model...20260401_013552
At epoch 0, test loss = 1.0859
...model saved to 15_exp/models/FloydWarshallDataset_vanilla_0.0001_20000_20260401_013540_relu_best.pth...20260401_013615
At epoch 1, test loss = 0.9873
...model saved to 15_exp/models/FloydWarshallDataset_vanilla_0.0001_20000_20260401_013540_relu_best.pth...20260401_013616
At epoch 2, test loss = 0.9327
...model saved to 15_exp/models/FloydWarshallDataset_vanilla_0.0001_20000_20260401_013540_relu_best.pth...20260401_013617
At epoch 3, test loss = 0.9075
...model saved to 15_exp/models/FloydWarshallDataset_vanilla_0.0001_20000_20260401_013540_relu_best.pth...20260401_013617
At epoch 4, test loss = 0.8988
...model saved to 15_exp/models/FloydWarshallDataset_vanilla_0.0001_20000_20260401_013540_relu_best.pth...20260401_013618
At epoch 5, test loss = 0.8953
...model saved to 15_exp/models/FloydWarshallDataset_vanilla_0.0001_20000_20260401_013540_relu_best.pth...20260401_013618
At epoch 6, test loss = 0.8921
...model saved to 15_exp/models/FloydWarshallDataset_vanilla_0.0001_20000_20260401_013540_relu_best.pth...20260401_013619
At epoch 7, test loss = 0.8887
...model saved to 15_exp/models/FloydWarshallDataset_vanilla_0.0001_20000_20260401_013540_relu_best.pth...20260401_013620
At epoch 8, test loss = 0.8842
...model saved to 15_exp/models/FloydWarshallDataset_vanilla_0.0001_20000_20260401_013540_relu_best.pth...20260401_013620
At epoch 9, test loss = 0.8800
...model saved to 15_exp/models/FloydWarshallDataset_vanilla_0.0001_20000_20260401_013540_relu_best.pth...20260401_013621
At epoch 10, test loss = 0.8687
...model saved to 15_exp/models/FloydWarshallDataset_vanilla_0.0001_20000_20260401_013540_relu_best.pth...20260401_013622
At epoch 11, test loss = 0.8515
...model saved to 15_exp/models/FloydWarshallDataset_vanilla_0.0001_20000_20260401_013540_relu_best.pth...20260401_013622
At epoch 12, test loss = 0.8333
...model saved to 15_exp/models/FloydWarshallDataset_vanilla_0.0001_20000_20260401_013540_relu_best.pth...20260401_013623
At epoch 13, test loss = 0.8260
...model saved to 15_exp/models/FloydWarshallDataset_vanilla_0.0001_20000_20260401_013540_relu_best.pth...20260401_013623
At epoch 14, test loss = 0.8209
...model saved to 15_exp/models/FloydWarshallDataset_vanilla_0.0001_20000_20260401_013540_relu_best.pth...20260401_013624
At epoch 15, test loss = 0.8132
...model saved to 15_exp/models/FloydWarshallDataset_vanilla_0.0001_20000_20260401_013540_relu_best.pth...20260401_013625
At epoch 19, test loss = 0.7919
...model saved to 15_exp/models/FloydWarshallDataset_vanilla_0.0001_20000_20260401_013540_relu_best.pth...20260401_013627
At epoch 22, test loss = 0.7844
...model saved to 15_exp/models/FloydWarshallDataset_vanilla_0.0001_20000_20260401_013540_relu_best.pth...20260401_013629
At epoch 23, test loss = 0.7825
...model saved to 15_exp/models/FloydWarshallDataset_vanilla_0.0001_20000_20260401_013540_relu_best.pth...20260401_013629
At epoch 24, test loss = 0.7721
...model saved to 15_exp/models/FloydWarshallDataset_vanilla_0.0001_20000_20260401_013540_relu_best.pth...20260401_013630
At epoch 25, test loss = 0.7703
...model saved to 15_exp/models/FloydWarshallDataset_vanilla_0.0001_20000_20260401_013540_relu_best.pth...20260401_013631
At epoch 26, test loss = 0.7650
...model saved to 15_exp/models/FloydWarshallDataset_vanilla_0.0001_20000_20260401_013540_relu_best.pth...20260401_013631
At epoch 29, test loss = 0.7631
...model saved to 15_exp/models/FloydWarshallDataset_vanilla_0.0001_20000_20260401_013540_relu_best.pth...20260401_013633
At epoch 30, test loss = 0.7515
...model saved to 15_exp/models/FloydWarshallDataset_vanilla_0.0001_20000_20260401_013540_relu_best.pth...20260401_013634
At epoch 33, test loss = 0.7505
...model saved to 15_exp/models/FloydWarshallDataset_vanilla_0.0001_20000_20260401_013540_relu_best.pth...20260401_013636
At epoch 34, test loss = 0.7348
...model saved to 15_exp/models/FloydWarshallDataset_vanilla_0.0001_20000_20260401_013540_relu_best.pth...20260401_013636
At epoch 35, test loss = 0.7304
...model saved to 15_exp/models/FloydWarshallDataset_vanilla_0.0001_20000_20260401_013540_relu_best.pth...20260401_013637
At epoch 36, test loss = 0.7106
...model saved to 15_exp/models/FloydWarshallDataset_vanilla_0.0001_20000_20260401_013540_relu_best.pth...20260401_013637
At epoch 39, test loss = 0.7054
...model saved to 15_exp/models/FloydWarshallDataset_vanilla_0.0001_20000_20260401_013540_relu_best.pth...20260401_013639
At epoch 41, test loss = 0.6947
...model saved to 15_exp/models/FloydWarshallDataset_vanilla_0.0001_20000_20260401_013540_relu_best.pth...20260401_013640
At epoch 42, test loss = 0.6855
...model saved to 15_exp/models/FloydWarshallDataset_vanilla_0.0001_20000_20260401_013540_relu_best.pth...20260401_013641
At epoch 44, test loss = 0.6823
...model saved to 15_exp/models/FloydWarshallDataset_vanilla_0.0001_20000_20260401_013540_relu_best.pth...20260401_013642
At epoch 45, test loss = 0.6798
...model saved to 15_exp/models/FloydWarshallDataset_vanilla_0.0001_20000_20260401_013540_relu_best.pth...20260401_013643
At epoch 49, test loss = 0.6501
...model saved to 15_exp/models/FloydWarshallDataset_vanilla_0.0001_20000_20260401_013540_relu_best.pth...20260401_013645
At epoch 50, test loss = 0.6470
...model saved to 15_exp/models/FloydWarshallDataset_vanilla_0.0001_20000_20260401_013540_relu_best.pth...20260401_013646
At epoch 52, test loss = 0.6429
...model saved to 15_exp/models/FloydWarshallDataset_vanilla_0.0001_20000_20260401_013540_relu_best.pth...20260401_013647
At epoch 55, test loss = 0.6268
...model saved to 15_exp/models/FloydWarshallDataset_vanilla_0.0001_20000_20260401_013540_relu_best.pth...20260401_013649
At epoch 56, test loss = 0.6168
...model saved to 15_exp/models/FloydWarshallDataset_vanilla_0.0001_20000_20260401_013540_relu_best.pth...20260401_013649
At epoch 60, test loss = 0.6151
...model saved to 15_exp/models/FloydWarshallDataset_vanilla_0.0001_20000_20260401_013540_relu_best.pth...20260401_013652
At epoch 67, test loss = 0.6078
...model saved to 15_exp/models/FloydWarshallDataset_vanilla_0.0001_20000_20260401_013540_relu_best.pth...20260401_013656
At epoch 68, test loss = 0.5969
...model saved to 15_exp/models/FloydWarshallDataset_vanilla_0.0001_20000_20260401_013540_relu_best.pth...20260401_013657
At epoch 70, test loss = 0.5839
...model saved to 15_exp/models/FloydWarshallDataset_vanilla_0.0001_20000_20260401_013540_relu_best.pth...20260401_013658
At epoch 73, test loss = 0.5745
...model saved to 15_exp/models/FloydWarshallDataset_vanilla_0.0001_20000_20260401_013540_relu_best.pth...20260401_013700
At epoch 77, test loss = 0.5639
...model saved to 15_exp/models/FloydWarshallDataset_vanilla_0.0001_20000_20260401_013540_relu_best.pth...20260401_013702
At epoch 81, test loss = 0.5600
...model saved to 15_exp/models/FloydWarshallDataset_vanilla_0.0001_20000_20260401_013540_relu_best.pth...20260401_013705
At epoch 83, test loss = 0.5515
...model saved to 15_exp/models/FloydWarshallDataset_vanilla_0.0001_20000_20260401_013540_relu_best.pth...20260401_013706
At epoch 85, test loss = 0.5482
...model saved to 15_exp/models/FloydWarshallDataset_vanilla_0.0001_20000_20260401_013540_relu_best.pth...20260401_013707
At epoch 89, test loss = 0.5411
...model saved to 15_exp/models/FloydWarshallDataset_vanilla_0.0001_20000_20260401_013540_relu_best.pth...20260401_013710
At epoch 95, test loss = 0.5409
...model saved to 15_exp/models/FloydWarshallDataset_vanilla_0.0001_20000_20260401_013540_relu_best.pth...20260401_013713
At epoch 96, test loss = 0.5403
...model saved to 15_exp/models/FloydWarshallDataset_vanilla_0.0001_20000_20260401_013540_relu_best.pth...20260401_013714
At epoch 97, test loss = 0.5354
...model saved to 15_exp/models/FloydWarshallDataset_vanilla_0.0001_20000_20260401_013540_relu_best.pth...20260401_013715
At epoch 101, test loss = 0.5315
...model saved to 15_exp/models/FloydWarshallDataset_vanilla_0.0001_20000_20260401_013540_relu_best.pth...20260401_013717
At epoch 770, test loss = 0.5313
...model saved to 15_exp/models/FloydWarshallDataset_vanilla_0.0001_20000_20260401_013540_relu_best.pth...20260401_014345
At epoch 772, test loss = 0.5290
...model saved to 15_exp/models/FloydWarshallDataset_vanilla_0.0001_20000_20260401_013540_relu_best.pth...20260401_014346
At epoch 773, test loss = 0.5243
...model saved to 15_exp/models/FloydWarshallDataset_vanilla_0.0001_20000_20260401_013540_relu_best.pth...20260401_014347
At epoch 776, test loss = 0.5227
...model saved to 15_exp/models/FloydWarshallDataset_vanilla_0.0001_20000_20260401_013540_relu_best.pth...20260401_014349
At epoch 876, test loss = 0.5218
...model saved to 15_exp/models/FloydWarshallDataset_vanilla_0.0001_20000_20260401_013540_relu_best.pth...20260401_014451
At epoch 878, test loss = 0.5191
...model saved to 15_exp/models/FloydWarshallDataset_vanilla_0.0001_20000_20260401_013540_relu_best.pth...20260401_014452
At epoch 881, test loss = 0.5187
...model saved to 15_exp/models/FloydWarshallDataset_vanilla_0.0001_20000_20260401_013540_relu_best.pth...20260401_014454
At epoch 882, test loss = 0.5177
...model saved to 15_exp/models/FloydWarshallDataset_vanilla_0.0001_20000_20260401_013540_relu_best.pth...20260401_014455
At epoch 949, test loss = 0.5149
...model saved to 15_exp/models/FloydWarshallDataset_vanilla_0.0001_20000_20260401_013540_relu_best.pth...20260401_014537
At epoch 951, test loss = 0.5077
...model saved to 15_exp/models/FloydWarshallDataset_vanilla_0.0001_20000_20260401_013540_relu_best.pth...20260401_014539
At epoch 957, test loss = 0.5076
...model saved to 15_exp/models/FloydWarshallDataset_vanilla_0.0001_20000_20260401_013540_relu_best.pth...20260401_014543
At epoch 958, test loss = 0.5071
...model saved to 15_exp/models/FloydWarshallDataset_vanilla_0.0001_20000_20260401_013540_relu_best.pth...20260401_014543
At epoch 963, test loss = 0.5055
...model saved to 15_exp/models/FloydWarshallDataset_vanilla_0.0001_20000_20260401_013540_relu_best.pth...20260401_014546
At epoch 967, test loss = 0.5050
...model saved to 15_exp/models/FloydWarshallDataset_vanilla_0.0001_20000_20260401_013540_relu_best.pth...20260401_014549
At epoch 968, test loss = 0.5036
...model saved to 15_exp/models/FloydWarshallDataset_vanilla_0.0001_20000_20260401_013540_relu_best.pth...20260401_014550
At epoch 972, test loss = 0.4997
...model saved to 15_exp/models/FloydWarshallDataset_vanilla_0.0001_20000_20260401_013540_relu_best.pth...20260401_014552
At epoch 1024, test loss = 0.4972
...model saved to 15_exp/models/FloydWarshallDataset_vanilla_0.0001_20000_20260401_013540_relu_best.pth...20260401_014626
At epoch 1025, test loss = 0.4964
...model saved to 15_exp/models/FloydWarshallDataset_vanilla_0.0001_20000_20260401_013540_relu_best.pth...20260401_014627
At epoch 1026, test loss = 0.4855
...model saved to 15_exp/models/FloydWarshallDataset_vanilla_0.0001_20000_20260401_013540_relu_best.pth...20260401_014628
At epoch 1127, test loss = 0.4841
...model saved to 15_exp/models/FloydWarshallDataset_vanilla_0.0001_20000_20260401_013540_relu_best.pth...20260401_014733
At epoch 1129, test loss = 0.4838
...model saved to 15_exp/models/FloydWarshallDataset_vanilla_0.0001_20000_20260401_013540_relu_best.pth...20260401_014734
At epoch 1131, test loss = 0.4831
...model saved to 15_exp/models/FloydWarshallDataset_vanilla_0.0001_20000_20260401_013540_relu_best.pth...20260401_014735
At epoch 1178, test loss = 0.4800
...model saved to 15_exp/models/FloydWarshallDataset_vanilla_0.0001_20000_20260401_013540_relu_best.pth...20260401_014806
At epoch 1182, test loss = 0.4726
...model saved to 15_exp/models/FloydWarshallDataset_vanilla_0.0001_20000_20260401_013540_relu_best.pth...20260401_014808
At epoch 1221, test loss = 0.4693
...model saved to 15_exp/models/FloydWarshallDataset_vanilla_0.0001_20000_20260401_013540_relu_best.pth...20260401_014831
At epoch 1230, test loss = 0.4657
...model saved to 15_exp/models/FloydWarshallDataset_vanilla_0.0001_20000_20260401_013540_relu_best.pth...20260401_014836
At epoch 1233, test loss = 0.4645
...model saved to 15_exp/models/FloydWarshallDataset_vanilla_0.0001_20000_20260401_013540_relu_best.pth...20260401_014838
At epoch 1234, test loss = 0.4593
...model saved to 15_exp/models/FloydWarshallDataset_vanilla_0.0001_20000_20260401_013540_relu_best.pth...20260401_014839
At epoch 1244, test loss = 0.4584
...model saved to 15_exp/models/FloydWarshallDataset_vanilla_0.0001_20000_20260401_013540_relu_best.pth...20260401_014845
At epoch 1245, test loss = 0.4439
...model saved to 15_exp/models/FloydWarshallDataset_vanilla_0.0001_20000_20260401_013540_relu_best.pth...20260401_014845
At epoch 1469, test loss = 0.4430
...model saved to 15_exp/models/FloydWarshallDataset_vanilla_0.0001_20000_20260401_013540_relu_best.pth...20260401_015058
At epoch 1470, test loss = 0.4387
...model saved to 15_exp/models/FloydWarshallDataset_vanilla_0.0001_20000_20260401_013540_relu_best.pth...20260401_015058
At epoch 1477, test loss = 0.4377
...model saved to 15_exp/models/FloydWarshallDataset_vanilla_0.0001_20000_20260401_013540_relu_best.pth...20260401_015103
At epoch 1481, test loss = 0.4359
...model saved to 15_exp/models/FloydWarshallDataset_vanilla_0.0001_20000_20260401_013540_relu_best.pth...20260401_015105
At epoch 1483, test loss = 0.4302
...model saved to 15_exp/models/FloydWarshallDataset_vanilla_0.0001_20000_20260401_013540_relu_best.pth...20260401_015106
At epoch 1496, test loss = 0.4296
...model saved to 15_exp/models/FloydWarshallDataset_vanilla_0.0001_20000_20260401_013540_relu_best.pth...20260401_015114
At epoch 1500, test loss = 0.4272
...model saved to 15_exp/models/FloydWarshallDataset_vanilla_0.0001_20000_20260401_013540_relu_best.pth...20260401_015116
At epoch 1504, test loss = 0.4236
...model saved to 15_exp/models/FloydWarshallDataset_vanilla_0.0001_20000_20260401_013540_relu_best.pth...20260401_015119
At epoch 3078, test loss = 0.4223
...model saved to 15_exp/models/FloydWarshallDataset_vanilla_0.0001_20000_20260401_013540_relu_best.pth...20260401_020623
At epoch 3747, test loss = 0.4163
...model saved to 15_exp/models/FloydWarshallDataset_vanilla_0.0001_20000_20260401_013540_relu_best.pth...20260401_021246
At epoch 3750, test loss = 0.4138
...model saved to 15_exp/models/FloydWarshallDataset_vanilla_0.0001_20000_20260401_013540_relu_best.pth...20260401_021248
At epoch 3901, test loss = 0.4044
...model saved to 15_exp/models/FloydWarshallDataset_vanilla_0.0001_20000_20260401_013540_relu_best.pth...20260401_021412
At epoch 3911, test loss = 0.4016
...model saved to 15_exp/models/FloydWarshallDataset_vanilla_0.0001_20000_20260401_013540_relu_best.pth...20260401_021418
At epoch 3920, test loss = 0.4014
...model saved to 15_exp/models/FloydWarshallDataset_vanilla_0.0001_20000_20260401_013540_relu_best.pth...20260401_021423
At epoch 3923, test loss = 0.3996
...model saved to 15_exp/models/FloydWarshallDataset_vanilla_0.0001_20000_20260401_013540_relu_best.pth...20260401_021425
At epoch 3926, test loss = 0.3985
...model saved to 15_exp/models/FloydWarshallDataset_vanilla_0.0001_20000_20260401_013540_relu_best.pth...20260401_021426
At epoch 4429, test loss = 0.3984
...model saved to 15_exp/models/FloydWarshallDataset_vanilla_0.0001_20000_20260401_013540_relu_best.pth...20260401_021913
At epoch 4433, test loss = 0.3961
...model saved to 15_exp/models/FloydWarshallDataset_vanilla_0.0001_20000_20260401_013540_relu_best.pth...20260401_021915
At epoch 4435, test loss = 0.3932
...model saved to 15_exp/models/FloydWarshallDataset_vanilla_0.0001_20000_20260401_013540_relu_best.pth...20260401_021917
At epoch 5224, test loss = 0.3870
...model saved to 15_exp/models/FloydWarshallDataset_vanilla_0.0001_20000_20260401_013540_relu_best.pth...20260401_022705
At epoch 5912, test loss = 0.3787
...model saved to 15_exp/models/FloydWarshallDataset_vanilla_0.0001_20000_20260401_013540_relu_best.pth...20260401_023357
At epoch 5913, test loss = 0.3697
...model saved to 15_exp/models/FloydWarshallDataset_vanilla_0.0001_20000_20260401_013540_relu_best.pth...20260401_023358
At epoch 5914, test loss = 0.3639
...model saved to 15_exp/models/FloydWarshallDataset_vanilla_0.0001_20000_20260401_013540_relu_best.pth...20260401_023358
At epoch 5935, test loss = 0.3531
...model saved to 15_exp/models/FloydWarshallDataset_vanilla_0.0001_20000_20260401_013540_relu_best.pth...20260401_023412
At epoch 5940, test loss = 0.3523
...model saved to 15_exp/models/FloydWarshallDataset_vanilla_0.0001_20000_20260401_013540_relu_best.pth...20260401_023415
At epoch 5941, test loss = 0.3521
...model saved to 15_exp/models/FloydWarshallDataset_vanilla_0.0001_20000_20260401_013540_relu_best.pth...20260401_023416
At epoch 8190, test loss = 0.3466
...model saved to 15_exp/models/FloydWarshallDataset_vanilla_0.0001_20000_20260401_013540_relu_best.pth...20260401_025617
At epoch 8231, test loss = 0.3435
...model saved to 15_exp/models/FloydWarshallDataset_vanilla_0.0001_20000_20260401_013540_relu_best.pth...20260401_025641
At epoch 8259, test loss = 0.3425
...model saved to 15_exp/models/FloydWarshallDataset_vanilla_0.0001_20000_20260401_013540_relu_best.pth...20260401_025657
At epoch 8266, test loss = 0.3398
...model saved to 15_exp/models/FloydWarshallDataset_vanilla_0.0001_20000_20260401_013540_relu_best.pth...20260401_025701
At epoch 8573, test loss = 0.3360
...model saved to 15_exp/models/FloydWarshallDataset_vanilla_0.0001_20000_20260401_013540_relu_best.pth...20260401_025953
At epoch 8575, test loss = 0.3244
...model saved to 15_exp/models/FloydWarshallDataset_vanilla_0.0001_20000_20260401_013540_relu_best.pth...20260401_025954
At epoch 9359, test loss = 0.3239
...model saved to 15_exp/models/FloydWarshallDataset_vanilla_0.0001_20000_20260401_013540_relu_best.pth...20260401_030715
At epoch 9364, test loss = 0.3150
...model saved to 15_exp/models/FloydWarshallDataset_vanilla_0.0001_20000_20260401_013540_relu_best.pth...20260401_030718
At epoch 9365, test loss = 0.3130
...model saved to 15_exp/models/FloydWarshallDataset_vanilla_0.0001_20000_20260401_013540_relu_best.pth...20260401_030718
At epoch 9370, test loss = 0.3091
...model saved to 15_exp/models/FloydWarshallDataset_vanilla_0.0001_20000_20260401_013540_relu_best.pth...20260401_030721
At epoch 9955, test loss = 0.3034
...model saved to 15_exp/models/FloydWarshallDataset_vanilla_0.0001_20000_20260401_013540_relu_best.pth...20260401_031307
At epoch 9963, test loss = 0.3018
...model saved to 15_exp/models/FloydWarshallDataset_vanilla_0.0001_20000_20260401_013540_relu_best.pth...20260401_031311
At epoch 9964, test loss = 0.2966
...model saved to 15_exp/models/FloydWarshallDataset_vanilla_0.0001_20000_20260401_013540_relu_best.pth...20260401_031312
At epoch 9974, test loss = 0.2949
...model saved to 15_exp/models/FloydWarshallDataset_vanilla_0.0001_20000_20260401_013540_relu_best.pth...20260401_031318
At epoch 9975, test loss = 0.2919
...model saved to 15_exp/models/FloydWarshallDataset_vanilla_0.0001_20000_20260401_013540_relu_best.pth...20260401_031318
At epoch 11020, test loss = 0.2868
...model saved to 15_exp/models/FloydWarshallDataset_vanilla_0.0001_20000_20260401_013540_relu_best.pth...20260401_032334
At epoch 11023, test loss = 0.2843
...model saved to 15_exp/models/FloydWarshallDataset_vanilla_0.0001_20000_20260401_013540_relu_best.pth...20260401_032336
At epoch 11339, test loss = 0.2790
...model saved to 15_exp/models/FloydWarshallDataset_vanilla_0.0001_20000_20260401_013540_relu_best.pth...20260401_032638
At epoch 11352, test loss = 0.2785
...model saved to 15_exp/models/FloydWarshallDataset_vanilla_0.0001_20000_20260401_013540_relu_best.pth...20260401_032645
At epoch 11354, test loss = 0.2760
...model saved to 15_exp/models/FloydWarshallDataset_vanilla_0.0001_20000_20260401_013540_relu_best.pth...20260401_032646
At epoch 11362, test loss = 0.2739
...model saved to 15_exp/models/FloydWarshallDataset_vanilla_0.0001_20000_20260401_013540_relu_best.pth...20260401_032651
At epoch 11363, test loss = 0.2735
...model saved to 15_exp/models/FloydWarshallDataset_vanilla_0.0001_20000_20260401_013540_relu_best.pth...20260401_032651
At epoch 11432, test loss = 0.2714
...model saved to 15_exp/models/FloydWarshallDataset_vanilla_0.0001_20000_20260401_013540_relu_best.pth...20260401_032729
At epoch 11466, test loss = 0.2698
...model saved to 15_exp/models/FloydWarshallDataset_vanilla_0.0001_20000_20260401_013540_relu_best.pth...20260401_032748
At epoch 11655, test loss = 0.2694
...model saved to 15_exp/models/FloydWarshallDataset_vanilla_0.0001_20000_20260401_013540_relu_best.pth...20260401_032931
At epoch 11823, test loss = 0.2644
...model saved to 15_exp/models/FloydWarshallDataset_vanilla_0.0001_20000_20260401_013540_relu_best.pth...20260401_033104
At epoch 11857, test loss = 0.2624
...model saved to 15_exp/models/FloydWarshallDataset_vanilla_0.0001_20000_20260401_013540_relu_best.pth...20260401_033122
At epoch 11859, test loss = 0.2581
...model saved to 15_exp/models/FloydWarshallDataset_vanilla_0.0001_20000_20260401_013540_relu_best.pth...20260401_033124
At epoch 12123, test loss = 0.2569
...model saved to 15_exp/models/FloydWarshallDataset_vanilla_0.0001_20000_20260401_013540_relu_best.pth...20260401_033350
At epoch 12428, test loss = 0.2568
...model saved to 15_exp/models/FloydWarshallDataset_vanilla_0.0001_20000_20260401_013540_relu_best.pth...20260401_033640
At epoch 12475, test loss = 0.2505
...model saved to 15_exp/models/FloydWarshallDataset_vanilla_0.0001_20000_20260401_013540_relu_best.pth...20260401_033706
At epoch 12492, test loss = 0.2484
...model saved to 15_exp/models/FloydWarshallDataset_vanilla_0.0001_20000_20260401_013540_relu_best.pth...20260401_033715
At epoch 12546, test loss = 0.2437
...model saved to 15_exp/models/FloydWarshallDataset_vanilla_0.0001_20000_20260401_013540_relu_best.pth...20260401_033745
At epoch 12562, test loss = 0.2412
...model saved to 15_exp/models/FloydWarshallDataset_vanilla_0.0001_20000_20260401_013540_relu_best.pth...20260401_033754
At epoch 12563, test loss = 0.2408
...model saved to 15_exp/models/FloydWarshallDataset_vanilla_0.0001_20000_20260401_013540_relu_best.pth...20260401_033754
At epoch 12564, test loss = 0.2342
...model saved to 15_exp/models/FloydWarshallDataset_vanilla_0.0001_20000_20260401_013540_relu_best.pth...20260401_033755
At epoch 12850, test loss = 0.2335
...model saved to 15_exp/models/FloydWarshallDataset_vanilla_0.0001_20000_20260401_013540_relu_best.pth...20260401_034033
At epoch 12851, test loss = 0.2326
...model saved to 15_exp/models/FloydWarshallDataset_vanilla_0.0001_20000_20260401_013540_relu_best.pth...20260401_034034
At epoch 12852, test loss = 0.2319
...model saved to 15_exp/models/FloydWarshallDataset_vanilla_0.0001_20000_20260401_013540_relu_best.pth...20260401_034034
At epoch 12853, test loss = 0.2271
...model saved to 15_exp/models/FloydWarshallDataset_vanilla_0.0001_20000_20260401_013540_relu_best.pth...20260401_034035
At epoch 12854, test loss = 0.2256
...model saved to 15_exp/models/FloydWarshallDataset_vanilla_0.0001_20000_20260401_013540_relu_best.pth...20260401_034035
At epoch 12867, test loss = 0.2249
...model saved to 15_exp/models/FloydWarshallDataset_vanilla_0.0001_20000_20260401_013540_relu_best.pth...20260401_034042
At epoch 13265, test loss = 0.2244
...model saved to 15_exp/models/FloydWarshallDataset_vanilla_0.0001_20000_20260401_013540_relu_best.pth...20260401_034421
At epoch 13886, test loss = 0.2201
...model saved to 15_exp/models/FloydWarshallDataset_vanilla_0.0001_20000_20260401_013540_relu_best.pth...20260401_035013
At epoch 13888, test loss = 0.2196
...model saved to 15_exp/models/FloydWarshallDataset_vanilla_0.0001_20000_20260401_013540_relu_best.pth...20260401_035014
At epoch 13889, test loss = 0.2179
...model saved to 15_exp/models/FloydWarshallDataset_vanilla_0.0001_20000_20260401_013540_relu_best.pth...20260401_035015
At epoch 13890, test loss = 0.2161
...model saved to 15_exp/models/FloydWarshallDataset_vanilla_0.0001_20000_20260401_013540_relu_best.pth...20260401_035015
At epoch 13892, test loss = 0.2136
...model saved to 15_exp/models/FloydWarshallDataset_vanilla_0.0001_20000_20260401_013540_relu_best.pth...20260401_035017
At epoch 13894, test loss = 0.2109
...model saved to 15_exp/models/FloydWarshallDataset_vanilla_0.0001_20000_20260401_013540_relu_best.pth...20260401_035018
At epoch 13897, test loss = 0.2100
...model saved to 15_exp/models/FloydWarshallDataset_vanilla_0.0001_20000_20260401_013540_relu_best.pth...20260401_035019
At epoch 13898, test loss = 0.2089
...model saved to 15_exp/models/FloydWarshallDataset_vanilla_0.0001_20000_20260401_013540_relu_best.pth...20260401_035020
At epoch 14803, test loss = 0.2085
...model saved to 15_exp/models/FloydWarshallDataset_vanilla_0.0001_20000_20260401_013540_relu_best.pth...20260401_035858
At epoch 14807, test loss = 0.2054
...model saved to 15_exp/models/FloydWarshallDataset_vanilla_0.0001_20000_20260401_013540_relu_best.pth...20260401_035901
At epoch 14818, test loss = 0.2047
...model saved to 15_exp/models/FloydWarshallDataset_vanilla_0.0001_20000_20260401_013540_relu_best.pth...20260401_035907
At epoch 14988, test loss = 0.2033
...model saved to 15_exp/models/FloydWarshallDataset_vanilla_0.0001_20000_20260401_013540_relu_best.pth...20260401_040046
At epoch 14989, test loss = 0.2029
...model saved to 15_exp/models/FloydWarshallDataset_vanilla_0.0001_20000_20260401_013540_relu_best.pth...20260401_040047
At epoch 14991, test loss = 0.1985
...model saved to 15_exp/models/FloydWarshallDataset_vanilla_0.0001_20000_20260401_013540_relu_best.pth...20260401_040048
At epoch 15205, test loss = 0.1949
...model saved to 15_exp/models/FloydWarshallDataset_vanilla_0.0001_20000_20260401_013540_relu_best.pth...20260401_040252
At epoch 15206, test loss = 0.1922
...model saved to 15_exp/models/FloydWarshallDataset_vanilla_0.0001_20000_20260401_013540_relu_best.pth...20260401_040253
At epoch 15208, test loss = 0.1893
...model saved to 15_exp/models/FloydWarshallDataset_vanilla_0.0001_20000_20260401_013540_relu_best.pth...20260401_040254
At epoch 15739, test loss = 0.1872
...model saved to 15_exp/models/FloydWarshallDataset_vanilla_0.0001_20000_20260401_013540_relu_best.pth...20260401_040803
At epoch 16205, test loss = 0.1855
...model saved to 15_exp/models/FloydWarshallDataset_vanilla_0.0001_20000_20260401_013540_relu_best.pth...20260401_041229
At epoch 16209, test loss = 0.1837
...model saved to 15_exp/models/FloydWarshallDataset_vanilla_0.0001_20000_20260401_013540_relu_best.pth...20260401_041231
At epoch 16237, test loss = 0.1793
...model saved to 15_exp/models/FloydWarshallDataset_vanilla_0.0001_20000_20260401_013540_relu_best.pth...20260401_041248
At epoch 16366, test loss = 0.1777
...model saved to 15_exp/models/FloydWarshallDataset_vanilla_0.0001_20000_20260401_013540_relu_best.pth...20260401_041403
At epoch 16372, test loss = 0.1759
...model saved to 15_exp/models/FloydWarshallDataset_vanilla_0.0001_20000_20260401_013540_relu_best.pth...20260401_041407
At epoch 16375, test loss = 0.1738
...model saved to 15_exp/models/FloydWarshallDataset_vanilla_0.0001_20000_20260401_013540_relu_best.pth...20260401_041409
At epoch 16727, test loss = 0.1635
...model saved to 15_exp/models/FloydWarshallDataset_vanilla_0.0001_20000_20260401_013540_relu_best.pth...20260401_041731
At epoch 17475, test loss = 0.1581
...model saved to 15_exp/models/FloydWarshallDataset_vanilla_0.0001_20000_20260401_013540_relu_best.pth...20260401_042422
At epoch 17561, test loss = 0.1574
...model saved to 15_exp/models/FloydWarshallDataset_vanilla_0.0001_20000_20260401_013540_relu_best.pth...20260401_042512
At epoch 17566, test loss = 0.1571
...model saved to 15_exp/models/FloydWarshallDataset_vanilla_0.0001_20000_20260401_013540_relu_best.pth...20260401_042515
At epoch 17569, test loss = 0.1554
...model saved to 15_exp/models/FloydWarshallDataset_vanilla_0.0001_20000_20260401_013540_relu_best.pth...20260401_042517
At epoch 17648, test loss = 0.1550
...model saved to 15_exp/models/FloydWarshallDataset_vanilla_0.0001_20000_20260401_013540_relu_best.pth...20260401_042603
At epoch 17879, test loss = 0.1547
...model saved to 15_exp/models/FloydWarshallDataset_vanilla_0.0001_20000_20260401_013540_relu_best.pth...20260401_042819
At epoch 17906, test loss = 0.1537
...model saved to 15_exp/models/FloydWarshallDataset_vanilla_0.0001_20000_20260401_013540_relu_best.pth...20260401_042835
At epoch 17908, test loss = 0.1513
...model saved to 15_exp/models/FloydWarshallDataset_vanilla_0.0001_20000_20260401_013540_relu_best.pth...20260401_042836
At epoch 17928, test loss = 0.1492
...model saved to 15_exp/models/FloydWarshallDataset_vanilla_0.0001_20000_20260401_013540_relu_best.pth...20260401_042848
At epoch 17960, test loss = 0.1490
...model saved to 15_exp/models/FloydWarshallDataset_vanilla_0.0001_20000_20260401_013540_relu_best.pth...20260401_042907
At epoch 18220, test loss = 0.1455
...model saved to 15_exp/models/FloydWarshallDataset_vanilla_0.0001_20000_20260401_013540_relu_best.pth...20260401_043140
At epoch 18254, test loss = 0.1430
...model saved to 15_exp/models/FloydWarshallDataset_vanilla_0.0001_20000_20260401_013540_relu_best.pth...20260401_043159
...plot saved to 15_exp/plots/plots_FloydWarshallDataset_vanilla_0.0001_20000_20260401_013540_relu.png...
