
The following have been reloaded with a version change:
  1) cudatoolkit/12.4 => cudatoolkit/12.9

Traceback (most recent call last):
  File "/global/u2/t/tmishra/Tropical-Attention/experiment.py", line 570, in <module>
    experiment.run()
  File "/global/u2/t/tmishra/Tropical-Attention/experiment.py", line 128, in run
    self.train_model()
  File "/global/u2/t/tmishra/Tropical-Attention/experiment.py", line 508, in train_model
    self._train_one_epoch(epoch)
  File "/global/u2/t/tmishra/Tropical-Attention/experiment.py", line 437, in _train_one_epoch
    pred = self.model(x)
           ^^^^^^^^^^^^^
  File "/global/homes/t/tmishra/.conda/envs/tropical_attention/lib/python3.12/site-packages/torch/nn/modules/module.py", line 1739, in _wrapped_call_impl
    return self._call_impl(*args, **kwargs)
           ^^^^^^^^^^^^^^^^^^^^^^^^^^^^^^^^
  File "/global/homes/t/tmishra/.conda/envs/tropical_attention/lib/python3.12/site-packages/torch/nn/modules/module.py", line 1750, in _call_impl
    return forward_call(*args, **kwargs)
           ^^^^^^^^^^^^^^^^^^^^^^^^^^^^^
  File "/global/u2/t/tmishra/Tropical-Attention/models.py", line 523, in forward
    pooled = torch.cat([pooled, projected_x], dim=-1)
             ^^^^^^^^^^^^^^^^^^^^^^^^^^^^^^^^^^^^^^^^
RuntimeError: Tensors must have same number of dimensions: got 2 and 4
