CUDA available? True
GPU device: NVIDIA A100-SXM4-80GB
CUDA_VISIBLE_DEVICES=0,1,2,3
SLURM_JOB_GPUS=0,1,2,3

 Running config: {'task': 'train', 'model_type': 'vanilla', 'dataset_name': 'FloydWarshallDataset', 'input_dim': 3, 'd_model': 64, 'n_heads': 8, 'num_layers': 6, 'num_epochs': 100, 'dropout': 0.05, 'lr': 0.0001, 'seed': 999, 'n_samples': 100000, 'batch_size': 16, 'target_range': 'na', 'weight_range': 'na', 'adversarial_range': '(10,20)', 'length_range': '(8,8)', 'noise_prob': 0, 'value_range': '(1,15)'}
FloydWarshallDataset_vanilla_0.0001_100_20260302_230555_relu
...setting dataloader...20260302_230555
...setting model object...20260302_230620
...training model...20260302_230620
At epoch 0, test loss = 33.5190
...model saved to 15_exp/models/FloydWarshallDataset_vanilla_0.0001_100_20260302_230555_relu_best.pth...20260302_230756
At epoch 1, test loss = 32.6992
...model saved to 15_exp/models/FloydWarshallDataset_vanilla_0.0001_100_20260302_230555_relu_best.pth...20260302_230919
At epoch 2, test loss = 31.8176
...model saved to 15_exp/models/FloydWarshallDataset_vanilla_0.0001_100_20260302_230555_relu_best.pth...20260302_231041
At epoch 3, test loss = 29.4336
...model saved to 15_exp/models/FloydWarshallDataset_vanilla_0.0001_100_20260302_230555_relu_best.pth...20260302_231203
At epoch 4, test loss = 26.5864
...model saved to 15_exp/models/FloydWarshallDataset_vanilla_0.0001_100_20260302_230555_relu_best.pth...20260302_231325
At epoch 5, test loss = 23.8543
...model saved to 15_exp/models/FloydWarshallDataset_vanilla_0.0001_100_20260302_230555_relu_best.pth...20260302_231448
At epoch 6, test loss = 20.2646
...model saved to 15_exp/models/FloydWarshallDataset_vanilla_0.0001_100_20260302_230555_relu_best.pth...20260302_231610
At epoch 7, test loss = 17.4710
...model saved to 15_exp/models/FloydWarshallDataset_vanilla_0.0001_100_20260302_230555_relu_best.pth...20260302_231733
At epoch 8, test loss = 15.0975
...model saved to 15_exp/models/FloydWarshallDataset_vanilla_0.0001_100_20260302_230555_relu_best.pth...20260302_231855
At epoch 9, test loss = 12.9469
...model saved to 15_exp/models/FloydWarshallDataset_vanilla_0.0001_100_20260302_230555_relu_best.pth...20260302_232017
At epoch 10, test loss = 11.5675
...model saved to 15_exp/models/FloydWarshallDataset_vanilla_0.0001_100_20260302_230555_relu_best.pth...20260302_232140
At epoch 11, test loss = 11.2315
...model saved to 15_exp/models/FloydWarshallDataset_vanilla_0.0001_100_20260302_230555_relu_best.pth...20260302_232303
At epoch 12, test loss = 10.6492
...model saved to 15_exp/models/FloydWarshallDataset_vanilla_0.0001_100_20260302_230555_relu_best.pth...20260302_232426
At epoch 13, test loss = 10.2072
...model saved to 15_exp/models/FloydWarshallDataset_vanilla_0.0001_100_20260302_230555_relu_best.pth...20260302_232548
At epoch 14, test loss = 9.8798
...model saved to 15_exp/models/FloydWarshallDataset_vanilla_0.0001_100_20260302_230555_relu_best.pth...20260302_232711
At epoch 16, test loss = 9.3839
...model saved to 15_exp/models/FloydWarshallDataset_vanilla_0.0001_100_20260302_230555_relu_best.pth...20260302_232955
At epoch 17, test loss = 9.1965
...model saved to 15_exp/models/FloydWarshallDataset_vanilla_0.0001_100_20260302_230555_relu_best.pth...20260302_233121
At epoch 18, test loss = 8.9301
...model saved to 15_exp/models/FloydWarshallDataset_vanilla_0.0001_100_20260302_230555_relu_best.pth...20260302_233244
At epoch 22, test loss = 8.4895
...model saved to 15_exp/models/FloydWarshallDataset_vanilla_0.0001_100_20260302_230555_relu_best.pth...20260302_233814
At epoch 23, test loss = 8.3994
...model saved to 15_exp/models/FloydWarshallDataset_vanilla_0.0001_100_20260302_230555_relu_best.pth...20260302_233942
At epoch 24, test loss = 8.2541
...model saved to 15_exp/models/FloydWarshallDataset_vanilla_0.0001_100_20260302_230555_relu_best.pth...20260302_234105
At epoch 26, test loss = 7.9742
...model saved to 15_exp/models/FloydWarshallDataset_vanilla_0.0001_100_20260302_230555_relu_best.pth...20260302_234359
At epoch 28, test loss = 7.8527
...model saved to 15_exp/models/FloydWarshallDataset_vanilla_0.0001_100_20260302_230555_relu_best.pth...20260302_234655
At epoch 32, test loss = 7.1369
...model saved to 15_exp/models/FloydWarshallDataset_vanilla_0.0001_100_20260302_230555_relu_best.pth...20260302_235237
At epoch 34, test loss = 6.1839
...model saved to 15_exp/models/FloydWarshallDataset_vanilla_0.0001_100_20260302_230555_relu_best.pth...20260302_235519
At epoch 35, test loss = 5.6756
...model saved to 15_exp/models/FloydWarshallDataset_vanilla_0.0001_100_20260302_230555_relu_best.pth...20260302_235641
At epoch 38, test loss = 5.1103
...model saved to 15_exp/models/FloydWarshallDataset_vanilla_0.0001_100_20260302_230555_relu_best.pth...20260303_000047
At epoch 39, test loss = 4.7747
...model saved to 15_exp/models/FloydWarshallDataset_vanilla_0.0001_100_20260302_230555_relu_best.pth...20260303_000208
At epoch 40, test loss = 4.7504
...model saved to 15_exp/models/FloydWarshallDataset_vanilla_0.0001_100_20260302_230555_relu_best.pth...20260303_000330
At epoch 41, test loss = 4.4716
...model saved to 15_exp/models/FloydWarshallDataset_vanilla_0.0001_100_20260302_230555_relu_best.pth...20260303_000453
At epoch 42, test loss = 4.0830
...model saved to 15_exp/models/FloydWarshallDataset_vanilla_0.0001_100_20260302_230555_relu_best.pth...20260303_000615
At epoch 43, test loss = 4.0573
...model saved to 15_exp/models/FloydWarshallDataset_vanilla_0.0001_100_20260302_230555_relu_best.pth...20260303_000737
At epoch 44, test loss = 3.9919
...model saved to 15_exp/models/FloydWarshallDataset_vanilla_0.0001_100_20260302_230555_relu_best.pth...20260303_000900
At epoch 45, test loss = 3.5577
...model saved to 15_exp/models/FloydWarshallDataset_vanilla_0.0001_100_20260302_230555_relu_best.pth...20260303_001027
At epoch 48, test loss = 3.3160
...model saved to 15_exp/models/FloydWarshallDataset_vanilla_0.0001_100_20260302_230555_relu_best.pth...20260303_001433
At epoch 49, test loss = 3.2802
...model saved to 15_exp/models/FloydWarshallDataset_vanilla_0.0001_100_20260302_230555_relu_best.pth...20260303_001555
At epoch 53, test loss = 3.1953
...model saved to 15_exp/models/FloydWarshallDataset_vanilla_0.0001_100_20260302_230555_relu_best.pth...20260303_002124
At epoch 55, test loss = 3.1504
...model saved to 15_exp/models/FloydWarshallDataset_vanilla_0.0001_100_20260302_230555_relu_best.pth...20260303_002410
At epoch 57, test loss = 2.9590
...model saved to 15_exp/models/FloydWarshallDataset_vanilla_0.0001_100_20260302_230555_relu_best.pth...20260303_002656
At epoch 58, test loss = 2.9177
...model saved to 15_exp/models/FloydWarshallDataset_vanilla_0.0001_100_20260302_230555_relu_best.pth...20260303_002818
At epoch 59, test loss = 2.8341
...model saved to 15_exp/models/FloydWarshallDataset_vanilla_0.0001_100_20260302_230555_relu_best.pth...20260303_002941
At epoch 62, test loss = 2.7579
...model saved to 15_exp/models/FloydWarshallDataset_vanilla_0.0001_100_20260302_230555_relu_best.pth...20260303_003349
At epoch 66, test loss = 2.7441
...model saved to 15_exp/models/FloydWarshallDataset_vanilla_0.0001_100_20260302_230555_relu_best.pth...20260303_003919
At epoch 67, test loss = 2.6731
...model saved to 15_exp/models/FloydWarshallDataset_vanilla_0.0001_100_20260302_230555_relu_best.pth...20260303_004042
At epoch 68, test loss = 2.6628
...model saved to 15_exp/models/FloydWarshallDataset_vanilla_0.0001_100_20260302_230555_relu_best.pth...20260303_004204
At epoch 70, test loss = 2.3799
...model saved to 15_exp/models/FloydWarshallDataset_vanilla_0.0001_100_20260302_230555_relu_best.pth...20260303_004449
At epoch 76, test loss = 2.3369
...model saved to 15_exp/models/FloydWarshallDataset_vanilla_0.0001_100_20260302_230555_relu_best.pth...20260303_005303
At epoch 79, test loss = 2.3320
...model saved to 15_exp/models/FloydWarshallDataset_vanilla_0.0001_100_20260302_230555_relu_best.pth...20260303_005711
At epoch 80, test loss = 2.3018
...model saved to 15_exp/models/FloydWarshallDataset_vanilla_0.0001_100_20260302_230555_relu_best.pth...20260303_005834
At epoch 85, test loss = 2.1602
...model saved to 15_exp/models/FloydWarshallDataset_vanilla_0.0001_100_20260302_230555_relu_best.pth...20260303_010526
At epoch 86, test loss = 2.1565
...model saved to 15_exp/models/FloydWarshallDataset_vanilla_0.0001_100_20260302_230555_relu_best.pth...20260303_010649
At epoch 92, test loss = 2.1207
...model saved to 15_exp/models/FloydWarshallDataset_vanilla_0.0001_100_20260302_230555_relu_best.pth...20260303_011510
At epoch 93, test loss = 2.0754
...model saved to 15_exp/models/FloydWarshallDataset_vanilla_0.0001_100_20260302_230555_relu_best.pth...20260303_011633
At epoch 98, test loss = 2.0452
...model saved to 15_exp/models/FloydWarshallDataset_vanilla_0.0001_100_20260302_230555_relu_best.pth...20260303_012330
At epoch 99, test loss = 2.0278
...model saved to 15_exp/models/FloydWarshallDataset_vanilla_0.0001_100_20260302_230555_relu_best.pth...20260303_012456
...plot saved to 15_exp/plots/plots_FloydWarshallDataset_vanilla_0.0001_100_20260302_230555_relu.png...
