CUDA available? True
GPU device: NVIDIA A100-SXM4-40GB
CUDA_VISIBLE_DEVICES=0,1,2,3
SLURM_JOB_GPUS=0,1,2,3

 Running config: {'task': 'train', 'model_type': 'tropical', 'dataset_name': 'FloydWarshallDataset', 'input_dim': 3, 'd_model': 64, 'n_heads': 4, 'num_layers': 2, 'num_epochs': 100, 'dropout': 0.05, 'lr': 0.0001, 'seed': 999, 'n_samples': 100000, 'batch_size': 16, 'target_range': 'na', 'weight_range': 'na', 'adversarial_range': '(10,20)', 'length_range': '(8,8)', 'noise_prob': 0, 'value_range': '(1,15)'}
FloydWarshallDataset_tropical_0.0001_100_20251104_115054_relu
...setting dataloader...20251104_115054
...setting model object...20251104_115118
2
...training model...20251104_115118
...model saved to 15_exp/models/FloydWarshallDataset_tropical_0.0001_100_20251104_115054_relu_best.pth...20251104_115232
...model saved to 15_exp/models/FloydWarshallDataset_tropical_0.0001_100_20251104_115054_relu_best.pth...20251104_115317
...model saved to 15_exp/models/FloydWarshallDataset_tropical_0.0001_100_20251104_115054_relu_best.pth...20251104_115402
...model saved to 15_exp/models/FloydWarshallDataset_tropical_0.0001_100_20251104_115054_relu_best.pth...20251104_115447
...model saved to 15_exp/models/FloydWarshallDataset_tropical_0.0001_100_20251104_115054_relu_best.pth...20251104_115529
...model saved to 15_exp/models/FloydWarshallDataset_tropical_0.0001_100_20251104_115054_relu_best.pth...20251104_115611
...model saved to 15_exp/models/FloydWarshallDataset_tropical_0.0001_100_20251104_115054_relu_best.pth...20251104_115652
...model saved to 15_exp/models/FloydWarshallDataset_tropical_0.0001_100_20251104_115054_relu_best.pth...20251104_115733
...model saved to 15_exp/models/FloydWarshallDataset_tropical_0.0001_100_20251104_115054_relu_best.pth...20251104_115815
...model saved to 15_exp/models/FloydWarshallDataset_tropical_0.0001_100_20251104_115054_relu_best.pth...20251104_122326
...model saved to 15_exp/models/FloydWarshallDataset_tropical_0.0001_100_20251104_115054_relu_best.pth...20251104_122411
...model saved to 15_exp/models/FloydWarshallDataset_tropical_0.0001_100_20251104_115054_relu_best.pth...20251104_122456
...model saved to 15_exp/models/FloydWarshallDataset_tropical_0.0001_100_20251104_115054_relu_best.pth...20251104_122540
...model saved to 15_exp/models/FloydWarshallDataset_tropical_0.0001_100_20251104_115054_relu_best.pth...20251104_122706
...model saved to 15_exp/models/FloydWarshallDataset_tropical_0.0001_100_20251104_115054_relu_best.pth...20251104_122751
...model saved to 15_exp/models/FloydWarshallDataset_tropical_0.0001_100_20251104_115054_relu_best.pth...20251104_123719
...model saved to 15_exp/models/FloydWarshallDataset_tropical_0.0001_100_20251104_115054_relu_best.pth...20251104_123759
...model saved to 15_exp/models/FloydWarshallDataset_tropical_0.0001_100_20251104_115054_relu_best.pth...20251104_124656
...model saved to 15_exp/models/FloydWarshallDataset_tropical_0.0001_100_20251104_115054_relu_best.pth...20251104_124736
...model saved to 15_exp/models/FloydWarshallDataset_tropical_0.0001_100_20251104_115054_relu_best.pth...20251104_124816
...model saved to 15_exp/models/FloydWarshallDataset_tropical_0.0001_100_20251104_115054_relu_best.pth...20251104_124856
...model saved to 15_exp/models/FloydWarshallDataset_tropical_0.0001_100_20251104_115054_relu_best.pth...20251104_124936
...model saved to 15_exp/models/FloydWarshallDataset_tropical_0.0001_100_20251104_115054_relu_best.pth...20251104_125016
...model saved to 15_exp/models/FloydWarshallDataset_tropical_0.0001_100_20251104_115054_relu_best.pth...20251104_125055
...model saved to 15_exp/models/FloydWarshallDataset_tropical_0.0001_100_20251104_115054_relu_best.pth...20251104_125135
...model saved to 15_exp/models/FloydWarshallDataset_tropical_0.0001_100_20251104_115054_relu_best.pth...20251104_125215
...model saved to 15_exp/models/FloydWarshallDataset_tropical_0.0001_100_20251104_115054_relu_best.pth...20251104_125255
...model saved to 15_exp/models/FloydWarshallDataset_tropical_0.0001_100_20251104_115054_relu_best.pth...20251104_125334
...model saved to 15_exp/models/FloydWarshallDataset_tropical_0.0001_100_20251104_115054_relu_best.pth...20251104_125415
...model saved to 15_exp/models/FloydWarshallDataset_tropical_0.0001_100_20251104_115054_relu_best.pth...20251104_125455
...model saved to 15_exp/models/FloydWarshallDataset_tropical_0.0001_100_20251104_115054_relu_best.pth...20251104_125535
...model saved to 15_exp/models/FloydWarshallDataset_tropical_0.0001_100_20251104_115054_relu_best.pth...20251104_125614
...model saved to 15_exp/models/FloydWarshallDataset_tropical_0.0001_100_20251104_115054_relu_best.pth...20251104_125658
...model saved to 15_exp/models/FloydWarshallDataset_tropical_0.0001_100_20251104_115054_relu_best.pth...20251104_125741
...model saved to 15_exp/models/FloydWarshallDataset_tropical_0.0001_100_20251104_115054_relu_best.pth...20251104_125824
...model saved to 15_exp/models/FloydWarshallDataset_tropical_0.0001_100_20251104_115054_relu_best.pth...20251104_125909
...model saved to 15_exp/models/FloydWarshallDataset_tropical_0.0001_100_20251104_115054_relu_best.pth...20251104_130120
...model saved to 15_exp/models/FloydWarshallDataset_tropical_0.0001_100_20251104_115054_relu_best.pth...20251104_130205
...model saved to 15_exp/models/FloydWarshallDataset_tropical_0.0001_100_20251104_115054_relu_best.pth...20251104_130249
...plot saved to 15_exp/plots/plots_FloydWarshallDataset_tropical_0.0001_100_20251104_115054_relu.png...
