CUDA available? True
GPU device: NVIDIA A100-SXM4-40GB
CUDA_VISIBLE_DEVICES=0,1,2,3
SLURM_JOB_GPUS=0,1,2,3

 Running config: {'task': 'train', 'model_type': 'tropical', 'dataset_name': 'FloydWarshallDataset', 'input_dim': 3, 'd_model': 64, 'n_heads': 4, 'num_layers': 4, 'num_epochs': 20000, 'dropout': 0.05, 'lr': 0.0001, 'seed': 999, 'n_samples': 50000, 'batch_size': 1000, 'target_range': 'na', 'weight_range': 'na', 'adversarial_range': '(10,20)', 'length_range': '(8,8)', 'noise_prob': 0, 'value_range': '(1,15)'}
FloydWarshallDataset_tropical_0.0001_20000_20260312_112024_relu
...setting dataloader...20260312_112024
...setting model object...20260312_112036
...training model...20260312_112036
At epoch 0, test loss = 98.7274
...model saved to 15_exp/models/FloydWarshallDataset_tropical_0.0001_20000_20260312_112024_relu_best.pth...20260312_112133
At epoch 1, test loss = 82.2525
...model saved to 15_exp/models/FloydWarshallDataset_tropical_0.0001_20000_20260312_112024_relu_best.pth...20260312_112133
At epoch 2, test loss = 63.2344
...model saved to 15_exp/models/FloydWarshallDataset_tropical_0.0001_20000_20260312_112024_relu_best.pth...20260312_112134
At epoch 3, test loss = 52.5986
...model saved to 15_exp/models/FloydWarshallDataset_tropical_0.0001_20000_20260312_112024_relu_best.pth...20260312_112135
At epoch 4, test loss = 48.3343
...model saved to 15_exp/models/FloydWarshallDataset_tropical_0.0001_20000_20260312_112024_relu_best.pth...20260312_112136
At epoch 5, test loss = 46.3861
...model saved to 15_exp/models/FloydWarshallDataset_tropical_0.0001_20000_20260312_112024_relu_best.pth...20260312_112136
At epoch 6, test loss = 44.1078
...model saved to 15_exp/models/FloydWarshallDataset_tropical_0.0001_20000_20260312_112024_relu_best.pth...20260312_112137
At epoch 7, test loss = 42.7406
...model saved to 15_exp/models/FloydWarshallDataset_tropical_0.0001_20000_20260312_112024_relu_best.pth...20260312_112138
At epoch 8, test loss = 42.0711
...model saved to 15_exp/models/FloydWarshallDataset_tropical_0.0001_20000_20260312_112024_relu_best.pth...20260312_112139
At epoch 9, test loss = 41.5998
...model saved to 15_exp/models/FloydWarshallDataset_tropical_0.0001_20000_20260312_112024_relu_best.pth...20260312_112139
At epoch 10, test loss = 41.1623
...model saved to 15_exp/models/FloydWarshallDataset_tropical_0.0001_20000_20260312_112024_relu_best.pth...20260312_112140
At epoch 11, test loss = 40.6629
...model saved to 15_exp/models/FloydWarshallDataset_tropical_0.0001_20000_20260312_112024_relu_best.pth...20260312_112141
At epoch 12, test loss = 40.2024
...model saved to 15_exp/models/FloydWarshallDataset_tropical_0.0001_20000_20260312_112024_relu_best.pth...20260312_112142
At epoch 13, test loss = 39.6330
...model saved to 15_exp/models/FloydWarshallDataset_tropical_0.0001_20000_20260312_112024_relu_best.pth...20260312_112142
At epoch 14, test loss = 39.1616
...model saved to 15_exp/models/FloydWarshallDataset_tropical_0.0001_20000_20260312_112024_relu_best.pth...20260312_112143
At epoch 15, test loss = 38.6161
...model saved to 15_exp/models/FloydWarshallDataset_tropical_0.0001_20000_20260312_112024_relu_best.pth...20260312_112144
At epoch 16, test loss = 38.1785
...model saved to 15_exp/models/FloydWarshallDataset_tropical_0.0001_20000_20260312_112024_relu_best.pth...20260312_112145
At epoch 17, test loss = 37.6600
...model saved to 15_exp/models/FloydWarshallDataset_tropical_0.0001_20000_20260312_112024_relu_best.pth...20260312_112145
At epoch 18, test loss = 37.1343
...model saved to 15_exp/models/FloydWarshallDataset_tropical_0.0001_20000_20260312_112024_relu_best.pth...20260312_112146
At epoch 19, test loss = 36.7302
...model saved to 15_exp/models/FloydWarshallDataset_tropical_0.0001_20000_20260312_112024_relu_best.pth...20260312_112147
At epoch 20, test loss = 36.3105
...model saved to 15_exp/models/FloydWarshallDataset_tropical_0.0001_20000_20260312_112024_relu_best.pth...20260312_112148
At epoch 21, test loss = 35.8652
...model saved to 15_exp/models/FloydWarshallDataset_tropical_0.0001_20000_20260312_112024_relu_best.pth...20260312_112148
At epoch 22, test loss = 35.5028
...model saved to 15_exp/models/FloydWarshallDataset_tropical_0.0001_20000_20260312_112024_relu_best.pth...20260312_112149
At epoch 23, test loss = 35.2165
...model saved to 15_exp/models/FloydWarshallDataset_tropical_0.0001_20000_20260312_112024_relu_best.pth...20260312_112150
At epoch 24, test loss = 34.8617
...model saved to 15_exp/models/FloydWarshallDataset_tropical_0.0001_20000_20260312_112024_relu_best.pth...20260312_112150
At epoch 25, test loss = 34.6724
...model saved to 15_exp/models/FloydWarshallDataset_tropical_0.0001_20000_20260312_112024_relu_best.pth...20260312_112151
At epoch 26, test loss = 34.4632
...model saved to 15_exp/models/FloydWarshallDataset_tropical_0.0001_20000_20260312_112024_relu_best.pth...20260312_112152
At epoch 27, test loss = 34.2050
...model saved to 15_exp/models/FloydWarshallDataset_tropical_0.0001_20000_20260312_112024_relu_best.pth...20260312_112153
At epoch 28, test loss = 34.0572
...model saved to 15_exp/models/FloydWarshallDataset_tropical_0.0001_20000_20260312_112024_relu_best.pth...20260312_112153
At epoch 30, test loss = 33.6822
...model saved to 15_exp/models/FloydWarshallDataset_tropical_0.0001_20000_20260312_112024_relu_best.pth...20260312_112155
At epoch 31, test loss = 33.6374
...model saved to 15_exp/models/FloydWarshallDataset_tropical_0.0001_20000_20260312_112024_relu_best.pth...20260312_112156
At epoch 32, test loss = 33.4170
...model saved to 15_exp/models/FloydWarshallDataset_tropical_0.0001_20000_20260312_112024_relu_best.pth...20260312_112156
At epoch 33, test loss = 33.3119
...model saved to 15_exp/models/FloydWarshallDataset_tropical_0.0001_20000_20260312_112024_relu_best.pth...20260312_112157
At epoch 34, test loss = 33.3101
...model saved to 15_exp/models/FloydWarshallDataset_tropical_0.0001_20000_20260312_112024_relu_best.pth...20260312_112158
At epoch 35, test loss = 33.0881
...model saved to 15_exp/models/FloydWarshallDataset_tropical_0.0001_20000_20260312_112024_relu_best.pth...20260312_112159
At epoch 38, test loss = 32.9602
...model saved to 15_exp/models/FloydWarshallDataset_tropical_0.0001_20000_20260312_112024_relu_best.pth...20260312_112201
At epoch 39, test loss = 32.7835
...model saved to 15_exp/models/FloydWarshallDataset_tropical_0.0001_20000_20260312_112024_relu_best.pth...20260312_112202
At epoch 41, test loss = 32.6908
...model saved to 15_exp/models/FloydWarshallDataset_tropical_0.0001_20000_20260312_112024_relu_best.pth...20260312_112203
At epoch 42, test loss = 32.6279
...model saved to 15_exp/models/FloydWarshallDataset_tropical_0.0001_20000_20260312_112024_relu_best.pth...20260312_112204
At epoch 45, test loss = 32.5940
...model saved to 15_exp/models/FloydWarshallDataset_tropical_0.0001_20000_20260312_112024_relu_best.pth...20260312_112206
At epoch 46, test loss = 32.5458
...model saved to 15_exp/models/FloydWarshallDataset_tropical_0.0001_20000_20260312_112024_relu_best.pth...20260312_112207
At epoch 55, test loss = 32.4346
...model saved to 15_exp/models/FloydWarshallDataset_tropical_0.0001_20000_20260312_112024_relu_best.pth...20260312_112213
At epoch 60, test loss = 32.4339
...model saved to 15_exp/models/FloydWarshallDataset_tropical_0.0001_20000_20260312_112024_relu_best.pth...20260312_112217
At epoch 63, test loss = 32.4104
...model saved to 15_exp/models/FloydWarshallDataset_tropical_0.0001_20000_20260312_112024_relu_best.pth...20260312_112219
At epoch 64, test loss = 32.3757
...model saved to 15_exp/models/FloydWarshallDataset_tropical_0.0001_20000_20260312_112024_relu_best.pth...20260312_112220
At epoch 72, test loss = 32.3561
...model saved to 15_exp/models/FloydWarshallDataset_tropical_0.0001_20000_20260312_112024_relu_best.pth...20260312_112225
At epoch 78, test loss = 32.2985
...model saved to 15_exp/models/FloydWarshallDataset_tropical_0.0001_20000_20260312_112024_relu_best.pth...20260312_112230
At epoch 81, test loss = 32.1832
...model saved to 15_exp/models/FloydWarshallDataset_tropical_0.0001_20000_20260312_112024_relu_best.pth...20260312_112232
At epoch 86, test loss = 32.1659
...model saved to 15_exp/models/FloydWarshallDataset_tropical_0.0001_20000_20260312_112024_relu_best.pth...20260312_112235
At epoch 90, test loss = 32.1594
...model saved to 15_exp/models/FloydWarshallDataset_tropical_0.0001_20000_20260312_112024_relu_best.pth...20260312_112238
At epoch 91, test loss = 32.0581
...model saved to 15_exp/models/FloydWarshallDataset_tropical_0.0001_20000_20260312_112024_relu_best.pth...20260312_112239
At epoch 92, test loss = 31.9795
...model saved to 15_exp/models/FloydWarshallDataset_tropical_0.0001_20000_20260312_112024_relu_best.pth...20260312_112240
At epoch 94, test loss = 31.9668
...model saved to 15_exp/models/FloydWarshallDataset_tropical_0.0001_20000_20260312_112024_relu_best.pth...20260312_112241
At epoch 95, test loss = 31.9101
...model saved to 15_exp/models/FloydWarshallDataset_tropical_0.0001_20000_20260312_112024_relu_best.pth...20260312_112242
At epoch 97, test loss = 31.8082
...model saved to 15_exp/models/FloydWarshallDataset_tropical_0.0001_20000_20260312_112024_relu_best.pth...20260312_112243
At epoch 98, test loss = 31.6199
...model saved to 15_exp/models/FloydWarshallDataset_tropical_0.0001_20000_20260312_112024_relu_best.pth...20260312_112244
At epoch 101, test loss = 31.5508
...model saved to 15_exp/models/FloydWarshallDataset_tropical_0.0001_20000_20260312_112024_relu_best.pth...20260312_112246
At epoch 102, test loss = 31.4965
...model saved to 15_exp/models/FloydWarshallDataset_tropical_0.0001_20000_20260312_112024_relu_best.pth...20260312_112247
At epoch 103, test loss = 31.4003
...model saved to 15_exp/models/FloydWarshallDataset_tropical_0.0001_20000_20260312_112024_relu_best.pth...20260312_112248
At epoch 106, test loss = 31.2876
...model saved to 15_exp/models/FloydWarshallDataset_tropical_0.0001_20000_20260312_112024_relu_best.pth...20260312_112250
At epoch 107, test loss = 31.2666
...model saved to 15_exp/models/FloydWarshallDataset_tropical_0.0001_20000_20260312_112024_relu_best.pth...20260312_112251
At epoch 108, test loss = 31.1552
...model saved to 15_exp/models/FloydWarshallDataset_tropical_0.0001_20000_20260312_112024_relu_best.pth...20260312_112252
At epoch 111, test loss = 31.1007
...model saved to 15_exp/models/FloydWarshallDataset_tropical_0.0001_20000_20260312_112024_relu_best.pth...20260312_112254
At epoch 112, test loss = 30.9027
...model saved to 15_exp/models/FloydWarshallDataset_tropical_0.0001_20000_20260312_112024_relu_best.pth...20260312_112254
At epoch 113, test loss = 30.8811
...model saved to 15_exp/models/FloydWarshallDataset_tropical_0.0001_20000_20260312_112024_relu_best.pth...20260312_112255
At epoch 115, test loss = 30.8084
...model saved to 15_exp/models/FloydWarshallDataset_tropical_0.0001_20000_20260312_112024_relu_best.pth...20260312_112257
At epoch 116, test loss = 30.7480
...model saved to 15_exp/models/FloydWarshallDataset_tropical_0.0001_20000_20260312_112024_relu_best.pth...20260312_112258
At epoch 117, test loss = 30.7414
...model saved to 15_exp/models/FloydWarshallDataset_tropical_0.0001_20000_20260312_112024_relu_best.pth...20260312_112258
At epoch 118, test loss = 30.4707
...model saved to 15_exp/models/FloydWarshallDataset_tropical_0.0001_20000_20260312_112024_relu_best.pth...20260312_112259
At epoch 121, test loss = 30.4559
...model saved to 15_exp/models/FloydWarshallDataset_tropical_0.0001_20000_20260312_112024_relu_best.pth...20260312_112301
At epoch 122, test loss = 30.2820
...model saved to 15_exp/models/FloydWarshallDataset_tropical_0.0001_20000_20260312_112024_relu_best.pth...20260312_112302
At epoch 123, test loss = 30.0801
...model saved to 15_exp/models/FloydWarshallDataset_tropical_0.0001_20000_20260312_112024_relu_best.pth...20260312_112303
At epoch 124, test loss = 30.0216
...model saved to 15_exp/models/FloydWarshallDataset_tropical_0.0001_20000_20260312_112024_relu_best.pth...20260312_112303
At epoch 125, test loss = 29.8437
...model saved to 15_exp/models/FloydWarshallDataset_tropical_0.0001_20000_20260312_112024_relu_best.pth...20260312_112304
At epoch 126, test loss = 29.7565
...model saved to 15_exp/models/FloydWarshallDataset_tropical_0.0001_20000_20260312_112024_relu_best.pth...20260312_112305
At epoch 127, test loss = 29.7039
...model saved to 15_exp/models/FloydWarshallDataset_tropical_0.0001_20000_20260312_112024_relu_best.pth...20260312_112306
At epoch 128, test loss = 29.5328
...model saved to 15_exp/models/FloydWarshallDataset_tropical_0.0001_20000_20260312_112024_relu_best.pth...20260312_112306
At epoch 129, test loss = 29.5261
...model saved to 15_exp/models/FloydWarshallDataset_tropical_0.0001_20000_20260312_112024_relu_best.pth...20260312_112307
At epoch 130, test loss = 29.3236
...model saved to 15_exp/models/FloydWarshallDataset_tropical_0.0001_20000_20260312_112024_relu_best.pth...20260312_112308
At epoch 131, test loss = 29.3037
...model saved to 15_exp/models/FloydWarshallDataset_tropical_0.0001_20000_20260312_112024_relu_best.pth...20260312_112309
At epoch 132, test loss = 29.2522
...model saved to 15_exp/models/FloydWarshallDataset_tropical_0.0001_20000_20260312_112024_relu_best.pth...20260312_112309
At epoch 133, test loss = 29.0605
...model saved to 15_exp/models/FloydWarshallDataset_tropical_0.0001_20000_20260312_112024_relu_best.pth...20260312_112310
At epoch 135, test loss = 29.0515
...model saved to 15_exp/models/FloydWarshallDataset_tropical_0.0001_20000_20260312_112024_relu_best.pth...20260312_112312
At epoch 136, test loss = 28.9185
...model saved to 15_exp/models/FloydWarshallDataset_tropical_0.0001_20000_20260312_112024_relu_best.pth...20260312_112312
At epoch 137, test loss = 28.8668
...model saved to 15_exp/models/FloydWarshallDataset_tropical_0.0001_20000_20260312_112024_relu_best.pth...20260312_112313
At epoch 138, test loss = 28.5722
...model saved to 15_exp/models/FloydWarshallDataset_tropical_0.0001_20000_20260312_112024_relu_best.pth...20260312_112314
At epoch 139, test loss = 28.5156
...model saved to 15_exp/models/FloydWarshallDataset_tropical_0.0001_20000_20260312_112024_relu_best.pth...20260312_112315
At epoch 140, test loss = 28.4070
...model saved to 15_exp/models/FloydWarshallDataset_tropical_0.0001_20000_20260312_112024_relu_best.pth...20260312_112315
At epoch 142, test loss = 28.2003
...model saved to 15_exp/models/FloydWarshallDataset_tropical_0.0001_20000_20260312_112024_relu_best.pth...20260312_112317
At epoch 143, test loss = 28.0229
...model saved to 15_exp/models/FloydWarshallDataset_tropical_0.0001_20000_20260312_112024_relu_best.pth...20260312_112318
At epoch 144, test loss = 28.0175
...model saved to 15_exp/models/FloydWarshallDataset_tropical_0.0001_20000_20260312_112024_relu_best.pth...20260312_112318
At epoch 145, test loss = 27.9051
...model saved to 15_exp/models/FloydWarshallDataset_tropical_0.0001_20000_20260312_112024_relu_best.pth...20260312_112319
At epoch 146, test loss = 27.7669
...model saved to 15_exp/models/FloydWarshallDataset_tropical_0.0001_20000_20260312_112024_relu_best.pth...20260312_112320
At epoch 147, test loss = 27.7634
...model saved to 15_exp/models/FloydWarshallDataset_tropical_0.0001_20000_20260312_112024_relu_best.pth...20260312_112321
At epoch 148, test loss = 27.5993
...model saved to 15_exp/models/FloydWarshallDataset_tropical_0.0001_20000_20260312_112024_relu_best.pth...20260312_112321
At epoch 149, test loss = 27.3887
...model saved to 15_exp/models/FloydWarshallDataset_tropical_0.0001_20000_20260312_112024_relu_best.pth...20260312_112322
At epoch 150, test loss = 27.2060
...model saved to 15_exp/models/FloydWarshallDataset_tropical_0.0001_20000_20260312_112024_relu_best.pth...20260312_112323
At epoch 151, test loss = 27.1322
...model saved to 15_exp/models/FloydWarshallDataset_tropical_0.0001_20000_20260312_112024_relu_best.pth...20260312_112324
At epoch 152, test loss = 27.0558
...model saved to 15_exp/models/FloydWarshallDataset_tropical_0.0001_20000_20260312_112024_relu_best.pth...20260312_112325
At epoch 153, test loss = 26.8881
...model saved to 15_exp/models/FloydWarshallDataset_tropical_0.0001_20000_20260312_112024_relu_best.pth...20260312_112325
At epoch 154, test loss = 26.7248
...model saved to 15_exp/models/FloydWarshallDataset_tropical_0.0001_20000_20260312_112024_relu_best.pth...20260312_112326
At epoch 155, test loss = 26.5797
...model saved to 15_exp/models/FloydWarshallDataset_tropical_0.0001_20000_20260312_112024_relu_best.pth...20260312_112327
At epoch 156, test loss = 26.5279
...model saved to 15_exp/models/FloydWarshallDataset_tropical_0.0001_20000_20260312_112024_relu_best.pth...20260312_112328
At epoch 157, test loss = 26.4195
...model saved to 15_exp/models/FloydWarshallDataset_tropical_0.0001_20000_20260312_112024_relu_best.pth...20260312_112329
At epoch 158, test loss = 26.2904
...model saved to 15_exp/models/FloydWarshallDataset_tropical_0.0001_20000_20260312_112024_relu_best.pth...20260312_112329
At epoch 159, test loss = 26.1156
...model saved to 15_exp/models/FloydWarshallDataset_tropical_0.0001_20000_20260312_112024_relu_best.pth...20260312_112330
At epoch 160, test loss = 25.9548
...model saved to 15_exp/models/FloydWarshallDataset_tropical_0.0001_20000_20260312_112024_relu_best.pth...20260312_112331
At epoch 162, test loss = 25.7923
...model saved to 15_exp/models/FloydWarshallDataset_tropical_0.0001_20000_20260312_112024_relu_best.pth...20260312_112332
At epoch 165, test loss = 25.5781
...model saved to 15_exp/models/FloydWarshallDataset_tropical_0.0001_20000_20260312_112024_relu_best.pth...20260312_112335
At epoch 167, test loss = 25.2388
...model saved to 15_exp/models/FloydWarshallDataset_tropical_0.0001_20000_20260312_112024_relu_best.pth...20260312_112336
At epoch 170, test loss = 25.2222
...model saved to 15_exp/models/FloydWarshallDataset_tropical_0.0001_20000_20260312_112024_relu_best.pth...20260312_112338
At epoch 172, test loss = 24.5391
...model saved to 15_exp/models/FloydWarshallDataset_tropical_0.0001_20000_20260312_112024_relu_best.pth...20260312_112340
At epoch 173, test loss = 24.3317
...model saved to 15_exp/models/FloydWarshallDataset_tropical_0.0001_20000_20260312_112024_relu_best.pth...20260312_112341
At epoch 174, test loss = 24.2556
...model saved to 15_exp/models/FloydWarshallDataset_tropical_0.0001_20000_20260312_112024_relu_best.pth...20260312_112341
At epoch 175, test loss = 24.0820
...model saved to 15_exp/models/FloydWarshallDataset_tropical_0.0001_20000_20260312_112024_relu_best.pth...20260312_112342
At epoch 176, test loss = 24.0699
...model saved to 15_exp/models/FloydWarshallDataset_tropical_0.0001_20000_20260312_112024_relu_best.pth...20260312_112343
At epoch 177, test loss = 23.8024
...model saved to 15_exp/models/FloydWarshallDataset_tropical_0.0001_20000_20260312_112024_relu_best.pth...20260312_112344
At epoch 178, test loss = 23.7109
...model saved to 15_exp/models/FloydWarshallDataset_tropical_0.0001_20000_20260312_112024_relu_best.pth...20260312_112344
At epoch 179, test loss = 23.4999
...model saved to 15_exp/models/FloydWarshallDataset_tropical_0.0001_20000_20260312_112024_relu_best.pth...20260312_112345
At epoch 180, test loss = 23.4106
...model saved to 15_exp/models/FloydWarshallDataset_tropical_0.0001_20000_20260312_112024_relu_best.pth...20260312_112346
At epoch 181, test loss = 23.2415
...model saved to 15_exp/models/FloydWarshallDataset_tropical_0.0001_20000_20260312_112024_relu_best.pth...20260312_112347
At epoch 182, test loss = 23.1289
...model saved to 15_exp/models/FloydWarshallDataset_tropical_0.0001_20000_20260312_112024_relu_best.pth...20260312_112347
At epoch 184, test loss = 22.8925
...model saved to 15_exp/models/FloydWarshallDataset_tropical_0.0001_20000_20260312_112024_relu_best.pth...20260312_112349
At epoch 185, test loss = 22.8035
...model saved to 15_exp/models/FloydWarshallDataset_tropical_0.0001_20000_20260312_112024_relu_best.pth...20260312_112349
At epoch 186, test loss = 22.6157
...model saved to 15_exp/models/FloydWarshallDataset_tropical_0.0001_20000_20260312_112024_relu_best.pth...20260312_112350
At epoch 187, test loss = 22.4578
...model saved to 15_exp/models/FloydWarshallDataset_tropical_0.0001_20000_20260312_112024_relu_best.pth...20260312_112351
At epoch 189, test loss = 22.1925
...model saved to 15_exp/models/FloydWarshallDataset_tropical_0.0001_20000_20260312_112024_relu_best.pth...20260312_112353
At epoch 190, test loss = 22.1177
...model saved to 15_exp/models/FloydWarshallDataset_tropical_0.0001_20000_20260312_112024_relu_best.pth...20260312_112353
At epoch 191, test loss = 21.9300
...model saved to 15_exp/models/FloydWarshallDataset_tropical_0.0001_20000_20260312_112024_relu_best.pth...20260312_112354
At epoch 192, test loss = 21.8592
...model saved to 15_exp/models/FloydWarshallDataset_tropical_0.0001_20000_20260312_112024_relu_best.pth...20260312_112355
At epoch 193, test loss = 21.7517
...model saved to 15_exp/models/FloydWarshallDataset_tropical_0.0001_20000_20260312_112024_relu_best.pth...20260312_112356
At epoch 194, test loss = 21.5225
...model saved to 15_exp/models/FloydWarshallDataset_tropical_0.0001_20000_20260312_112024_relu_best.pth...20260312_112356
At epoch 195, test loss = 21.4124
...model saved to 15_exp/models/FloydWarshallDataset_tropical_0.0001_20000_20260312_112024_relu_best.pth...20260312_112357
At epoch 196, test loss = 21.3210
...model saved to 15_exp/models/FloydWarshallDataset_tropical_0.0001_20000_20260312_112024_relu_best.pth...20260312_112358
At epoch 197, test loss = 21.1436
...model saved to 15_exp/models/FloydWarshallDataset_tropical_0.0001_20000_20260312_112024_relu_best.pth...20260312_112359
At epoch 198, test loss = 21.0052
...model saved to 15_exp/models/FloydWarshallDataset_tropical_0.0001_20000_20260312_112024_relu_best.pth...20260312_112359
At epoch 199, test loss = 20.7523
...model saved to 15_exp/models/FloydWarshallDataset_tropical_0.0001_20000_20260312_112024_relu_best.pth...20260312_112400
At epoch 202, test loss = 20.5132
...model saved to 15_exp/models/FloydWarshallDataset_tropical_0.0001_20000_20260312_112024_relu_best.pth...20260312_112403
At epoch 204, test loss = 20.3704
...model saved to 15_exp/models/FloydWarshallDataset_tropical_0.0001_20000_20260312_112024_relu_best.pth...20260312_112404
At epoch 205, test loss = 20.0559
...model saved to 15_exp/models/FloydWarshallDataset_tropical_0.0001_20000_20260312_112024_relu_best.pth...20260312_112405
At epoch 206, test loss = 19.8416
...model saved to 15_exp/models/FloydWarshallDataset_tropical_0.0001_20000_20260312_112024_relu_best.pth...20260312_112406
At epoch 207, test loss = 19.6945
...model saved to 15_exp/models/FloydWarshallDataset_tropical_0.0001_20000_20260312_112024_relu_best.pth...20260312_112406
At epoch 208, test loss = 19.4738
...model saved to 15_exp/models/FloydWarshallDataset_tropical_0.0001_20000_20260312_112024_relu_best.pth...20260312_112407
At epoch 209, test loss = 19.3491
...model saved to 15_exp/models/FloydWarshallDataset_tropical_0.0001_20000_20260312_112024_relu_best.pth...20260312_112408
At epoch 210, test loss = 19.2618
...model saved to 15_exp/models/FloydWarshallDataset_tropical_0.0001_20000_20260312_112024_relu_best.pth...20260312_112409
At epoch 214, test loss = 18.7650
...model saved to 15_exp/models/FloydWarshallDataset_tropical_0.0001_20000_20260312_112024_relu_best.pth...20260312_112412
At epoch 216, test loss = 18.7227
...model saved to 15_exp/models/FloydWarshallDataset_tropical_0.0001_20000_20260312_112024_relu_best.pth...20260312_112413
At epoch 218, test loss = 18.4534
...model saved to 15_exp/models/FloydWarshallDataset_tropical_0.0001_20000_20260312_112024_relu_best.pth...20260312_112415
At epoch 220, test loss = 18.1556
...model saved to 15_exp/models/FloydWarshallDataset_tropical_0.0001_20000_20260312_112024_relu_best.pth...20260312_112416
At epoch 221, test loss = 17.9482
...model saved to 15_exp/models/FloydWarshallDataset_tropical_0.0001_20000_20260312_112024_relu_best.pth...20260312_112417
At epoch 222, test loss = 17.7922
...model saved to 15_exp/models/FloydWarshallDataset_tropical_0.0001_20000_20260312_112024_relu_best.pth...20260312_112418
At epoch 223, test loss = 17.7356
...model saved to 15_exp/models/FloydWarshallDataset_tropical_0.0001_20000_20260312_112024_relu_best.pth...20260312_112418
At epoch 224, test loss = 17.5693
...model saved to 15_exp/models/FloydWarshallDataset_tropical_0.0001_20000_20260312_112024_relu_best.pth...20260312_112419
At epoch 225, test loss = 17.4592
...model saved to 15_exp/models/FloydWarshallDataset_tropical_0.0001_20000_20260312_112024_relu_best.pth...20260312_112420
At epoch 226, test loss = 17.3199
...model saved to 15_exp/models/FloydWarshallDataset_tropical_0.0001_20000_20260312_112024_relu_best.pth...20260312_112421
At epoch 228, test loss = 17.1489
...model saved to 15_exp/models/FloydWarshallDataset_tropical_0.0001_20000_20260312_112024_relu_best.pth...20260312_112422
At epoch 229, test loss = 17.0622
...model saved to 15_exp/models/FloydWarshallDataset_tropical_0.0001_20000_20260312_112024_relu_best.pth...20260312_112423
At epoch 230, test loss = 16.9103
...model saved to 15_exp/models/FloydWarshallDataset_tropical_0.0001_20000_20260312_112024_relu_best.pth...20260312_112424
At epoch 231, test loss = 16.8565
...model saved to 15_exp/models/FloydWarshallDataset_tropical_0.0001_20000_20260312_112024_relu_best.pth...20260312_112424
At epoch 232, test loss = 16.7187
...model saved to 15_exp/models/FloydWarshallDataset_tropical_0.0001_20000_20260312_112024_relu_best.pth...20260312_112425
At epoch 233, test loss = 16.5534
...model saved to 15_exp/models/FloydWarshallDataset_tropical_0.0001_20000_20260312_112024_relu_best.pth...20260312_112426
At epoch 235, test loss = 16.4670
...model saved to 15_exp/models/FloydWarshallDataset_tropical_0.0001_20000_20260312_112024_relu_best.pth...20260312_112427
At epoch 238, test loss = 16.4137
...model saved to 15_exp/models/FloydWarshallDataset_tropical_0.0001_20000_20260312_112024_relu_best.pth...20260312_112430
At epoch 239, test loss = 15.9831
...model saved to 15_exp/models/FloydWarshallDataset_tropical_0.0001_20000_20260312_112024_relu_best.pth...20260312_112430
At epoch 242, test loss = 15.7072
...model saved to 15_exp/models/FloydWarshallDataset_tropical_0.0001_20000_20260312_112024_relu_best.pth...20260312_112433
At epoch 243, test loss = 15.5995
...model saved to 15_exp/models/FloydWarshallDataset_tropical_0.0001_20000_20260312_112024_relu_best.pth...20260312_112433
At epoch 246, test loss = 15.4270
...model saved to 15_exp/models/FloydWarshallDataset_tropical_0.0001_20000_20260312_112024_relu_best.pth...20260312_112435
At epoch 247, test loss = 15.3939
...model saved to 15_exp/models/FloydWarshallDataset_tropical_0.0001_20000_20260312_112024_relu_best.pth...20260312_112436
At epoch 248, test loss = 15.2132
...model saved to 15_exp/models/FloydWarshallDataset_tropical_0.0001_20000_20260312_112024_relu_best.pth...20260312_112437
At epoch 249, test loss = 15.1147
...model saved to 15_exp/models/FloydWarshallDataset_tropical_0.0001_20000_20260312_112024_relu_best.pth...20260312_112438
At epoch 250, test loss = 14.9941
...model saved to 15_exp/models/FloydWarshallDataset_tropical_0.0001_20000_20260312_112024_relu_best.pth...20260312_112439
At epoch 252, test loss = 14.8548
...model saved to 15_exp/models/FloydWarshallDataset_tropical_0.0001_20000_20260312_112024_relu_best.pth...20260312_112440
At epoch 253, test loss = 14.8070
...model saved to 15_exp/models/FloydWarshallDataset_tropical_0.0001_20000_20260312_112024_relu_best.pth...20260312_112441
At epoch 255, test loss = 14.6988
...model saved to 15_exp/models/FloydWarshallDataset_tropical_0.0001_20000_20260312_112024_relu_best.pth...20260312_112442
At epoch 256, test loss = 14.5973
...model saved to 15_exp/models/FloydWarshallDataset_tropical_0.0001_20000_20260312_112024_relu_best.pth...20260312_112443
At epoch 257, test loss = 14.4573
...model saved to 15_exp/models/FloydWarshallDataset_tropical_0.0001_20000_20260312_112024_relu_best.pth...20260312_112444
At epoch 261, test loss = 14.2924
...model saved to 15_exp/models/FloydWarshallDataset_tropical_0.0001_20000_20260312_112024_relu_best.pth...20260312_112447
At epoch 262, test loss = 14.2676
...model saved to 15_exp/models/FloydWarshallDataset_tropical_0.0001_20000_20260312_112024_relu_best.pth...20260312_112448
At epoch 264, test loss = 14.0840
...model saved to 15_exp/models/FloydWarshallDataset_tropical_0.0001_20000_20260312_112024_relu_best.pth...20260312_112449
At epoch 265, test loss = 14.0200
...model saved to 15_exp/models/FloydWarshallDataset_tropical_0.0001_20000_20260312_112024_relu_best.pth...20260312_112450
At epoch 267, test loss = 13.9128
...model saved to 15_exp/models/FloydWarshallDataset_tropical_0.0001_20000_20260312_112024_relu_best.pth...20260312_112451
At epoch 268, test loss = 13.8278
...model saved to 15_exp/models/FloydWarshallDataset_tropical_0.0001_20000_20260312_112024_relu_best.pth...20260312_112452
At epoch 269, test loss = 13.7640
...model saved to 15_exp/models/FloydWarshallDataset_tropical_0.0001_20000_20260312_112024_relu_best.pth...20260312_112453
At epoch 270, test loss = 13.7506
...model saved to 15_exp/models/FloydWarshallDataset_tropical_0.0001_20000_20260312_112024_relu_best.pth...20260312_112454
At epoch 271, test loss = 13.7104
...model saved to 15_exp/models/FloydWarshallDataset_tropical_0.0001_20000_20260312_112024_relu_best.pth...20260312_112454
At epoch 272, test loss = 13.5685
...model saved to 15_exp/models/FloydWarshallDataset_tropical_0.0001_20000_20260312_112024_relu_best.pth...20260312_112455
At epoch 273, test loss = 13.5365
...model saved to 15_exp/models/FloydWarshallDataset_tropical_0.0001_20000_20260312_112024_relu_best.pth...20260312_112456
At epoch 274, test loss = 13.4667
...model saved to 15_exp/models/FloydWarshallDataset_tropical_0.0001_20000_20260312_112024_relu_best.pth...20260312_112457
At epoch 275, test loss = 13.4368
...model saved to 15_exp/models/FloydWarshallDataset_tropical_0.0001_20000_20260312_112024_relu_best.pth...20260312_112457
At epoch 276, test loss = 13.3333
...model saved to 15_exp/models/FloydWarshallDataset_tropical_0.0001_20000_20260312_112024_relu_best.pth...20260312_112458
At epoch 280, test loss = 13.2734
...model saved to 15_exp/models/FloydWarshallDataset_tropical_0.0001_20000_20260312_112024_relu_best.pth...20260312_112501
At epoch 284, test loss = 13.1634
...model saved to 15_exp/models/FloydWarshallDataset_tropical_0.0001_20000_20260312_112024_relu_best.pth...20260312_112504
At epoch 285, test loss = 13.0884
...model saved to 15_exp/models/FloydWarshallDataset_tropical_0.0001_20000_20260312_112024_relu_best.pth...20260312_112505
At epoch 286, test loss = 13.0318
...model saved to 15_exp/models/FloydWarshallDataset_tropical_0.0001_20000_20260312_112024_relu_best.pth...20260312_112506
At epoch 287, test loss = 12.9605
...model saved to 15_exp/models/FloydWarshallDataset_tropical_0.0001_20000_20260312_112024_relu_best.pth...20260312_112506
At epoch 288, test loss = 12.8096
...model saved to 15_exp/models/FloydWarshallDataset_tropical_0.0001_20000_20260312_112024_relu_best.pth...20260312_112507
At epoch 290, test loss = 12.7294
...model saved to 15_exp/models/FloydWarshallDataset_tropical_0.0001_20000_20260312_112024_relu_best.pth...20260312_112509
At epoch 291, test loss = 12.6447
...model saved to 15_exp/models/FloydWarshallDataset_tropical_0.0001_20000_20260312_112024_relu_best.pth...20260312_112509
At epoch 293, test loss = 12.6155
...model saved to 15_exp/models/FloydWarshallDataset_tropical_0.0001_20000_20260312_112024_relu_best.pth...20260312_112511
At epoch 294, test loss = 12.5553
...model saved to 15_exp/models/FloydWarshallDataset_tropical_0.0001_20000_20260312_112024_relu_best.pth...20260312_112512
At epoch 295, test loss = 12.5358
...model saved to 15_exp/models/FloydWarshallDataset_tropical_0.0001_20000_20260312_112024_relu_best.pth...20260312_112512
At epoch 296, test loss = 12.4646
...model saved to 15_exp/models/FloydWarshallDataset_tropical_0.0001_20000_20260312_112024_relu_best.pth...20260312_112513
At epoch 297, test loss = 12.4462
...model saved to 15_exp/models/FloydWarshallDataset_tropical_0.0001_20000_20260312_112024_relu_best.pth...20260312_112514
At epoch 299, test loss = 12.3760
...model saved to 15_exp/models/FloydWarshallDataset_tropical_0.0001_20000_20260312_112024_relu_best.pth...20260312_112515
At epoch 300, test loss = 12.3340
...model saved to 15_exp/models/FloydWarshallDataset_tropical_0.0001_20000_20260312_112024_relu_best.pth...20260312_112516
At epoch 301, test loss = 12.3335
...model saved to 15_exp/models/FloydWarshallDataset_tropical_0.0001_20000_20260312_112024_relu_best.pth...20260312_112517
At epoch 302, test loss = 12.2082
...model saved to 15_exp/models/FloydWarshallDataset_tropical_0.0001_20000_20260312_112024_relu_best.pth...20260312_112518
At epoch 305, test loss = 12.1567
...model saved to 15_exp/models/FloydWarshallDataset_tropical_0.0001_20000_20260312_112024_relu_best.pth...20260312_112520
At epoch 306, test loss = 12.0718
...model saved to 15_exp/models/FloydWarshallDataset_tropical_0.0001_20000_20260312_112024_relu_best.pth...20260312_112521
At epoch 307, test loss = 12.0606
...model saved to 15_exp/models/FloydWarshallDataset_tropical_0.0001_20000_20260312_112024_relu_best.pth...20260312_112521
At epoch 308, test loss = 12.0237
...model saved to 15_exp/models/FloydWarshallDataset_tropical_0.0001_20000_20260312_112024_relu_best.pth...20260312_112522
At epoch 309, test loss = 11.9652
...model saved to 15_exp/models/FloydWarshallDataset_tropical_0.0001_20000_20260312_112024_relu_best.pth...20260312_112523
At epoch 312, test loss = 11.9575
...model saved to 15_exp/models/FloydWarshallDataset_tropical_0.0001_20000_20260312_112024_relu_best.pth...20260312_112525
At epoch 314, test loss = 11.8751
...model saved to 15_exp/models/FloydWarshallDataset_tropical_0.0001_20000_20260312_112024_relu_best.pth...20260312_112527
At epoch 315, test loss = 11.8173
...model saved to 15_exp/models/FloydWarshallDataset_tropical_0.0001_20000_20260312_112024_relu_best.pth...20260312_112527
At epoch 316, test loss = 11.7181
...model saved to 15_exp/models/FloydWarshallDataset_tropical_0.0001_20000_20260312_112024_relu_best.pth...20260312_112528
At epoch 326, test loss = 11.5854
...model saved to 15_exp/models/FloydWarshallDataset_tropical_0.0001_20000_20260312_112024_relu_best.pth...20260312_112536
At epoch 328, test loss = 11.5628
...model saved to 15_exp/models/FloydWarshallDataset_tropical_0.0001_20000_20260312_112024_relu_best.pth...20260312_112537
At epoch 330, test loss = 11.5146
...model saved to 15_exp/models/FloydWarshallDataset_tropical_0.0001_20000_20260312_112024_relu_best.pth...20260312_112539
At epoch 332, test loss = 11.4310
...model saved to 15_exp/models/FloydWarshallDataset_tropical_0.0001_20000_20260312_112024_relu_best.pth...20260312_112540
At epoch 333, test loss = 11.4151
...model saved to 15_exp/models/FloydWarshallDataset_tropical_0.0001_20000_20260312_112024_relu_best.pth...20260312_112541
At epoch 334, test loss = 11.4147
...model saved to 15_exp/models/FloydWarshallDataset_tropical_0.0001_20000_20260312_112024_relu_best.pth...20260312_112541
At epoch 335, test loss = 11.4016
...model saved to 15_exp/models/FloydWarshallDataset_tropical_0.0001_20000_20260312_112024_relu_best.pth...20260312_112542
At epoch 336, test loss = 11.3489
...model saved to 15_exp/models/FloydWarshallDataset_tropical_0.0001_20000_20260312_112024_relu_best.pth...20260312_112543
At epoch 337, test loss = 11.2902
...model saved to 15_exp/models/FloydWarshallDataset_tropical_0.0001_20000_20260312_112024_relu_best.pth...20260312_112544
At epoch 338, test loss = 11.2535
...model saved to 15_exp/models/FloydWarshallDataset_tropical_0.0001_20000_20260312_112024_relu_best.pth...20260312_112545
At epoch 340, test loss = 11.2466
...model saved to 15_exp/models/FloydWarshallDataset_tropical_0.0001_20000_20260312_112024_relu_best.pth...20260312_112546
At epoch 341, test loss = 11.2162
...model saved to 15_exp/models/FloydWarshallDataset_tropical_0.0001_20000_20260312_112024_relu_best.pth...20260312_112547
At epoch 343, test loss = 11.1826
...model saved to 15_exp/models/FloydWarshallDataset_tropical_0.0001_20000_20260312_112024_relu_best.pth...20260312_112549
At epoch 344, test loss = 11.1785
...model saved to 15_exp/models/FloydWarshallDataset_tropical_0.0001_20000_20260312_112024_relu_best.pth...20260312_112549
At epoch 345, test loss = 11.1163
...model saved to 15_exp/models/FloydWarshallDataset_tropical_0.0001_20000_20260312_112024_relu_best.pth...20260312_112550
At epoch 351, test loss = 11.0448
...model saved to 15_exp/models/FloydWarshallDataset_tropical_0.0001_20000_20260312_112024_relu_best.pth...20260312_112555
At epoch 352, test loss = 11.0043
...model saved to 15_exp/models/FloydWarshallDataset_tropical_0.0001_20000_20260312_112024_relu_best.pth...20260312_112555
At epoch 353, test loss = 10.9618
...model saved to 15_exp/models/FloydWarshallDataset_tropical_0.0001_20000_20260312_112024_relu_best.pth...20260312_112556
At epoch 357, test loss = 10.8954
...model saved to 15_exp/models/FloydWarshallDataset_tropical_0.0001_20000_20260312_112024_relu_best.pth...20260312_112559
At epoch 358, test loss = 10.8626
...model saved to 15_exp/models/FloydWarshallDataset_tropical_0.0001_20000_20260312_112024_relu_best.pth...20260312_112600
At epoch 360, test loss = 10.8538
...model saved to 15_exp/models/FloydWarshallDataset_tropical_0.0001_20000_20260312_112024_relu_best.pth...20260312_112601
At epoch 361, test loss = 10.8184
...model saved to 15_exp/models/FloydWarshallDataset_tropical_0.0001_20000_20260312_112024_relu_best.pth...20260312_112602
At epoch 362, test loss = 10.8106
...model saved to 15_exp/models/FloydWarshallDataset_tropical_0.0001_20000_20260312_112024_relu_best.pth...20260312_112603
At epoch 363, test loss = 10.7948
...model saved to 15_exp/models/FloydWarshallDataset_tropical_0.0001_20000_20260312_112024_relu_best.pth...20260312_112603
At epoch 365, test loss = 10.7262
...model saved to 15_exp/models/FloydWarshallDataset_tropical_0.0001_20000_20260312_112024_relu_best.pth...20260312_112605
At epoch 366, test loss = 10.7156
...model saved to 15_exp/models/FloydWarshallDataset_tropical_0.0001_20000_20260312_112024_relu_best.pth...20260312_112606
At epoch 367, test loss = 10.7112
...model saved to 15_exp/models/FloydWarshallDataset_tropical_0.0001_20000_20260312_112024_relu_best.pth...20260312_112606
At epoch 368, test loss = 10.6773
...model saved to 15_exp/models/FloydWarshallDataset_tropical_0.0001_20000_20260312_112024_relu_best.pth...20260312_112607
At epoch 372, test loss = 10.6766
...model saved to 15_exp/models/FloydWarshallDataset_tropical_0.0001_20000_20260312_112024_relu_best.pth...20260312_112610
At epoch 374, test loss = 10.5934
...model saved to 15_exp/models/FloydWarshallDataset_tropical_0.0001_20000_20260312_112024_relu_best.pth...20260312_112612
At epoch 375, test loss = 10.5882
...model saved to 15_exp/models/FloydWarshallDataset_tropical_0.0001_20000_20260312_112024_relu_best.pth...20260312_112613
At epoch 376, test loss = 10.5803
...model saved to 15_exp/models/FloydWarshallDataset_tropical_0.0001_20000_20260312_112024_relu_best.pth...20260312_112613
At epoch 378, test loss = 10.5493
...model saved to 15_exp/models/FloydWarshallDataset_tropical_0.0001_20000_20260312_112024_relu_best.pth...20260312_112615
At epoch 379, test loss = 10.5139
...model saved to 15_exp/models/FloydWarshallDataset_tropical_0.0001_20000_20260312_112024_relu_best.pth...20260312_112616
At epoch 382, test loss = 10.5101
...model saved to 15_exp/models/FloydWarshallDataset_tropical_0.0001_20000_20260312_112024_relu_best.pth...20260312_112618
At epoch 383, test loss = 10.4362
...model saved to 15_exp/models/FloydWarshallDataset_tropical_0.0001_20000_20260312_112024_relu_best.pth...20260312_112618
At epoch 384, test loss = 10.3594
...model saved to 15_exp/models/FloydWarshallDataset_tropical_0.0001_20000_20260312_112024_relu_best.pth...20260312_112619
At epoch 386, test loss = 10.3064
...model saved to 15_exp/models/FloydWarshallDataset_tropical_0.0001_20000_20260312_112024_relu_best.pth...20260312_112621
At epoch 388, test loss = 10.2958
...model saved to 15_exp/models/FloydWarshallDataset_tropical_0.0001_20000_20260312_112024_relu_best.pth...20260312_112622
At epoch 390, test loss = 10.2424
...model saved to 15_exp/models/FloydWarshallDataset_tropical_0.0001_20000_20260312_112024_relu_best.pth...20260312_112624
At epoch 391, test loss = 10.2177
...model saved to 15_exp/models/FloydWarshallDataset_tropical_0.0001_20000_20260312_112024_relu_best.pth...20260312_112624
At epoch 393, test loss = 10.1688
...model saved to 15_exp/models/FloydWarshallDataset_tropical_0.0001_20000_20260312_112024_relu_best.pth...20260312_112626
At epoch 397, test loss = 10.1083
...model saved to 15_exp/models/FloydWarshallDataset_tropical_0.0001_20000_20260312_112024_relu_best.pth...20260312_112629
At epoch 400, test loss = 10.0861
...model saved to 15_exp/models/FloydWarshallDataset_tropical_0.0001_20000_20260312_112024_relu_best.pth...20260312_112631
At epoch 405, test loss = 10.0515
...model saved to 15_exp/models/FloydWarshallDataset_tropical_0.0001_20000_20260312_112024_relu_best.pth...20260312_112634
At epoch 406, test loss = 10.0402
...model saved to 15_exp/models/FloydWarshallDataset_tropical_0.0001_20000_20260312_112024_relu_best.pth...20260312_112635
At epoch 407, test loss = 10.0351
...model saved to 15_exp/models/FloydWarshallDataset_tropical_0.0001_20000_20260312_112024_relu_best.pth...20260312_112636
At epoch 409, test loss = 10.0064
...model saved to 15_exp/models/FloydWarshallDataset_tropical_0.0001_20000_20260312_112024_relu_best.pth...20260312_112637
At epoch 419, test loss = 9.9384
...model saved to 15_exp/models/FloydWarshallDataset_tropical_0.0001_20000_20260312_112024_relu_best.pth...20260312_112644
At epoch 421, test loss = 9.8964
...model saved to 15_exp/models/FloydWarshallDataset_tropical_0.0001_20000_20260312_112024_relu_best.pth...20260312_112645
At epoch 424, test loss = 9.8579
...model saved to 15_exp/models/FloydWarshallDataset_tropical_0.0001_20000_20260312_112024_relu_best.pth...20260312_112647
At epoch 425, test loss = 9.8546
...model saved to 15_exp/models/FloydWarshallDataset_tropical_0.0001_20000_20260312_112024_relu_best.pth...20260312_112648
At epoch 431, test loss = 9.7908
...model saved to 15_exp/models/FloydWarshallDataset_tropical_0.0001_20000_20260312_112024_relu_best.pth...20260312_112652
At epoch 439, test loss = 9.7750
...model saved to 15_exp/models/FloydWarshallDataset_tropical_0.0001_20000_20260312_112024_relu_best.pth...20260312_112658
At epoch 440, test loss = 9.7575
...model saved to 15_exp/models/FloydWarshallDataset_tropical_0.0001_20000_20260312_112024_relu_best.pth...20260312_112658
At epoch 457, test loss = 9.7413
...model saved to 15_exp/models/FloydWarshallDataset_tropical_0.0001_20000_20260312_112024_relu_best.pth...20260312_112710
At epoch 458, test loss = 9.6864
...model saved to 15_exp/models/FloydWarshallDataset_tropical_0.0001_20000_20260312_112024_relu_best.pth...20260312_112711
At epoch 461, test loss = 9.6307
...model saved to 15_exp/models/FloydWarshallDataset_tropical_0.0001_20000_20260312_112024_relu_best.pth...20260312_112713
At epoch 464, test loss = 9.5927
...model saved to 15_exp/models/FloydWarshallDataset_tropical_0.0001_20000_20260312_112024_relu_best.pth...20260312_112715
At epoch 470, test loss = 9.5863
...model saved to 15_exp/models/FloydWarshallDataset_tropical_0.0001_20000_20260312_112024_relu_best.pth...20260312_112719
At epoch 471, test loss = 9.5766
...model saved to 15_exp/models/FloydWarshallDataset_tropical_0.0001_20000_20260312_112024_relu_best.pth...20260312_112720
At epoch 474, test loss = 9.5515
...model saved to 15_exp/models/FloydWarshallDataset_tropical_0.0001_20000_20260312_112024_relu_best.pth...20260312_112722
At epoch 484, test loss = 9.5455
...model saved to 15_exp/models/FloydWarshallDataset_tropical_0.0001_20000_20260312_112024_relu_best.pth...20260312_112729
At epoch 485, test loss = 9.5151
...model saved to 15_exp/models/FloydWarshallDataset_tropical_0.0001_20000_20260312_112024_relu_best.pth...20260312_112729
At epoch 490, test loss = 9.5088
...model saved to 15_exp/models/FloydWarshallDataset_tropical_0.0001_20000_20260312_112024_relu_best.pth...20260312_112733
At epoch 491, test loss = 9.4498
...model saved to 15_exp/models/FloydWarshallDataset_tropical_0.0001_20000_20260312_112024_relu_best.pth...20260312_112733
At epoch 505, test loss = 9.4248
...model saved to 15_exp/models/FloydWarshallDataset_tropical_0.0001_20000_20260312_112024_relu_best.pth...20260312_112743
At epoch 507, test loss = 9.4247
...model saved to 15_exp/models/FloydWarshallDataset_tropical_0.0001_20000_20260312_112024_relu_best.pth...20260312_112744
At epoch 509, test loss = 9.3928
...model saved to 15_exp/models/FloydWarshallDataset_tropical_0.0001_20000_20260312_112024_relu_best.pth...20260312_112746
At epoch 510, test loss = 9.3926
...model saved to 15_exp/models/FloydWarshallDataset_tropical_0.0001_20000_20260312_112024_relu_best.pth...20260312_112746
At epoch 516, test loss = 9.3721
...model saved to 15_exp/models/FloydWarshallDataset_tropical_0.0001_20000_20260312_112024_relu_best.pth...20260312_112751
At epoch 522, test loss = 9.3628
...model saved to 15_exp/models/FloydWarshallDataset_tropical_0.0001_20000_20260312_112024_relu_best.pth...20260312_112755
At epoch 523, test loss = 9.3602
...model saved to 15_exp/models/FloydWarshallDataset_tropical_0.0001_20000_20260312_112024_relu_best.pth...20260312_112755
At epoch 525, test loss = 9.3566
...model saved to 15_exp/models/FloydWarshallDataset_tropical_0.0001_20000_20260312_112024_relu_best.pth...20260312_112757
At epoch 528, test loss = 9.3295
...model saved to 15_exp/models/FloydWarshallDataset_tropical_0.0001_20000_20260312_112024_relu_best.pth...20260312_112759
At epoch 533, test loss = 9.3138
...model saved to 15_exp/models/FloydWarshallDataset_tropical_0.0001_20000_20260312_112024_relu_best.pth...20260312_112802
At epoch 538, test loss = 9.2950
...model saved to 15_exp/models/FloydWarshallDataset_tropical_0.0001_20000_20260312_112024_relu_best.pth...20260312_112806
At epoch 545, test loss = 9.2607
...model saved to 15_exp/models/FloydWarshallDataset_tropical_0.0001_20000_20260312_112024_relu_best.pth...20260312_112810
At epoch 555, test loss = 9.2349
...model saved to 15_exp/models/FloydWarshallDataset_tropical_0.0001_20000_20260312_112024_relu_best.pth...20260312_112818
At epoch 562, test loss = 9.2078
...model saved to 15_exp/models/FloydWarshallDataset_tropical_0.0001_20000_20260312_112024_relu_best.pth...20260312_112823
At epoch 573, test loss = 9.2073
...model saved to 15_exp/models/FloydWarshallDataset_tropical_0.0001_20000_20260312_112024_relu_best.pth...20260312_112830
At epoch 574, test loss = 9.1768
...model saved to 15_exp/models/FloydWarshallDataset_tropical_0.0001_20000_20260312_112024_relu_best.pth...20260312_112831
At epoch 575, test loss = 9.1487
...model saved to 15_exp/models/FloydWarshallDataset_tropical_0.0001_20000_20260312_112024_relu_best.pth...20260312_112831
At epoch 579, test loss = 9.1271
...model saved to 15_exp/models/FloydWarshallDataset_tropical_0.0001_20000_20260312_112024_relu_best.pth...20260312_112834
At epoch 585, test loss = 9.1059
...model saved to 15_exp/models/FloydWarshallDataset_tropical_0.0001_20000_20260312_112024_relu_best.pth...20260312_112838
At epoch 586, test loss = 9.1009
...model saved to 15_exp/models/FloydWarshallDataset_tropical_0.0001_20000_20260312_112024_relu_best.pth...20260312_112839
At epoch 587, test loss = 9.0689
...model saved to 15_exp/models/FloydWarshallDataset_tropical_0.0001_20000_20260312_112024_relu_best.pth...20260312_112840
At epoch 588, test loss = 9.0678
...model saved to 15_exp/models/FloydWarshallDataset_tropical_0.0001_20000_20260312_112024_relu_best.pth...20260312_112840
At epoch 589, test loss = 9.0649
...model saved to 15_exp/models/FloydWarshallDataset_tropical_0.0001_20000_20260312_112024_relu_best.pth...20260312_112841
At epoch 590, test loss = 9.0578
...model saved to 15_exp/models/FloydWarshallDataset_tropical_0.0001_20000_20260312_112024_relu_best.pth...20260312_112842
At epoch 592, test loss = 9.0397
...model saved to 15_exp/models/FloydWarshallDataset_tropical_0.0001_20000_20260312_112024_relu_best.pth...20260312_112843
At epoch 593, test loss = 9.0359
...model saved to 15_exp/models/FloydWarshallDataset_tropical_0.0001_20000_20260312_112024_relu_best.pth...20260312_112844
At epoch 596, test loss = 9.0199
...model saved to 15_exp/models/FloydWarshallDataset_tropical_0.0001_20000_20260312_112024_relu_best.pth...20260312_112846
At epoch 600, test loss = 9.0088
...model saved to 15_exp/models/FloydWarshallDataset_tropical_0.0001_20000_20260312_112024_relu_best.pth...20260312_112849
At epoch 602, test loss = 8.9971
...model saved to 15_exp/models/FloydWarshallDataset_tropical_0.0001_20000_20260312_112024_relu_best.pth...20260312_112850
At epoch 604, test loss = 8.9963
...model saved to 15_exp/models/FloydWarshallDataset_tropical_0.0001_20000_20260312_112024_relu_best.pth...20260312_112852
At epoch 606, test loss = 8.9943
...model saved to 15_exp/models/FloydWarshallDataset_tropical_0.0001_20000_20260312_112024_relu_best.pth...20260312_112853
At epoch 608, test loss = 8.9543
...model saved to 15_exp/models/FloydWarshallDataset_tropical_0.0001_20000_20260312_112024_relu_best.pth...20260312_112854
At epoch 613, test loss = 8.9514
...model saved to 15_exp/models/FloydWarshallDataset_tropical_0.0001_20000_20260312_112024_relu_best.pth...20260312_112858
At epoch 624, test loss = 8.9292
...model saved to 15_exp/models/FloydWarshallDataset_tropical_0.0001_20000_20260312_112024_relu_best.pth...20260312_112906
At epoch 625, test loss = 8.8917
...model saved to 15_exp/models/FloydWarshallDataset_tropical_0.0001_20000_20260312_112024_relu_best.pth...20260312_112907
At epoch 626, test loss = 8.8710
...model saved to 15_exp/models/FloydWarshallDataset_tropical_0.0001_20000_20260312_112024_relu_best.pth...20260312_112908
At epoch 627, test loss = 8.8654
...model saved to 15_exp/models/FloydWarshallDataset_tropical_0.0001_20000_20260312_112024_relu_best.pth...20260312_112909
At epoch 630, test loss = 8.8513
...model saved to 15_exp/models/FloydWarshallDataset_tropical_0.0001_20000_20260312_112024_relu_best.pth...20260312_112911
At epoch 631, test loss = 8.8397
...model saved to 15_exp/models/FloydWarshallDataset_tropical_0.0001_20000_20260312_112024_relu_best.pth...20260312_112913
At epoch 632, test loss = 8.8186
...model saved to 15_exp/models/FloydWarshallDataset_tropical_0.0001_20000_20260312_112024_relu_best.pth...20260312_112913
At epoch 633, test loss = 8.7937
...model saved to 15_exp/models/FloydWarshallDataset_tropical_0.0001_20000_20260312_112024_relu_best.pth...20260312_112914
At epoch 635, test loss = 8.7693
...model saved to 15_exp/models/FloydWarshallDataset_tropical_0.0001_20000_20260312_112024_relu_best.pth...20260312_112916
At epoch 636, test loss = 8.7661
...model saved to 15_exp/models/FloydWarshallDataset_tropical_0.0001_20000_20260312_112024_relu_best.pth...20260312_112917
At epoch 638, test loss = 8.7387
...model saved to 15_exp/models/FloydWarshallDataset_tropical_0.0001_20000_20260312_112024_relu_best.pth...20260312_112919
At epoch 642, test loss = 8.7069
...model saved to 15_exp/models/FloydWarshallDataset_tropical_0.0001_20000_20260312_112024_relu_best.pth...20260312_112922
At epoch 643, test loss = 8.7018
...model saved to 15_exp/models/FloydWarshallDataset_tropical_0.0001_20000_20260312_112024_relu_best.pth...20260312_112922
At epoch 648, test loss = 8.6878
...model saved to 15_exp/models/FloydWarshallDataset_tropical_0.0001_20000_20260312_112024_relu_best.pth...20260312_112926
At epoch 652, test loss = 8.6698
...model saved to 15_exp/models/FloydWarshallDataset_tropical_0.0001_20000_20260312_112024_relu_best.pth...20260312_112929
At epoch 653, test loss = 8.6582
...model saved to 15_exp/models/FloydWarshallDataset_tropical_0.0001_20000_20260312_112024_relu_best.pth...20260312_112930
At epoch 656, test loss = 8.6459
...model saved to 15_exp/models/FloydWarshallDataset_tropical_0.0001_20000_20260312_112024_relu_best.pth...20260312_112932
At epoch 657, test loss = 8.6444
...model saved to 15_exp/models/FloydWarshallDataset_tropical_0.0001_20000_20260312_112024_relu_best.pth...20260312_112933
At epoch 658, test loss = 8.5517
...model saved to 15_exp/models/FloydWarshallDataset_tropical_0.0001_20000_20260312_112024_relu_best.pth...20260312_112934
At epoch 662, test loss = 8.5514
...model saved to 15_exp/models/FloydWarshallDataset_tropical_0.0001_20000_20260312_112024_relu_best.pth...20260312_112936
At epoch 666, test loss = 8.5501
...model saved to 15_exp/models/FloydWarshallDataset_tropical_0.0001_20000_20260312_112024_relu_best.pth...20260312_112939
At epoch 667, test loss = 8.4668
...model saved to 15_exp/models/FloydWarshallDataset_tropical_0.0001_20000_20260312_112024_relu_best.pth...20260312_112940
At epoch 671, test loss = 8.4589
...model saved to 15_exp/models/FloydWarshallDataset_tropical_0.0001_20000_20260312_112024_relu_best.pth...20260312_112943
At epoch 673, test loss = 8.4479
...model saved to 15_exp/models/FloydWarshallDataset_tropical_0.0001_20000_20260312_112024_relu_best.pth...20260312_112944
At epoch 674, test loss = 8.4090
...model saved to 15_exp/models/FloydWarshallDataset_tropical_0.0001_20000_20260312_112024_relu_best.pth...20260312_112945
At epoch 677, test loss = 8.3692
...model saved to 15_exp/models/FloydWarshallDataset_tropical_0.0001_20000_20260312_112024_relu_best.pth...20260312_112947
At epoch 681, test loss = 8.2129
...model saved to 15_exp/models/FloydWarshallDataset_tropical_0.0001_20000_20260312_112024_relu_best.pth...20260312_112950
At epoch 687, test loss = 8.2020
...model saved to 15_exp/models/FloydWarshallDataset_tropical_0.0001_20000_20260312_112024_relu_best.pth...20260312_112954
At epoch 690, test loss = 8.1448
...model saved to 15_exp/models/FloydWarshallDataset_tropical_0.0001_20000_20260312_112024_relu_best.pth...20260312_112956
At epoch 691, test loss = 8.0493
...model saved to 15_exp/models/FloydWarshallDataset_tropical_0.0001_20000_20260312_112024_relu_best.pth...20260312_112956
At epoch 696, test loss = 8.0212
...model saved to 15_exp/models/FloydWarshallDataset_tropical_0.0001_20000_20260312_112024_relu_best.pth...20260312_113000
At epoch 704, test loss = 7.9948
...model saved to 15_exp/models/FloydWarshallDataset_tropical_0.0001_20000_20260312_112024_relu_best.pth...20260312_113005
At epoch 705, test loss = 7.9405
...model saved to 15_exp/models/FloydWarshallDataset_tropical_0.0001_20000_20260312_112024_relu_best.pth...20260312_113006
At epoch 706, test loss = 7.8788
...model saved to 15_exp/models/FloydWarshallDataset_tropical_0.0001_20000_20260312_112024_relu_best.pth...20260312_113007
At epoch 707, test loss = 7.8569
...model saved to 15_exp/models/FloydWarshallDataset_tropical_0.0001_20000_20260312_112024_relu_best.pth...20260312_113007
At epoch 708, test loss = 7.8456
...model saved to 15_exp/models/FloydWarshallDataset_tropical_0.0001_20000_20260312_112024_relu_best.pth...20260312_113008
At epoch 709, test loss = 7.8436
...model saved to 15_exp/models/FloydWarshallDataset_tropical_0.0001_20000_20260312_112024_relu_best.pth...20260312_113009
At epoch 710, test loss = 7.8246
...model saved to 15_exp/models/FloydWarshallDataset_tropical_0.0001_20000_20260312_112024_relu_best.pth...20260312_113010
At epoch 711, test loss = 7.7859
...model saved to 15_exp/models/FloydWarshallDataset_tropical_0.0001_20000_20260312_112024_relu_best.pth...20260312_113010
At epoch 713, test loss = 7.7558
...model saved to 15_exp/models/FloydWarshallDataset_tropical_0.0001_20000_20260312_112024_relu_best.pth...20260312_113012
At epoch 715, test loss = 7.7293
...model saved to 15_exp/models/FloydWarshallDataset_tropical_0.0001_20000_20260312_112024_relu_best.pth...20260312_113013
At epoch 716, test loss = 7.7210
...model saved to 15_exp/models/FloydWarshallDataset_tropical_0.0001_20000_20260312_112024_relu_best.pth...20260312_113014
At epoch 717, test loss = 7.6984
...model saved to 15_exp/models/FloydWarshallDataset_tropical_0.0001_20000_20260312_112024_relu_best.pth...20260312_113015
At epoch 718, test loss = 7.6917
...model saved to 15_exp/models/FloydWarshallDataset_tropical_0.0001_20000_20260312_112024_relu_best.pth...20260312_113015
At epoch 720, test loss = 7.6609
...model saved to 15_exp/models/FloydWarshallDataset_tropical_0.0001_20000_20260312_112024_relu_best.pth...20260312_113017
At epoch 721, test loss = 7.6516
...model saved to 15_exp/models/FloydWarshallDataset_tropical_0.0001_20000_20260312_112024_relu_best.pth...20260312_113017
At epoch 722, test loss = 7.6368
...model saved to 15_exp/models/FloydWarshallDataset_tropical_0.0001_20000_20260312_112024_relu_best.pth...20260312_113018
At epoch 723, test loss = 7.6182
...model saved to 15_exp/models/FloydWarshallDataset_tropical_0.0001_20000_20260312_112024_relu_best.pth...20260312_113019
At epoch 724, test loss = 7.6086
...model saved to 15_exp/models/FloydWarshallDataset_tropical_0.0001_20000_20260312_112024_relu_best.pth...20260312_113019
At epoch 726, test loss = 7.5645
...model saved to 15_exp/models/FloydWarshallDataset_tropical_0.0001_20000_20260312_112024_relu_best.pth...20260312_113021
At epoch 727, test loss = 7.5644
...model saved to 15_exp/models/FloydWarshallDataset_tropical_0.0001_20000_20260312_112024_relu_best.pth...20260312_113022
At epoch 728, test loss = 7.5568
...model saved to 15_exp/models/FloydWarshallDataset_tropical_0.0001_20000_20260312_112024_relu_best.pth...20260312_113022
At epoch 730, test loss = 7.5235
...model saved to 15_exp/models/FloydWarshallDataset_tropical_0.0001_20000_20260312_112024_relu_best.pth...20260312_113024
At epoch 731, test loss = 7.5175
...model saved to 15_exp/models/FloydWarshallDataset_tropical_0.0001_20000_20260312_112024_relu_best.pth...20260312_113024
At epoch 732, test loss = 7.4938
...model saved to 15_exp/models/FloydWarshallDataset_tropical_0.0001_20000_20260312_112024_relu_best.pth...20260312_113025
At epoch 733, test loss = 7.4813
...model saved to 15_exp/models/FloydWarshallDataset_tropical_0.0001_20000_20260312_112024_relu_best.pth...20260312_113026
At epoch 735, test loss = 7.4504
...model saved to 15_exp/models/FloydWarshallDataset_tropical_0.0001_20000_20260312_112024_relu_best.pth...20260312_113027
At epoch 736, test loss = 7.4250
...model saved to 15_exp/models/FloydWarshallDataset_tropical_0.0001_20000_20260312_112024_relu_best.pth...20260312_113028
At epoch 738, test loss = 7.4236
...model saved to 15_exp/models/FloydWarshallDataset_tropical_0.0001_20000_20260312_112024_relu_best.pth...20260312_113029
At epoch 739, test loss = 7.4161
...model saved to 15_exp/models/FloydWarshallDataset_tropical_0.0001_20000_20260312_112024_relu_best.pth...20260312_113030
At epoch 740, test loss = 7.4115
...model saved to 15_exp/models/FloydWarshallDataset_tropical_0.0001_20000_20260312_112024_relu_best.pth...20260312_113031
At epoch 741, test loss = 7.3907
...model saved to 15_exp/models/FloydWarshallDataset_tropical_0.0001_20000_20260312_112024_relu_best.pth...20260312_113031
At epoch 743, test loss = 7.3536
...model saved to 15_exp/models/FloydWarshallDataset_tropical_0.0001_20000_20260312_112024_relu_best.pth...20260312_113033
At epoch 746, test loss = 7.3343
...model saved to 15_exp/models/FloydWarshallDataset_tropical_0.0001_20000_20260312_112024_relu_best.pth...20260312_113035
At epoch 747, test loss = 7.3326
...model saved to 15_exp/models/FloydWarshallDataset_tropical_0.0001_20000_20260312_112024_relu_best.pth...20260312_113036
At epoch 748, test loss = 7.3258
...model saved to 15_exp/models/FloydWarshallDataset_tropical_0.0001_20000_20260312_112024_relu_best.pth...20260312_113036
At epoch 749, test loss = 7.2931
...model saved to 15_exp/models/FloydWarshallDataset_tropical_0.0001_20000_20260312_112024_relu_best.pth...20260312_113037
At epoch 750, test loss = 7.2745
...model saved to 15_exp/models/FloydWarshallDataset_tropical_0.0001_20000_20260312_112024_relu_best.pth...20260312_113038
At epoch 751, test loss = 7.2641
...model saved to 15_exp/models/FloydWarshallDataset_tropical_0.0001_20000_20260312_112024_relu_best.pth...20260312_113038
At epoch 752, test loss = 7.2520
...model saved to 15_exp/models/FloydWarshallDataset_tropical_0.0001_20000_20260312_112024_relu_best.pth...20260312_113039
At epoch 755, test loss = 7.2440
...model saved to 15_exp/models/FloydWarshallDataset_tropical_0.0001_20000_20260312_112024_relu_best.pth...20260312_113041
At epoch 756, test loss = 7.1843
...model saved to 15_exp/models/FloydWarshallDataset_tropical_0.0001_20000_20260312_112024_relu_best.pth...20260312_113042
At epoch 758, test loss = 7.1320
...model saved to 15_exp/models/FloydWarshallDataset_tropical_0.0001_20000_20260312_112024_relu_best.pth...20260312_113043
At epoch 759, test loss = 7.0953
...model saved to 15_exp/models/FloydWarshallDataset_tropical_0.0001_20000_20260312_112024_relu_best.pth...20260312_113044
At epoch 760, test loss = 7.0941
...model saved to 15_exp/models/FloydWarshallDataset_tropical_0.0001_20000_20260312_112024_relu_best.pth...20260312_113045
At epoch 762, test loss = 7.0533
...model saved to 15_exp/models/FloydWarshallDataset_tropical_0.0001_20000_20260312_112024_relu_best.pth...20260312_113046
At epoch 763, test loss = 7.0397
...model saved to 15_exp/models/FloydWarshallDataset_tropical_0.0001_20000_20260312_112024_relu_best.pth...20260312_113047
At epoch 764, test loss = 7.0230
...model saved to 15_exp/models/FloydWarshallDataset_tropical_0.0001_20000_20260312_112024_relu_best.pth...20260312_113048
At epoch 765, test loss = 7.0132
...model saved to 15_exp/models/FloydWarshallDataset_tropical_0.0001_20000_20260312_112024_relu_best.pth...20260312_113048
At epoch 766, test loss = 6.9764
...model saved to 15_exp/models/FloydWarshallDataset_tropical_0.0001_20000_20260312_112024_relu_best.pth...20260312_113049
At epoch 767, test loss = 6.9675
...model saved to 15_exp/models/FloydWarshallDataset_tropical_0.0001_20000_20260312_112024_relu_best.pth...20260312_113050
At epoch 769, test loss = 6.9665
...model saved to 15_exp/models/FloydWarshallDataset_tropical_0.0001_20000_20260312_112024_relu_best.pth...20260312_113051
At epoch 770, test loss = 6.9110
...model saved to 15_exp/models/FloydWarshallDataset_tropical_0.0001_20000_20260312_112024_relu_best.pth...20260312_113052
At epoch 772, test loss = 6.8624
...model saved to 15_exp/models/FloydWarshallDataset_tropical_0.0001_20000_20260312_112024_relu_best.pth...20260312_113053
At epoch 775, test loss = 6.8337
...model saved to 15_exp/models/FloydWarshallDataset_tropical_0.0001_20000_20260312_112024_relu_best.pth...20260312_113055
At epoch 776, test loss = 6.8310
...model saved to 15_exp/models/FloydWarshallDataset_tropical_0.0001_20000_20260312_112024_relu_best.pth...20260312_113056
At epoch 779, test loss = 6.7867
...model saved to 15_exp/models/FloydWarshallDataset_tropical_0.0001_20000_20260312_112024_relu_best.pth...20260312_113058
At epoch 780, test loss = 6.7542
...model saved to 15_exp/models/FloydWarshallDataset_tropical_0.0001_20000_20260312_112024_relu_best.pth...20260312_113059
At epoch 789, test loss = 6.7530
...model saved to 15_exp/models/FloydWarshallDataset_tropical_0.0001_20000_20260312_112024_relu_best.pth...20260312_113105
At epoch 790, test loss = 6.7259
...model saved to 15_exp/models/FloydWarshallDataset_tropical_0.0001_20000_20260312_112024_relu_best.pth...20260312_113106
At epoch 791, test loss = 6.6788
...model saved to 15_exp/models/FloydWarshallDataset_tropical_0.0001_20000_20260312_112024_relu_best.pth...20260312_113106
At epoch 792, test loss = 6.6586
...model saved to 15_exp/models/FloydWarshallDataset_tropical_0.0001_20000_20260312_112024_relu_best.pth...20260312_113107
At epoch 793, test loss = 6.6055
...model saved to 15_exp/models/FloydWarshallDataset_tropical_0.0001_20000_20260312_112024_relu_best.pth...20260312_113108
At epoch 796, test loss = 6.5937
...model saved to 15_exp/models/FloydWarshallDataset_tropical_0.0001_20000_20260312_112024_relu_best.pth...20260312_113110
At epoch 798, test loss = 6.5675
...model saved to 15_exp/models/FloydWarshallDataset_tropical_0.0001_20000_20260312_112024_relu_best.pth...20260312_113112
At epoch 799, test loss = 6.5583
...model saved to 15_exp/models/FloydWarshallDataset_tropical_0.0001_20000_20260312_112024_relu_best.pth...20260312_113113
At epoch 801, test loss = 6.4977
...model saved to 15_exp/models/FloydWarshallDataset_tropical_0.0001_20000_20260312_112024_relu_best.pth...20260312_113114
At epoch 806, test loss = 6.4557
...model saved to 15_exp/models/FloydWarshallDataset_tropical_0.0001_20000_20260312_112024_relu_best.pth...20260312_113118
At epoch 809, test loss = 6.4518
...model saved to 15_exp/models/FloydWarshallDataset_tropical_0.0001_20000_20260312_112024_relu_best.pth...20260312_113120
At epoch 810, test loss = 6.4304
...model saved to 15_exp/models/FloydWarshallDataset_tropical_0.0001_20000_20260312_112024_relu_best.pth...20260312_113121
At epoch 812, test loss = 6.4168
...model saved to 15_exp/models/FloydWarshallDataset_tropical_0.0001_20000_20260312_112024_relu_best.pth...20260312_113122
At epoch 814, test loss = 6.4156
...model saved to 15_exp/models/FloydWarshallDataset_tropical_0.0001_20000_20260312_112024_relu_best.pth...20260312_113123
At epoch 815, test loss = 6.3739
...model saved to 15_exp/models/FloydWarshallDataset_tropical_0.0001_20000_20260312_112024_relu_best.pth...20260312_113124
At epoch 816, test loss = 6.3711
...model saved to 15_exp/models/FloydWarshallDataset_tropical_0.0001_20000_20260312_112024_relu_best.pth...20260312_113125
At epoch 817, test loss = 6.3650
...model saved to 15_exp/models/FloydWarshallDataset_tropical_0.0001_20000_20260312_112024_relu_best.pth...20260312_113125
At epoch 818, test loss = 6.3596
...model saved to 15_exp/models/FloydWarshallDataset_tropical_0.0001_20000_20260312_112024_relu_best.pth...20260312_113126
At epoch 819, test loss = 6.3185
...model saved to 15_exp/models/FloydWarshallDataset_tropical_0.0001_20000_20260312_112024_relu_best.pth...20260312_113127
At epoch 820, test loss = 6.3048
...model saved to 15_exp/models/FloydWarshallDataset_tropical_0.0001_20000_20260312_112024_relu_best.pth...20260312_113128
At epoch 822, test loss = 6.2894
...model saved to 15_exp/models/FloydWarshallDataset_tropical_0.0001_20000_20260312_112024_relu_best.pth...20260312_113129
At epoch 823, test loss = 6.2674
...model saved to 15_exp/models/FloydWarshallDataset_tropical_0.0001_20000_20260312_112024_relu_best.pth...20260312_113130
At epoch 824, test loss = 6.2484
...model saved to 15_exp/models/FloydWarshallDataset_tropical_0.0001_20000_20260312_112024_relu_best.pth...20260312_113130
At epoch 827, test loss = 6.1862
...model saved to 15_exp/models/FloydWarshallDataset_tropical_0.0001_20000_20260312_112024_relu_best.pth...20260312_113132
At epoch 833, test loss = 6.1176
...model saved to 15_exp/models/FloydWarshallDataset_tropical_0.0001_20000_20260312_112024_relu_best.pth...20260312_113137
At epoch 841, test loss = 6.1006
...model saved to 15_exp/models/FloydWarshallDataset_tropical_0.0001_20000_20260312_112024_relu_best.pth...20260312_113142
At epoch 842, test loss = 6.0214
...model saved to 15_exp/models/FloydWarshallDataset_tropical_0.0001_20000_20260312_112024_relu_best.pth...20260312_113143
At epoch 845, test loss = 5.9886
...model saved to 15_exp/models/FloydWarshallDataset_tropical_0.0001_20000_20260312_112024_relu_best.pth...20260312_113145
At epoch 846, test loss = 5.9476
...model saved to 15_exp/models/FloydWarshallDataset_tropical_0.0001_20000_20260312_112024_relu_best.pth...20260312_113145
At epoch 848, test loss = 5.9017
...model saved to 15_exp/models/FloydWarshallDataset_tropical_0.0001_20000_20260312_112024_relu_best.pth...20260312_113147
At epoch 849, test loss = 5.8780
...model saved to 15_exp/models/FloydWarshallDataset_tropical_0.0001_20000_20260312_112024_relu_best.pth...20260312_113148
At epoch 850, test loss = 5.8574
...model saved to 15_exp/models/FloydWarshallDataset_tropical_0.0001_20000_20260312_112024_relu_best.pth...20260312_113148
At epoch 851, test loss = 5.8416
...model saved to 15_exp/models/FloydWarshallDataset_tropical_0.0001_20000_20260312_112024_relu_best.pth...20260312_113149
At epoch 852, test loss = 5.8107
...model saved to 15_exp/models/FloydWarshallDataset_tropical_0.0001_20000_20260312_112024_relu_best.pth...20260312_113150
At epoch 854, test loss = 5.7866
...model saved to 15_exp/models/FloydWarshallDataset_tropical_0.0001_20000_20260312_112024_relu_best.pth...20260312_113151
At epoch 855, test loss = 5.7855
...model saved to 15_exp/models/FloydWarshallDataset_tropical_0.0001_20000_20260312_112024_relu_best.pth...20260312_113152
At epoch 856, test loss = 5.7694
...model saved to 15_exp/models/FloydWarshallDataset_tropical_0.0001_20000_20260312_112024_relu_best.pth...20260312_113153
At epoch 857, test loss = 5.7577
...model saved to 15_exp/models/FloydWarshallDataset_tropical_0.0001_20000_20260312_112024_relu_best.pth...20260312_113153
At epoch 858, test loss = 5.7438
...model saved to 15_exp/models/FloydWarshallDataset_tropical_0.0001_20000_20260312_112024_relu_best.pth...20260312_113154
At epoch 859, test loss = 5.7300
...model saved to 15_exp/models/FloydWarshallDataset_tropical_0.0001_20000_20260312_112024_relu_best.pth...20260312_113155
At epoch 860, test loss = 5.7266
...model saved to 15_exp/models/FloydWarshallDataset_tropical_0.0001_20000_20260312_112024_relu_best.pth...20260312_113155
At epoch 861, test loss = 5.6688
...model saved to 15_exp/models/FloydWarshallDataset_tropical_0.0001_20000_20260312_112024_relu_best.pth...20260312_113156
At epoch 862, test loss = 5.6524
...model saved to 15_exp/models/FloydWarshallDataset_tropical_0.0001_20000_20260312_112024_relu_best.pth...20260312_113157
At epoch 864, test loss = 5.6454
...model saved to 15_exp/models/FloydWarshallDataset_tropical_0.0001_20000_20260312_112024_relu_best.pth...20260312_113158
At epoch 866, test loss = 5.6191
...model saved to 15_exp/models/FloydWarshallDataset_tropical_0.0001_20000_20260312_112024_relu_best.pth...20260312_113200
At epoch 867, test loss = 5.6106
...model saved to 15_exp/models/FloydWarshallDataset_tropical_0.0001_20000_20260312_112024_relu_best.pth...20260312_113200
At epoch 868, test loss = 5.5802
...model saved to 15_exp/models/FloydWarshallDataset_tropical_0.0001_20000_20260312_112024_relu_best.pth...20260312_113201
At epoch 869, test loss = 5.5380
...model saved to 15_exp/models/FloydWarshallDataset_tropical_0.0001_20000_20260312_112024_relu_best.pth...20260312_113202
At epoch 870, test loss = 5.5131
...model saved to 15_exp/models/FloydWarshallDataset_tropical_0.0001_20000_20260312_112024_relu_best.pth...20260312_113202
At epoch 873, test loss = 5.5075
...model saved to 15_exp/models/FloydWarshallDataset_tropical_0.0001_20000_20260312_112024_relu_best.pth...20260312_113204
At epoch 875, test loss = 5.5017
...model saved to 15_exp/models/FloydWarshallDataset_tropical_0.0001_20000_20260312_112024_relu_best.pth...20260312_113206
At epoch 877, test loss = 5.4542
...model saved to 15_exp/models/FloydWarshallDataset_tropical_0.0001_20000_20260312_112024_relu_best.pth...20260312_113207
At epoch 880, test loss = 5.4531
...model saved to 15_exp/models/FloydWarshallDataset_tropical_0.0001_20000_20260312_112024_relu_best.pth...20260312_113209
At epoch 882, test loss = 5.4367
...model saved to 15_exp/models/FloydWarshallDataset_tropical_0.0001_20000_20260312_112024_relu_best.pth...20260312_113211
At epoch 883, test loss = 5.4300
...model saved to 15_exp/models/FloydWarshallDataset_tropical_0.0001_20000_20260312_112024_relu_best.pth...20260312_113211
At epoch 885, test loss = 5.3943
...model saved to 15_exp/models/FloydWarshallDataset_tropical_0.0001_20000_20260312_112024_relu_best.pth...20260312_113213
At epoch 901, test loss = 5.2527
...model saved to 15_exp/models/FloydWarshallDataset_tropical_0.0001_20000_20260312_112024_relu_best.pth...20260312_113224
At epoch 915, test loss = 5.2122
...model saved to 15_exp/models/FloydWarshallDataset_tropical_0.0001_20000_20260312_112024_relu_best.pth...20260312_113234
At epoch 916, test loss = 5.1755
...model saved to 15_exp/models/FloydWarshallDataset_tropical_0.0001_20000_20260312_112024_relu_best.pth...20260312_113235
At epoch 917, test loss = 5.1692
...model saved to 15_exp/models/FloydWarshallDataset_tropical_0.0001_20000_20260312_112024_relu_best.pth...20260312_113235
At epoch 918, test loss = 5.1028
...model saved to 15_exp/models/FloydWarshallDataset_tropical_0.0001_20000_20260312_112024_relu_best.pth...20260312_113236
At epoch 924, test loss = 5.0689
...model saved to 15_exp/models/FloydWarshallDataset_tropical_0.0001_20000_20260312_112024_relu_best.pth...20260312_113240
At epoch 925, test loss = 5.0583
...model saved to 15_exp/models/FloydWarshallDataset_tropical_0.0001_20000_20260312_112024_relu_best.pth...20260312_113241
At epoch 926, test loss = 5.0555
...model saved to 15_exp/models/FloydWarshallDataset_tropical_0.0001_20000_20260312_112024_relu_best.pth...20260312_113242
At epoch 929, test loss = 4.9920
...model saved to 15_exp/models/FloydWarshallDataset_tropical_0.0001_20000_20260312_112024_relu_best.pth...20260312_113244
At epoch 930, test loss = 4.9148
...model saved to 15_exp/models/FloydWarshallDataset_tropical_0.0001_20000_20260312_112024_relu_best.pth...20260312_113244
At epoch 934, test loss = 4.8847
...model saved to 15_exp/models/FloydWarshallDataset_tropical_0.0001_20000_20260312_112024_relu_best.pth...20260312_113247
At epoch 937, test loss = 4.8510
...model saved to 15_exp/models/FloydWarshallDataset_tropical_0.0001_20000_20260312_112024_relu_best.pth...20260312_113249
At epoch 938, test loss = 4.8288
...model saved to 15_exp/models/FloydWarshallDataset_tropical_0.0001_20000_20260312_112024_relu_best.pth...20260312_113250
At epoch 940, test loss = 4.8183
...model saved to 15_exp/models/FloydWarshallDataset_tropical_0.0001_20000_20260312_112024_relu_best.pth...20260312_113251
At epoch 941, test loss = 4.8045
...model saved to 15_exp/models/FloydWarshallDataset_tropical_0.0001_20000_20260312_112024_relu_best.pth...20260312_113252
At epoch 942, test loss = 4.8036
...model saved to 15_exp/models/FloydWarshallDataset_tropical_0.0001_20000_20260312_112024_relu_best.pth...20260312_113253
At epoch 945, test loss = 4.7746
...model saved to 15_exp/models/FloydWarshallDataset_tropical_0.0001_20000_20260312_112024_relu_best.pth...20260312_113255
At epoch 946, test loss = 4.7442
...model saved to 15_exp/models/FloydWarshallDataset_tropical_0.0001_20000_20260312_112024_relu_best.pth...20260312_113256
At epoch 953, test loss = 4.7056
...model saved to 15_exp/models/FloydWarshallDataset_tropical_0.0001_20000_20260312_112024_relu_best.pth...20260312_113300
At epoch 954, test loss = 4.6762
...model saved to 15_exp/models/FloydWarshallDataset_tropical_0.0001_20000_20260312_112024_relu_best.pth...20260312_113301
At epoch 958, test loss = 4.6209
...model saved to 15_exp/models/FloydWarshallDataset_tropical_0.0001_20000_20260312_112024_relu_best.pth...20260312_113304
At epoch 976, test loss = 4.5625
...model saved to 15_exp/models/FloydWarshallDataset_tropical_0.0001_20000_20260312_112024_relu_best.pth...20260312_113316
At epoch 977, test loss = 4.5033
...model saved to 15_exp/models/FloydWarshallDataset_tropical_0.0001_20000_20260312_112024_relu_best.pth...20260312_113317
At epoch 978, test loss = 4.4754
...model saved to 15_exp/models/FloydWarshallDataset_tropical_0.0001_20000_20260312_112024_relu_best.pth...20260312_113318
At epoch 981, test loss = 4.4275
...model saved to 15_exp/models/FloydWarshallDataset_tropical_0.0001_20000_20260312_112024_relu_best.pth...20260312_113320
At epoch 984, test loss = 4.4203
...model saved to 15_exp/models/FloydWarshallDataset_tropical_0.0001_20000_20260312_112024_relu_best.pth...20260312_113322
At epoch 988, test loss = 4.4101
...model saved to 15_exp/models/FloydWarshallDataset_tropical_0.0001_20000_20260312_112024_relu_best.pth...20260312_113325
At epoch 989, test loss = 4.3730
...model saved to 15_exp/models/FloydWarshallDataset_tropical_0.0001_20000_20260312_112024_relu_best.pth...20260312_113325
At epoch 991, test loss = 4.3459
...model saved to 15_exp/models/FloydWarshallDataset_tropical_0.0001_20000_20260312_112024_relu_best.pth...20260312_113327
At epoch 994, test loss = 4.3455
...model saved to 15_exp/models/FloydWarshallDataset_tropical_0.0001_20000_20260312_112024_relu_best.pth...20260312_113329
At epoch 997, test loss = 4.3269
...model saved to 15_exp/models/FloydWarshallDataset_tropical_0.0001_20000_20260312_112024_relu_best.pth...20260312_113331
At epoch 1001, test loss = 4.2685
...model saved to 15_exp/models/FloydWarshallDataset_tropical_0.0001_20000_20260312_112024_relu_best.pth...20260312_113334
At epoch 1003, test loss = 4.2553
...model saved to 15_exp/models/FloydWarshallDataset_tropical_0.0001_20000_20260312_112024_relu_best.pth...20260312_113335
At epoch 1008, test loss = 4.2484
...model saved to 15_exp/models/FloydWarshallDataset_tropical_0.0001_20000_20260312_112024_relu_best.pth...20260312_113338
At epoch 1011, test loss = 4.2085
...model saved to 15_exp/models/FloydWarshallDataset_tropical_0.0001_20000_20260312_112024_relu_best.pth...20260312_113340
At epoch 1012, test loss = 4.1748
...model saved to 15_exp/models/FloydWarshallDataset_tropical_0.0001_20000_20260312_112024_relu_best.pth...20260312_113341
At epoch 1018, test loss = 4.1522
...model saved to 15_exp/models/FloydWarshallDataset_tropical_0.0001_20000_20260312_112024_relu_best.pth...20260312_113345
At epoch 1019, test loss = 4.1484
...model saved to 15_exp/models/FloydWarshallDataset_tropical_0.0001_20000_20260312_112024_relu_best.pth...20260312_113346
At epoch 1020, test loss = 4.0948
...model saved to 15_exp/models/FloydWarshallDataset_tropical_0.0001_20000_20260312_112024_relu_best.pth...20260312_113347
At epoch 1021, test loss = 4.0807
...model saved to 15_exp/models/FloydWarshallDataset_tropical_0.0001_20000_20260312_112024_relu_best.pth...20260312_113347
At epoch 1027, test loss = 4.0796
...model saved to 15_exp/models/FloydWarshallDataset_tropical_0.0001_20000_20260312_112024_relu_best.pth...20260312_113352
At epoch 1028, test loss = 4.0733
...model saved to 15_exp/models/FloydWarshallDataset_tropical_0.0001_20000_20260312_112024_relu_best.pth...20260312_113352
At epoch 1029, test loss = 4.0349
...model saved to 15_exp/models/FloydWarshallDataset_tropical_0.0001_20000_20260312_112024_relu_best.pth...20260312_113353
At epoch 1053, test loss = 3.9994
...model saved to 15_exp/models/FloydWarshallDataset_tropical_0.0001_20000_20260312_112024_relu_best.pth...20260312_113409
At epoch 1060, test loss = 3.9773
...model saved to 15_exp/models/FloydWarshallDataset_tropical_0.0001_20000_20260312_112024_relu_best.pth...20260312_113414
At epoch 1063, test loss = 3.9528
...model saved to 15_exp/models/FloydWarshallDataset_tropical_0.0001_20000_20260312_112024_relu_best.pth...20260312_113416
At epoch 1066, test loss = 3.9400
...model saved to 15_exp/models/FloydWarshallDataset_tropical_0.0001_20000_20260312_112024_relu_best.pth...20260312_113418
At epoch 1067, test loss = 3.9130
...model saved to 15_exp/models/FloydWarshallDataset_tropical_0.0001_20000_20260312_112024_relu_best.pth...20260312_113419
At epoch 1089, test loss = 3.8937
...model saved to 15_exp/models/FloydWarshallDataset_tropical_0.0001_20000_20260312_112024_relu_best.pth...20260312_113434
At epoch 1090, test loss = 3.8532
...model saved to 15_exp/models/FloydWarshallDataset_tropical_0.0001_20000_20260312_112024_relu_best.pth...20260312_113435
At epoch 1091, test loss = 3.8518
...model saved to 15_exp/models/FloydWarshallDataset_tropical_0.0001_20000_20260312_112024_relu_best.pth...20260312_113435
At epoch 1097, test loss = 3.8253
...model saved to 15_exp/models/FloydWarshallDataset_tropical_0.0001_20000_20260312_112024_relu_best.pth...20260312_113439
At epoch 1100, test loss = 3.7948
...model saved to 15_exp/models/FloydWarshallDataset_tropical_0.0001_20000_20260312_112024_relu_best.pth...20260312_113441
At epoch 1101, test loss = 3.7901
...model saved to 15_exp/models/FloydWarshallDataset_tropical_0.0001_20000_20260312_112024_relu_best.pth...20260312_113442
At epoch 1104, test loss = 3.7826
...model saved to 15_exp/models/FloydWarshallDataset_tropical_0.0001_20000_20260312_112024_relu_best.pth...20260312_113444
At epoch 1105, test loss = 3.7616
...model saved to 15_exp/models/FloydWarshallDataset_tropical_0.0001_20000_20260312_112024_relu_best.pth...20260312_113445
At epoch 1108, test loss = 3.7610
...model saved to 15_exp/models/FloydWarshallDataset_tropical_0.0001_20000_20260312_112024_relu_best.pth...20260312_113447
At epoch 1110, test loss = 3.7355
...model saved to 15_exp/models/FloydWarshallDataset_tropical_0.0001_20000_20260312_112024_relu_best.pth...20260312_113448
At epoch 1111, test loss = 3.7348
...model saved to 15_exp/models/FloydWarshallDataset_tropical_0.0001_20000_20260312_112024_relu_best.pth...20260312_113449
At epoch 1112, test loss = 3.7247
...model saved to 15_exp/models/FloydWarshallDataset_tropical_0.0001_20000_20260312_112024_relu_best.pth...20260312_113450
At epoch 1113, test loss = 3.7031
...model saved to 15_exp/models/FloydWarshallDataset_tropical_0.0001_20000_20260312_112024_relu_best.pth...20260312_113450
At epoch 1114, test loss = 3.6925
...model saved to 15_exp/models/FloydWarshallDataset_tropical_0.0001_20000_20260312_112024_relu_best.pth...20260312_113451
At epoch 1118, test loss = 3.6657
...model saved to 15_exp/models/FloydWarshallDataset_tropical_0.0001_20000_20260312_112024_relu_best.pth...20260312_113454
At epoch 1121, test loss = 3.6311
...model saved to 15_exp/models/FloydWarshallDataset_tropical_0.0001_20000_20260312_112024_relu_best.pth...20260312_113456
At epoch 1122, test loss = 3.6249
...model saved to 15_exp/models/FloydWarshallDataset_tropical_0.0001_20000_20260312_112024_relu_best.pth...20260312_113457
At epoch 1124, test loss = 3.5987
...model saved to 15_exp/models/FloydWarshallDataset_tropical_0.0001_20000_20260312_112024_relu_best.pth...20260312_113458
At epoch 1126, test loss = 3.5874
...model saved to 15_exp/models/FloydWarshallDataset_tropical_0.0001_20000_20260312_112024_relu_best.pth...20260312_113459
At epoch 1128, test loss = 3.5759
...model saved to 15_exp/models/FloydWarshallDataset_tropical_0.0001_20000_20260312_112024_relu_best.pth...20260312_113501
At epoch 1135, test loss = 3.5550
...model saved to 15_exp/models/FloydWarshallDataset_tropical_0.0001_20000_20260312_112024_relu_best.pth...20260312_113506
At epoch 1137, test loss = 3.5161
...model saved to 15_exp/models/FloydWarshallDataset_tropical_0.0001_20000_20260312_112024_relu_best.pth...20260312_113507
At epoch 1144, test loss = 3.5107
...model saved to 15_exp/models/FloydWarshallDataset_tropical_0.0001_20000_20260312_112024_relu_best.pth...20260312_113512
At epoch 1149, test loss = 3.4859
...model saved to 15_exp/models/FloydWarshallDataset_tropical_0.0001_20000_20260312_112024_relu_best.pth...20260312_113515
At epoch 1150, test loss = 3.4829
...model saved to 15_exp/models/FloydWarshallDataset_tropical_0.0001_20000_20260312_112024_relu_best.pth...20260312_113516
At epoch 1162, test loss = 3.4498
...model saved to 15_exp/models/FloydWarshallDataset_tropical_0.0001_20000_20260312_112024_relu_best.pth...20260312_113524
At epoch 1165, test loss = 3.4318
...model saved to 15_exp/models/FloydWarshallDataset_tropical_0.0001_20000_20260312_112024_relu_best.pth...20260312_113526
At epoch 1166, test loss = 3.4284
...model saved to 15_exp/models/FloydWarshallDataset_tropical_0.0001_20000_20260312_112024_relu_best.pth...20260312_113527
At epoch 1179, test loss = 3.4103
...model saved to 15_exp/models/FloydWarshallDataset_tropical_0.0001_20000_20260312_112024_relu_best.pth...20260312_113536
At epoch 1194, test loss = 3.3806
...model saved to 15_exp/models/FloydWarshallDataset_tropical_0.0001_20000_20260312_112024_relu_best.pth...20260312_113546
At epoch 1212, test loss = 3.3738
...model saved to 15_exp/models/FloydWarshallDataset_tropical_0.0001_20000_20260312_112024_relu_best.pth...20260312_113559
At epoch 1216, test loss = 3.3631
...model saved to 15_exp/models/FloydWarshallDataset_tropical_0.0001_20000_20260312_112024_relu_best.pth...20260312_113602
At epoch 1217, test loss = 3.3285
...model saved to 15_exp/models/FloydWarshallDataset_tropical_0.0001_20000_20260312_112024_relu_best.pth...20260312_113602
At epoch 1252, test loss = 3.3272
...model saved to 15_exp/models/FloydWarshallDataset_tropical_0.0001_20000_20260312_112024_relu_best.pth...20260312_113627
At epoch 1255, test loss = 3.3031
...model saved to 15_exp/models/FloydWarshallDataset_tropical_0.0001_20000_20260312_112024_relu_best.pth...20260312_113629
At epoch 1307, test loss = 3.2821
...model saved to 15_exp/models/FloydWarshallDataset_tropical_0.0001_20000_20260312_112024_relu_best.pth...20260312_113705
At epoch 1314, test loss = 3.2691
...model saved to 15_exp/models/FloydWarshallDataset_tropical_0.0001_20000_20260312_112024_relu_best.pth...20260312_113710
At epoch 1315, test loss = 3.2649
...model saved to 15_exp/models/FloydWarshallDataset_tropical_0.0001_20000_20260312_112024_relu_best.pth...20260312_113711
At epoch 1318, test loss = 3.2463
...model saved to 15_exp/models/FloydWarshallDataset_tropical_0.0001_20000_20260312_112024_relu_best.pth...20260312_113713
At epoch 1323, test loss = 3.2014
...model saved to 15_exp/models/FloydWarshallDataset_tropical_0.0001_20000_20260312_112024_relu_best.pth...20260312_113717
At epoch 1355, test loss = 3.1997
...model saved to 15_exp/models/FloydWarshallDataset_tropical_0.0001_20000_20260312_112024_relu_best.pth...20260312_113740
At epoch 1385, test loss = 3.1906
...model saved to 15_exp/models/FloydWarshallDataset_tropical_0.0001_20000_20260312_112024_relu_best.pth...20260312_113802
At epoch 1386, test loss = 3.1900
...model saved to 15_exp/models/FloydWarshallDataset_tropical_0.0001_20000_20260312_112024_relu_best.pth...20260312_113803
At epoch 1387, test loss = 3.1786
...model saved to 15_exp/models/FloydWarshallDataset_tropical_0.0001_20000_20260312_112024_relu_best.pth...20260312_113804
At epoch 1394, test loss = 3.1743
...model saved to 15_exp/models/FloydWarshallDataset_tropical_0.0001_20000_20260312_112024_relu_best.pth...20260312_113809
At epoch 1398, test loss = 3.1699
...model saved to 15_exp/models/FloydWarshallDataset_tropical_0.0001_20000_20260312_112024_relu_best.pth...20260312_113812
At epoch 1401, test loss = 3.1626
...model saved to 15_exp/models/FloydWarshallDataset_tropical_0.0001_20000_20260312_112024_relu_best.pth...20260312_113814
At epoch 1410, test loss = 3.1623
...model saved to 15_exp/models/FloydWarshallDataset_tropical_0.0001_20000_20260312_112024_relu_best.pth...20260312_113821
At epoch 1415, test loss = 3.1503
...model saved to 15_exp/models/FloydWarshallDataset_tropical_0.0001_20000_20260312_112024_relu_best.pth...20260312_113825
At epoch 1417, test loss = 3.1286
...model saved to 15_exp/models/FloydWarshallDataset_tropical_0.0001_20000_20260312_112024_relu_best.pth...20260312_113826
At epoch 1444, test loss = 3.1054
...model saved to 15_exp/models/FloydWarshallDataset_tropical_0.0001_20000_20260312_112024_relu_best.pth...20260312_113847
At epoch 1501, test loss = 3.0711
...model saved to 15_exp/models/FloydWarshallDataset_tropical_0.0001_20000_20260312_112024_relu_best.pth...20260312_113929
At epoch 1502, test loss = 3.0300
...model saved to 15_exp/models/FloydWarshallDataset_tropical_0.0001_20000_20260312_112024_relu_best.pth...20260312_113930
At epoch 1508, test loss = 3.0194
...model saved to 15_exp/models/FloydWarshallDataset_tropical_0.0001_20000_20260312_112024_relu_best.pth...20260312_113934
At epoch 1530, test loss = 3.0139
...model saved to 15_exp/models/FloydWarshallDataset_tropical_0.0001_20000_20260312_112024_relu_best.pth...20260312_113950
At epoch 1531, test loss = 3.0134
...model saved to 15_exp/models/FloydWarshallDataset_tropical_0.0001_20000_20260312_112024_relu_best.pth...20260312_113951
At epoch 1545, test loss = 3.0079
...model saved to 15_exp/models/FloydWarshallDataset_tropical_0.0001_20000_20260312_112024_relu_best.pth...20260312_114002
At epoch 1548, test loss = 3.0074
...model saved to 15_exp/models/FloydWarshallDataset_tropical_0.0001_20000_20260312_112024_relu_best.pth...20260312_114004
At epoch 1549, test loss = 2.9548
...model saved to 15_exp/models/FloydWarshallDataset_tropical_0.0001_20000_20260312_112024_relu_best.pth...20260312_114004
At epoch 1576, test loss = 2.9400
...model saved to 15_exp/models/FloydWarshallDataset_tropical_0.0001_20000_20260312_112024_relu_best.pth...20260312_114025
At epoch 1598, test loss = 2.9306
...model saved to 15_exp/models/FloydWarshallDataset_tropical_0.0001_20000_20260312_112024_relu_best.pth...20260312_114041
At epoch 1600, test loss = 2.8952
...model saved to 15_exp/models/FloydWarshallDataset_tropical_0.0001_20000_20260312_112024_relu_best.pth...20260312_114043
At epoch 1601, test loss = 2.8759
...model saved to 15_exp/models/FloydWarshallDataset_tropical_0.0001_20000_20260312_112024_relu_best.pth...20260312_114044
At epoch 1604, test loss = 2.8735
...model saved to 15_exp/models/FloydWarshallDataset_tropical_0.0001_20000_20260312_112024_relu_best.pth...20260312_114047
At epoch 1611, test loss = 2.8444
...model saved to 15_exp/models/FloydWarshallDataset_tropical_0.0001_20000_20260312_112024_relu_best.pth...20260312_114052
At epoch 1616, test loss = 2.8386
...model saved to 15_exp/models/FloydWarshallDataset_tropical_0.0001_20000_20260312_112024_relu_best.pth...20260312_114056
At epoch 1629, test loss = 2.8348
...model saved to 15_exp/models/FloydWarshallDataset_tropical_0.0001_20000_20260312_112024_relu_best.pth...20260312_114106
At epoch 1653, test loss = 2.8296
...model saved to 15_exp/models/FloydWarshallDataset_tropical_0.0001_20000_20260312_112024_relu_best.pth...20260312_114123
At epoch 1672, test loss = 2.8266
...model saved to 15_exp/models/FloydWarshallDataset_tropical_0.0001_20000_20260312_112024_relu_best.pth...20260312_114137
At epoch 1673, test loss = 2.8175
...model saved to 15_exp/models/FloydWarshallDataset_tropical_0.0001_20000_20260312_112024_relu_best.pth...20260312_114138
At epoch 1674, test loss = 2.7656
...model saved to 15_exp/models/FloydWarshallDataset_tropical_0.0001_20000_20260312_112024_relu_best.pth...20260312_114139
At epoch 1675, test loss = 2.7558
...model saved to 15_exp/models/FloydWarshallDataset_tropical_0.0001_20000_20260312_112024_relu_best.pth...20260312_114140
At epoch 1676, test loss = 2.7411
...model saved to 15_exp/models/FloydWarshallDataset_tropical_0.0001_20000_20260312_112024_relu_best.pth...20260312_114140
At epoch 1686, test loss = 2.7280
...model saved to 15_exp/models/FloydWarshallDataset_tropical_0.0001_20000_20260312_112024_relu_best.pth...20260312_114148
At epoch 1687, test loss = 2.7012
...model saved to 15_exp/models/FloydWarshallDataset_tropical_0.0001_20000_20260312_112024_relu_best.pth...20260312_114148
At epoch 1738, test loss = 2.6789
...model saved to 15_exp/models/FloydWarshallDataset_tropical_0.0001_20000_20260312_112024_relu_best.pth...20260312_114226
At epoch 1744, test loss = 2.6698
...model saved to 15_exp/models/FloydWarshallDataset_tropical_0.0001_20000_20260312_112024_relu_best.pth...20260312_114230
At epoch 1748, test loss = 2.6651
...model saved to 15_exp/models/FloydWarshallDataset_tropical_0.0001_20000_20260312_112024_relu_best.pth...20260312_114233
At epoch 1753, test loss = 2.6475
...model saved to 15_exp/models/FloydWarshallDataset_tropical_0.0001_20000_20260312_112024_relu_best.pth...20260312_114236
At epoch 1776, test loss = 2.6027
...model saved to 15_exp/models/FloydWarshallDataset_tropical_0.0001_20000_20260312_112024_relu_best.pth...20260312_114252
At epoch 1862, test loss = 2.5980
...model saved to 15_exp/models/FloydWarshallDataset_tropical_0.0001_20000_20260312_112024_relu_best.pth...20260312_114351
At epoch 1864, test loss = 2.5974
...model saved to 15_exp/models/FloydWarshallDataset_tropical_0.0001_20000_20260312_112024_relu_best.pth...20260312_114352
At epoch 1865, test loss = 2.5883
...model saved to 15_exp/models/FloydWarshallDataset_tropical_0.0001_20000_20260312_112024_relu_best.pth...20260312_114353
At epoch 1868, test loss = 2.5830
...model saved to 15_exp/models/FloydWarshallDataset_tropical_0.0001_20000_20260312_112024_relu_best.pth...20260312_114355
At epoch 1869, test loss = 2.5770
...model saved to 15_exp/models/FloydWarshallDataset_tropical_0.0001_20000_20260312_112024_relu_best.pth...20260312_114356
At epoch 1870, test loss = 2.5698
...model saved to 15_exp/models/FloydWarshallDataset_tropical_0.0001_20000_20260312_112024_relu_best.pth...20260312_114357
At epoch 1873, test loss = 2.5688
...model saved to 15_exp/models/FloydWarshallDataset_tropical_0.0001_20000_20260312_112024_relu_best.pth...20260312_114359
At epoch 1874, test loss = 2.5621
...model saved to 15_exp/models/FloydWarshallDataset_tropical_0.0001_20000_20260312_112024_relu_best.pth...20260312_114400
At epoch 1882, test loss = 2.5498
...model saved to 15_exp/models/FloydWarshallDataset_tropical_0.0001_20000_20260312_112024_relu_best.pth...20260312_114405
At epoch 1890, test loss = 2.5417
...model saved to 15_exp/models/FloydWarshallDataset_tropical_0.0001_20000_20260312_112024_relu_best.pth...20260312_114411
At epoch 1891, test loss = 2.5327
...model saved to 15_exp/models/FloydWarshallDataset_tropical_0.0001_20000_20260312_112024_relu_best.pth...20260312_114411
At epoch 2033, test loss = 2.5244
...model saved to 15_exp/models/FloydWarshallDataset_tropical_0.0001_20000_20260312_112024_relu_best.pth...20260312_114549
At epoch 2037, test loss = 2.5243
...model saved to 15_exp/models/FloydWarshallDataset_tropical_0.0001_20000_20260312_112024_relu_best.pth...20260312_114552
At epoch 2054, test loss = 2.5176
...model saved to 15_exp/models/FloydWarshallDataset_tropical_0.0001_20000_20260312_112024_relu_best.pth...20260312_114604
At epoch 2064, test loss = 2.5076
...model saved to 15_exp/models/FloydWarshallDataset_tropical_0.0001_20000_20260312_112024_relu_best.pth...20260312_114611
At epoch 2082, test loss = 2.4964
...model saved to 15_exp/models/FloydWarshallDataset_tropical_0.0001_20000_20260312_112024_relu_best.pth...20260312_114624
At epoch 2201, test loss = 2.4532
...model saved to 15_exp/models/FloydWarshallDataset_tropical_0.0001_20000_20260312_112024_relu_best.pth...20260312_114750
At epoch 2280, test loss = 2.4313
...model saved to 15_exp/models/FloydWarshallDataset_tropical_0.0001_20000_20260312_112024_relu_best.pth...20260312_114848
At epoch 2295, test loss = 2.4148
...model saved to 15_exp/models/FloydWarshallDataset_tropical_0.0001_20000_20260312_112024_relu_best.pth...20260312_114859
At epoch 2297, test loss = 2.3873
...model saved to 15_exp/models/FloydWarshallDataset_tropical_0.0001_20000_20260312_112024_relu_best.pth...20260312_114900
At epoch 2336, test loss = 2.3776
...model saved to 15_exp/models/FloydWarshallDataset_tropical_0.0001_20000_20260312_112024_relu_best.pth...20260312_114929
At epoch 2482, test loss = 2.3721
...model saved to 15_exp/models/FloydWarshallDataset_tropical_0.0001_20000_20260312_112024_relu_best.pth...20260312_115116
At epoch 2483, test loss = 2.3691
...model saved to 15_exp/models/FloydWarshallDataset_tropical_0.0001_20000_20260312_112024_relu_best.pth...20260312_115117
At epoch 2487, test loss = 2.3153
...model saved to 15_exp/models/FloydWarshallDataset_tropical_0.0001_20000_20260312_112024_relu_best.pth...20260312_115120
At epoch 2498, test loss = 2.2842
...model saved to 15_exp/models/FloydWarshallDataset_tropical_0.0001_20000_20260312_112024_relu_best.pth...20260312_115128
At epoch 2500, test loss = 2.2819
...model saved to 15_exp/models/FloydWarshallDataset_tropical_0.0001_20000_20260312_112024_relu_best.pth...20260312_115129
At epoch 2514, test loss = 2.2362
...model saved to 15_exp/models/FloydWarshallDataset_tropical_0.0001_20000_20260312_112024_relu_best.pth...20260312_115139
At epoch 2522, test loss = 2.2359
...model saved to 15_exp/models/FloydWarshallDataset_tropical_0.0001_20000_20260312_112024_relu_best.pth...20260312_115145
At epoch 2632, test loss = 2.1724
...model saved to 15_exp/models/FloydWarshallDataset_tropical_0.0001_20000_20260312_112024_relu_best.pth...20260312_115307
At epoch 2765, test loss = 2.1679
...model saved to 15_exp/models/FloydWarshallDataset_tropical_0.0001_20000_20260312_112024_relu_best.pth...20260312_115445
At epoch 2775, test loss = 2.1428
...model saved to 15_exp/models/FloydWarshallDataset_tropical_0.0001_20000_20260312_112024_relu_best.pth...20260312_115452
At epoch 2792, test loss = 2.1337
...model saved to 15_exp/models/FloydWarshallDataset_tropical_0.0001_20000_20260312_112024_relu_best.pth...20260312_115505
At epoch 4324, test loss = 2.1283
...model saved to 15_exp/models/FloydWarshallDataset_tropical_0.0001_20000_20260312_112024_relu_best.pth...20260312_121258
At epoch 4420, test loss = 2.1048
...model saved to 15_exp/models/FloydWarshallDataset_tropical_0.0001_20000_20260312_112024_relu_best.pth...20260312_121403
At epoch 4656, test loss = 2.0851
...model saved to 15_exp/models/FloydWarshallDataset_tropical_0.0001_20000_20260312_112024_relu_best.pth...20260312_121651
At epoch 4679, test loss = 2.0617
...model saved to 15_exp/models/FloydWarshallDataset_tropical_0.0001_20000_20260312_112024_relu_best.pth...20260312_121706
...plot saved to 15_exp/plots/plots_FloydWarshallDataset_tropical_0.0001_20000_20260312_112024_relu.png...
