
The following have been reloaded with a version change:
  1) cudatoolkit/12.4 => cudatoolkit/12.9

Traceback (most recent call last):
  File "/global/u2/t/tmishra/Tropical-Attention/experiment.py", line 564, in <module>
    experiment.run()
  File "/global/u2/t/tmishra/Tropical-Attention/experiment.py", line 126, in run
    self.train_model()
  File "/global/u2/t/tmishra/Tropical-Attention/experiment.py", line 503, in train_model
    self._train_one_epoch(epoch)
  File "/global/u2/t/tmishra/Tropical-Attention/experiment.py", line 433, in _train_one_epoch
    pred = self.model(x)
           ^^^^^^^^^^^^^
  File "/global/homes/t/tmishra/.conda/envs/tropical_attention/lib/python3.12/site-packages/torch/nn/modules/module.py", line 1739, in _wrapped_call_impl
    return self._call_impl(*args, **kwargs)
           ^^^^^^^^^^^^^^^^^^^^^^^^^^^^^^^^
  File "/global/homes/t/tmishra/.conda/envs/tropical_attention/lib/python3.12/site-packages/torch/nn/modules/module.py", line 1750, in _call_impl
    return forward_call(*args, **kwargs)
           ^^^^^^^^^^^^^^^^^^^^^^^^^^^^^
  File "/global/u2/t/tmishra/Tropical-Attention/models.py", line 599, in forward
    pe = self.sin_pos_embedding(x)#self.identity_pe(x.size(1))
         ^^^^^^^^^^^^^^^^^^^^^^^^^
  File "/global/u2/t/tmishra/Tropical-Attention/models.py", line 645, in sin_pos_embedding
    pe[:, 1::2] = torch.cos(position * div_term)
    ~~^^^^^^^^^
RuntimeError: The expanded size of the tensor (1) must match the existing size (2) at non-singleton dimension 1.  Target sizes: [64, 1].  Tensor sizes: [64, 2]
