CUDA available? True
GPU device: NVIDIA A100-SXM4-40GB
CUDA_VISIBLE_DEVICES=0,1,2,3
SLURM_JOB_GPUS=0,1,2,3

 Running config: {'task': 'train', 'model_type': 'tropical', 'dataset_name': 'FloydWarshallDataset', 'input_dim': 3, 'd_model': 64, 'n_heads': 4, 'num_layers': 4, 'num_epochs': 20000, 'dropout': 0.05, 'lr': 0.0001, 'seed': 999, 'n_samples': 50000, 'batch_size': 1000, 'target_range': 'na', 'weight_range': 'na', 'adversarial_range': '(10,20)', 'length_range': '(8,8)', 'noise_prob': 0, 'value_range': '(0, 2)'}
FloydWarshallDataset_tropical_0.0001_20000_20260401_013546_relu
...setting dataloader...20260401_013546
...setting model object...20260401_013558
...training model...20260401_013558
At epoch 0, test loss = 1.0979
...model saved to 15_exp/models/FloydWarshallDataset_tropical_0.0001_20000_20260401_013546_relu_best.pth...20260401_013621
At epoch 1, test loss = 0.9750
...model saved to 15_exp/models/FloydWarshallDataset_tropical_0.0001_20000_20260401_013546_relu_best.pth...20260401_013622
At epoch 2, test loss = 0.9233
...model saved to 15_exp/models/FloydWarshallDataset_tropical_0.0001_20000_20260401_013546_relu_best.pth...20260401_013622
At epoch 3, test loss = 0.9047
...model saved to 15_exp/models/FloydWarshallDataset_tropical_0.0001_20000_20260401_013546_relu_best.pth...20260401_013623
At epoch 4, test loss = 0.9000
...model saved to 15_exp/models/FloydWarshallDataset_tropical_0.0001_20000_20260401_013546_relu_best.pth...20260401_013624
At epoch 5, test loss = 0.8985
...model saved to 15_exp/models/FloydWarshallDataset_tropical_0.0001_20000_20260401_013546_relu_best.pth...20260401_013625
At epoch 6, test loss = 0.8974
...model saved to 15_exp/models/FloydWarshallDataset_tropical_0.0001_20000_20260401_013546_relu_best.pth...20260401_013625
At epoch 7, test loss = 0.8961
...model saved to 15_exp/models/FloydWarshallDataset_tropical_0.0001_20000_20260401_013546_relu_best.pth...20260401_013626
At epoch 8, test loss = 0.8952
...model saved to 15_exp/models/FloydWarshallDataset_tropical_0.0001_20000_20260401_013546_relu_best.pth...20260401_013627
At epoch 9, test loss = 0.8943
...model saved to 15_exp/models/FloydWarshallDataset_tropical_0.0001_20000_20260401_013546_relu_best.pth...20260401_013627
At epoch 10, test loss = 0.8932
...model saved to 15_exp/models/FloydWarshallDataset_tropical_0.0001_20000_20260401_013546_relu_best.pth...20260401_013628
At epoch 11, test loss = 0.8927
...model saved to 15_exp/models/FloydWarshallDataset_tropical_0.0001_20000_20260401_013546_relu_best.pth...20260401_013629
At epoch 12, test loss = 0.8920
...model saved to 15_exp/models/FloydWarshallDataset_tropical_0.0001_20000_20260401_013546_relu_best.pth...20260401_013630
At epoch 13, test loss = 0.8907
...model saved to 15_exp/models/FloydWarshallDataset_tropical_0.0001_20000_20260401_013546_relu_best.pth...20260401_013630
At epoch 14, test loss = 0.8884
...model saved to 15_exp/models/FloydWarshallDataset_tropical_0.0001_20000_20260401_013546_relu_best.pth...20260401_013631
At epoch 15, test loss = 0.8841
...model saved to 15_exp/models/FloydWarshallDataset_tropical_0.0001_20000_20260401_013546_relu_best.pth...20260401_013632
At epoch 16, test loss = 0.8753
...model saved to 15_exp/models/FloydWarshallDataset_tropical_0.0001_20000_20260401_013546_relu_best.pth...20260401_013633
At epoch 17, test loss = 0.8733
...model saved to 15_exp/models/FloydWarshallDataset_tropical_0.0001_20000_20260401_013546_relu_best.pth...20260401_013633
At epoch 18, test loss = 0.8598
...model saved to 15_exp/models/FloydWarshallDataset_tropical_0.0001_20000_20260401_013546_relu_best.pth...20260401_013634
At epoch 19, test loss = 0.8477
...model saved to 15_exp/models/FloydWarshallDataset_tropical_0.0001_20000_20260401_013546_relu_best.pth...20260401_013635
At epoch 21, test loss = 0.8349
...model saved to 15_exp/models/FloydWarshallDataset_tropical_0.0001_20000_20260401_013546_relu_best.pth...20260401_013636
At epoch 22, test loss = 0.8339
...model saved to 15_exp/models/FloydWarshallDataset_tropical_0.0001_20000_20260401_013546_relu_best.pth...20260401_013637
At epoch 23, test loss = 0.8302
...model saved to 15_exp/models/FloydWarshallDataset_tropical_0.0001_20000_20260401_013546_relu_best.pth...20260401_013638
At epoch 24, test loss = 0.8225
...model saved to 15_exp/models/FloydWarshallDataset_tropical_0.0001_20000_20260401_013546_relu_best.pth...20260401_013638
At epoch 25, test loss = 0.8207
...model saved to 15_exp/models/FloydWarshallDataset_tropical_0.0001_20000_20260401_013546_relu_best.pth...20260401_013639
At epoch 28, test loss = 0.8168
...model saved to 15_exp/models/FloydWarshallDataset_tropical_0.0001_20000_20260401_013546_relu_best.pth...20260401_013641
At epoch 35, test loss = 0.8141
...model saved to 15_exp/models/FloydWarshallDataset_tropical_0.0001_20000_20260401_013546_relu_best.pth...20260401_013646
At epoch 36, test loss = 0.8117
...model saved to 15_exp/models/FloydWarshallDataset_tropical_0.0001_20000_20260401_013546_relu_best.pth...20260401_013647
At epoch 39, test loss = 0.8094
...model saved to 15_exp/models/FloydWarshallDataset_tropical_0.0001_20000_20260401_013546_relu_best.pth...20260401_013649
At epoch 41, test loss = 0.8060
...model saved to 15_exp/models/FloydWarshallDataset_tropical_0.0001_20000_20260401_013546_relu_best.pth...20260401_013651
At epoch 45, test loss = 0.8050
...model saved to 15_exp/models/FloydWarshallDataset_tropical_0.0001_20000_20260401_013546_relu_best.pth...20260401_013653
At epoch 51, test loss = 0.8050
...model saved to 15_exp/models/FloydWarshallDataset_tropical_0.0001_20000_20260401_013546_relu_best.pth...20260401_013658
At epoch 57, test loss = 0.8039
...model saved to 15_exp/models/FloydWarshallDataset_tropical_0.0001_20000_20260401_013546_relu_best.pth...20260401_013702
At epoch 60, test loss = 0.8026
...model saved to 15_exp/models/FloydWarshallDataset_tropical_0.0001_20000_20260401_013546_relu_best.pth...20260401_013704
At epoch 61, test loss = 0.8016
...model saved to 15_exp/models/FloydWarshallDataset_tropical_0.0001_20000_20260401_013546_relu_best.pth...20260401_013705
At epoch 62, test loss = 0.8007
...model saved to 15_exp/models/FloydWarshallDataset_tropical_0.0001_20000_20260401_013546_relu_best.pth...20260401_013706
At epoch 63, test loss = 0.8006
...model saved to 15_exp/models/FloydWarshallDataset_tropical_0.0001_20000_20260401_013546_relu_best.pth...20260401_013706
At epoch 64, test loss = 0.8000
...model saved to 15_exp/models/FloydWarshallDataset_tropical_0.0001_20000_20260401_013546_relu_best.pth...20260401_013707
At epoch 67, test loss = 0.7997
...model saved to 15_exp/models/FloydWarshallDataset_tropical_0.0001_20000_20260401_013546_relu_best.pth...20260401_013709
At epoch 68, test loss = 0.7879
...model saved to 15_exp/models/FloydWarshallDataset_tropical_0.0001_20000_20260401_013546_relu_best.pth...20260401_013710
At epoch 70, test loss = 0.7812
...model saved to 15_exp/models/FloydWarshallDataset_tropical_0.0001_20000_20260401_013546_relu_best.pth...20260401_013711
At epoch 72, test loss = 0.7787
...model saved to 15_exp/models/FloydWarshallDataset_tropical_0.0001_20000_20260401_013546_relu_best.pth...20260401_013713
At epoch 75, test loss = 0.7776
...model saved to 15_exp/models/FloydWarshallDataset_tropical_0.0001_20000_20260401_013546_relu_best.pth...20260401_013715
At epoch 76, test loss = 0.7731
...model saved to 15_exp/models/FloydWarshallDataset_tropical_0.0001_20000_20260401_013546_relu_best.pth...20260401_013716
At epoch 77, test loss = 0.7702
...model saved to 15_exp/models/FloydWarshallDataset_tropical_0.0001_20000_20260401_013546_relu_best.pth...20260401_013716
At epoch 80, test loss = 0.7681
...model saved to 15_exp/models/FloydWarshallDataset_tropical_0.0001_20000_20260401_013546_relu_best.pth...20260401_013718
At epoch 81, test loss = 0.7556
...model saved to 15_exp/models/FloydWarshallDataset_tropical_0.0001_20000_20260401_013546_relu_best.pth...20260401_013719
At epoch 85, test loss = 0.7526
...model saved to 15_exp/models/FloydWarshallDataset_tropical_0.0001_20000_20260401_013546_relu_best.pth...20260401_013722
At epoch 87, test loss = 0.7469
...model saved to 15_exp/models/FloydWarshallDataset_tropical_0.0001_20000_20260401_013546_relu_best.pth...20260401_013723
At epoch 88, test loss = 0.7379
...model saved to 15_exp/models/FloydWarshallDataset_tropical_0.0001_20000_20260401_013546_relu_best.pth...20260401_013724
At epoch 90, test loss = 0.7282
...model saved to 15_exp/models/FloydWarshallDataset_tropical_0.0001_20000_20260401_013546_relu_best.pth...20260401_013725
At epoch 98, test loss = 0.7252
...model saved to 15_exp/models/FloydWarshallDataset_tropical_0.0001_20000_20260401_013546_relu_best.pth...20260401_013731
At epoch 100, test loss = 0.7201
...model saved to 15_exp/models/FloydWarshallDataset_tropical_0.0001_20000_20260401_013546_relu_best.pth...20260401_013732
At epoch 105, test loss = 0.7156
...model saved to 15_exp/models/FloydWarshallDataset_tropical_0.0001_20000_20260401_013546_relu_best.pth...20260401_013736
At epoch 107, test loss = 0.7133
...model saved to 15_exp/models/FloydWarshallDataset_tropical_0.0001_20000_20260401_013546_relu_best.pth...20260401_013737
At epoch 115, test loss = 0.7099
...model saved to 15_exp/models/FloydWarshallDataset_tropical_0.0001_20000_20260401_013546_relu_best.pth...20260401_013742
At epoch 116, test loss = 0.7012
...model saved to 15_exp/models/FloydWarshallDataset_tropical_0.0001_20000_20260401_013546_relu_best.pth...20260401_013743
At epoch 126, test loss = 0.6904
...model saved to 15_exp/models/FloydWarshallDataset_tropical_0.0001_20000_20260401_013546_relu_best.pth...20260401_013750
At epoch 146, test loss = 0.6715
...model saved to 15_exp/models/FloydWarshallDataset_tropical_0.0001_20000_20260401_013546_relu_best.pth...20260401_013803
At epoch 157, test loss = 0.6644
...model saved to 15_exp/models/FloydWarshallDataset_tropical_0.0001_20000_20260401_013546_relu_best.pth...20260401_013811
At epoch 164, test loss = 0.6530
...model saved to 15_exp/models/FloydWarshallDataset_tropical_0.0001_20000_20260401_013546_relu_best.pth...20260401_013816
At epoch 1849, test loss = 0.6530
...model saved to 15_exp/models/FloydWarshallDataset_tropical_0.0001_20000_20260401_013546_relu_best.pth...20260401_015820
At epoch 1856, test loss = 0.6413
...model saved to 15_exp/models/FloydWarshallDataset_tropical_0.0001_20000_20260401_013546_relu_best.pth...20260401_015825
At epoch 1880, test loss = 0.6399
...model saved to 15_exp/models/FloydWarshallDataset_tropical_0.0001_20000_20260401_013546_relu_best.pth...20260401_015841
At epoch 1884, test loss = 0.6363
...model saved to 15_exp/models/FloydWarshallDataset_tropical_0.0001_20000_20260401_013546_relu_best.pth...20260401_015844
At epoch 1927, test loss = 0.6305
...model saved to 15_exp/models/FloydWarshallDataset_tropical_0.0001_20000_20260401_013546_relu_best.pth...20260401_015913
At epoch 2037, test loss = 0.6227
...model saved to 15_exp/models/FloydWarshallDataset_tropical_0.0001_20000_20260401_013546_relu_best.pth...20260401_020028
At epoch 2040, test loss = 0.6152
...model saved to 15_exp/models/FloydWarshallDataset_tropical_0.0001_20000_20260401_013546_relu_best.pth...20260401_020031
At epoch 2049, test loss = 0.6139
...model saved to 15_exp/models/FloydWarshallDataset_tropical_0.0001_20000_20260401_013546_relu_best.pth...20260401_020038
At epoch 2051, test loss = 0.6107
...model saved to 15_exp/models/FloydWarshallDataset_tropical_0.0001_20000_20260401_013546_relu_best.pth...20260401_020040
At epoch 2055, test loss = 0.6101
...model saved to 15_exp/models/FloydWarshallDataset_tropical_0.0001_20000_20260401_013546_relu_best.pth...20260401_020043
At epoch 2066, test loss = 0.6089
...model saved to 15_exp/models/FloydWarshallDataset_tropical_0.0001_20000_20260401_013546_relu_best.pth...20260401_020051
At epoch 2069, test loss = 0.6072
...model saved to 15_exp/models/FloydWarshallDataset_tropical_0.0001_20000_20260401_013546_relu_best.pth...20260401_020053
At epoch 2115, test loss = 0.6055
...model saved to 15_exp/models/FloydWarshallDataset_tropical_0.0001_20000_20260401_013546_relu_best.pth...20260401_020128
At epoch 2120, test loss = 0.6036
...model saved to 15_exp/models/FloydWarshallDataset_tropical_0.0001_20000_20260401_013546_relu_best.pth...20260401_020132
At epoch 2121, test loss = 0.5977
...model saved to 15_exp/models/FloydWarshallDataset_tropical_0.0001_20000_20260401_013546_relu_best.pth...20260401_020132
At epoch 2123, test loss = 0.5887
...model saved to 15_exp/models/FloydWarshallDataset_tropical_0.0001_20000_20260401_013546_relu_best.pth...20260401_020134
At epoch 2124, test loss = 0.5868
...model saved to 15_exp/models/FloydWarshallDataset_tropical_0.0001_20000_20260401_013546_relu_best.pth...20260401_020134
At epoch 2208, test loss = 0.5801
...model saved to 15_exp/models/FloydWarshallDataset_tropical_0.0001_20000_20260401_013546_relu_best.pth...20260401_020236
At epoch 2210, test loss = 0.5767
...model saved to 15_exp/models/FloydWarshallDataset_tropical_0.0001_20000_20260401_013546_relu_best.pth...20260401_020238
At epoch 2239, test loss = 0.5737
...model saved to 15_exp/models/FloydWarshallDataset_tropical_0.0001_20000_20260401_013546_relu_best.pth...20260401_020257
At epoch 2240, test loss = 0.5650
...model saved to 15_exp/models/FloydWarshallDataset_tropical_0.0001_20000_20260401_013546_relu_best.pth...20260401_020258
At epoch 2241, test loss = 0.5565
...model saved to 15_exp/models/FloydWarshallDataset_tropical_0.0001_20000_20260401_013546_relu_best.pth...20260401_020259
At epoch 2254, test loss = 0.5547
...model saved to 15_exp/models/FloydWarshallDataset_tropical_0.0001_20000_20260401_013546_relu_best.pth...20260401_020308
At epoch 2372, test loss = 0.5516
...model saved to 15_exp/models/FloydWarshallDataset_tropical_0.0001_20000_20260401_013546_relu_best.pth...20260401_020429
At epoch 2373, test loss = 0.5422
...model saved to 15_exp/models/FloydWarshallDataset_tropical_0.0001_20000_20260401_013546_relu_best.pth...20260401_020430
At epoch 2385, test loss = 0.5400
...model saved to 15_exp/models/FloydWarshallDataset_tropical_0.0001_20000_20260401_013546_relu_best.pth...20260401_020438
At epoch 2387, test loss = 0.5391
...model saved to 15_exp/models/FloydWarshallDataset_tropical_0.0001_20000_20260401_013546_relu_best.pth...20260401_020440
At epoch 2398, test loss = 0.5342
...model saved to 15_exp/models/FloydWarshallDataset_tropical_0.0001_20000_20260401_013546_relu_best.pth...20260401_020447
At epoch 2399, test loss = 0.5319
...model saved to 15_exp/models/FloydWarshallDataset_tropical_0.0001_20000_20260401_013546_relu_best.pth...20260401_020448
At epoch 2401, test loss = 0.5232
...model saved to 15_exp/models/FloydWarshallDataset_tropical_0.0001_20000_20260401_013546_relu_best.pth...20260401_020449
At epoch 2660, test loss = 0.5186
...model saved to 15_exp/models/FloydWarshallDataset_tropical_0.0001_20000_20260401_013546_relu_best.pth...20260401_020800
At epoch 2664, test loss = 0.5140
...model saved to 15_exp/models/FloydWarshallDataset_tropical_0.0001_20000_20260401_013546_relu_best.pth...20260401_020803
At epoch 2667, test loss = 0.5024
...model saved to 15_exp/models/FloydWarshallDataset_tropical_0.0001_20000_20260401_013546_relu_best.pth...20260401_020805
At epoch 2713, test loss = 0.5017
...model saved to 15_exp/models/FloydWarshallDataset_tropical_0.0001_20000_20260401_013546_relu_best.pth...20260401_020838
At epoch 2831, test loss = 0.5001
...model saved to 15_exp/models/FloydWarshallDataset_tropical_0.0001_20000_20260401_013546_relu_best.pth...20260401_021002
At epoch 2857, test loss = 0.4972
...model saved to 15_exp/models/FloydWarshallDataset_tropical_0.0001_20000_20260401_013546_relu_best.pth...20260401_021019
At epoch 2863, test loss = 0.4858
...model saved to 15_exp/models/FloydWarshallDataset_tropical_0.0001_20000_20260401_013546_relu_best.pth...20260401_021023
At epoch 2945, test loss = 0.4817
...model saved to 15_exp/models/FloydWarshallDataset_tropical_0.0001_20000_20260401_013546_relu_best.pth...20260401_021122
At epoch 2947, test loss = 0.4785
...model saved to 15_exp/models/FloydWarshallDataset_tropical_0.0001_20000_20260401_013546_relu_best.pth...20260401_021123
At epoch 2948, test loss = 0.4712
...model saved to 15_exp/models/FloydWarshallDataset_tropical_0.0001_20000_20260401_013546_relu_best.pth...20260401_021124
At epoch 2951, test loss = 0.4679
...model saved to 15_exp/models/FloydWarshallDataset_tropical_0.0001_20000_20260401_013546_relu_best.pth...20260401_021126
At epoch 2952, test loss = 0.4670
...model saved to 15_exp/models/FloydWarshallDataset_tropical_0.0001_20000_20260401_013546_relu_best.pth...20260401_021127
At epoch 2971, test loss = 0.4664
...model saved to 15_exp/models/FloydWarshallDataset_tropical_0.0001_20000_20260401_013546_relu_best.pth...20260401_021141
At epoch 2973, test loss = 0.4656
...model saved to 15_exp/models/FloydWarshallDataset_tropical_0.0001_20000_20260401_013546_relu_best.pth...20260401_021142
At epoch 2980, test loss = 0.4622
...model saved to 15_exp/models/FloydWarshallDataset_tropical_0.0001_20000_20260401_013546_relu_best.pth...20260401_021147
At epoch 2991, test loss = 0.4606
...model saved to 15_exp/models/FloydWarshallDataset_tropical_0.0001_20000_20260401_013546_relu_best.pth...20260401_021155
At epoch 2992, test loss = 0.4603
...model saved to 15_exp/models/FloydWarshallDataset_tropical_0.0001_20000_20260401_013546_relu_best.pth...20260401_021156
At epoch 2993, test loss = 0.4545
...model saved to 15_exp/models/FloydWarshallDataset_tropical_0.0001_20000_20260401_013546_relu_best.pth...20260401_021156
At epoch 3231, test loss = 0.4460
...model saved to 15_exp/models/FloydWarshallDataset_tropical_0.0001_20000_20260401_013546_relu_best.pth...20260401_021447
At epoch 3315, test loss = 0.4434
...model saved to 15_exp/models/FloydWarshallDataset_tropical_0.0001_20000_20260401_013546_relu_best.pth...20260401_021547
At epoch 3325, test loss = 0.4401
...model saved to 15_exp/models/FloydWarshallDataset_tropical_0.0001_20000_20260401_013546_relu_best.pth...20260401_021554
At epoch 3498, test loss = 0.4385
...model saved to 15_exp/models/FloydWarshallDataset_tropical_0.0001_20000_20260401_013546_relu_best.pth...20260401_021758
At epoch 3500, test loss = 0.4351
...model saved to 15_exp/models/FloydWarshallDataset_tropical_0.0001_20000_20260401_013546_relu_best.pth...20260401_021800
At epoch 3541, test loss = 0.4344
...model saved to 15_exp/models/FloydWarshallDataset_tropical_0.0001_20000_20260401_013546_relu_best.pth...20260401_021828
At epoch 3542, test loss = 0.4332
...model saved to 15_exp/models/FloydWarshallDataset_tropical_0.0001_20000_20260401_013546_relu_best.pth...20260401_021829
At epoch 3543, test loss = 0.4253
...model saved to 15_exp/models/FloydWarshallDataset_tropical_0.0001_20000_20260401_013546_relu_best.pth...20260401_021830
At epoch 3546, test loss = 0.4247
...model saved to 15_exp/models/FloydWarshallDataset_tropical_0.0001_20000_20260401_013546_relu_best.pth...20260401_021833
At epoch 3559, test loss = 0.4210
...model saved to 15_exp/models/FloydWarshallDataset_tropical_0.0001_20000_20260401_013546_relu_best.pth...20260401_021842
At epoch 3561, test loss = 0.4178
...model saved to 15_exp/models/FloydWarshallDataset_tropical_0.0001_20000_20260401_013546_relu_best.pth...20260401_021843
At epoch 3614, test loss = 0.4160
...model saved to 15_exp/models/FloydWarshallDataset_tropical_0.0001_20000_20260401_013546_relu_best.pth...20260401_021919
At epoch 3719, test loss = 0.4129
...model saved to 15_exp/models/FloydWarshallDataset_tropical_0.0001_20000_20260401_013546_relu_best.pth...20260401_022034
At epoch 3724, test loss = 0.4113
...model saved to 15_exp/models/FloydWarshallDataset_tropical_0.0001_20000_20260401_013546_relu_best.pth...20260401_022038
At epoch 3730, test loss = 0.4097
...model saved to 15_exp/models/FloydWarshallDataset_tropical_0.0001_20000_20260401_013546_relu_best.pth...20260401_022042
At epoch 3731, test loss = 0.4013
...model saved to 15_exp/models/FloydWarshallDataset_tropical_0.0001_20000_20260401_013546_relu_best.pth...20260401_022043
At epoch 3735, test loss = 0.4002
...model saved to 15_exp/models/FloydWarshallDataset_tropical_0.0001_20000_20260401_013546_relu_best.pth...20260401_022046
At epoch 3804, test loss = 0.3979
...model saved to 15_exp/models/FloydWarshallDataset_tropical_0.0001_20000_20260401_013546_relu_best.pth...20260401_022137
At epoch 3815, test loss = 0.3932
...model saved to 15_exp/models/FloydWarshallDataset_tropical_0.0001_20000_20260401_013546_relu_best.pth...20260401_022145
At epoch 3857, test loss = 0.3900
...model saved to 15_exp/models/FloydWarshallDataset_tropical_0.0001_20000_20260401_013546_relu_best.pth...20260401_022216
At epoch 3859, test loss = 0.3899
...model saved to 15_exp/models/FloydWarshallDataset_tropical_0.0001_20000_20260401_013546_relu_best.pth...20260401_022218
At epoch 3866, test loss = 0.3828
...model saved to 15_exp/models/FloydWarshallDataset_tropical_0.0001_20000_20260401_013546_relu_best.pth...20260401_022223
At epoch 3900, test loss = 0.3808
...model saved to 15_exp/models/FloydWarshallDataset_tropical_0.0001_20000_20260401_013546_relu_best.pth...20260401_022248
At epoch 4028, test loss = 0.3790
...model saved to 15_exp/models/FloydWarshallDataset_tropical_0.0001_20000_20260401_013546_relu_best.pth...20260401_022422
At epoch 4126, test loss = 0.3726
...model saved to 15_exp/models/FloydWarshallDataset_tropical_0.0001_20000_20260401_013546_relu_best.pth...20260401_022533
At epoch 4166, test loss = 0.3689
...model saved to 15_exp/models/FloydWarshallDataset_tropical_0.0001_20000_20260401_013546_relu_best.pth...20260401_022601
At epoch 4171, test loss = 0.3667
...model saved to 15_exp/models/FloydWarshallDataset_tropical_0.0001_20000_20260401_013546_relu_best.pth...20260401_022605
At epoch 4219, test loss = 0.3618
...model saved to 15_exp/models/FloydWarshallDataset_tropical_0.0001_20000_20260401_013546_relu_best.pth...20260401_022639
At epoch 4520, test loss = 0.3604
...model saved to 15_exp/models/FloydWarshallDataset_tropical_0.0001_20000_20260401_013546_relu_best.pth...20260401_023009
At epoch 4591, test loss = 0.3570
...model saved to 15_exp/models/FloydWarshallDataset_tropical_0.0001_20000_20260401_013546_relu_best.pth...20260401_023057
At epoch 5001, test loss = 0.3566
...model saved to 15_exp/models/FloydWarshallDataset_tropical_0.0001_20000_20260401_013546_relu_best.pth...20260401_023538
At epoch 5005, test loss = 0.3470
...model saved to 15_exp/models/FloydWarshallDataset_tropical_0.0001_20000_20260401_013546_relu_best.pth...20260401_023541
At epoch 6274, test loss = 0.3459
...model saved to 15_exp/models/FloydWarshallDataset_tropical_0.0001_20000_20260401_013546_relu_best.pth...20260401_025001
At epoch 6446, test loss = 0.3440
...model saved to 15_exp/models/FloydWarshallDataset_tropical_0.0001_20000_20260401_013546_relu_best.pth...20260401_025157
At epoch 6447, test loss = 0.3381
...model saved to 15_exp/models/FloydWarshallDataset_tropical_0.0001_20000_20260401_013546_relu_best.pth...20260401_025157
At epoch 6473, test loss = 0.3349
...model saved to 15_exp/models/FloydWarshallDataset_tropical_0.0001_20000_20260401_013546_relu_best.pth...20260401_025215
At epoch 7034, test loss = 0.3325
...model saved to 15_exp/models/FloydWarshallDataset_tropical_0.0001_20000_20260401_013546_relu_best.pth...20260401_025842
At epoch 7141, test loss = 0.3174
...model saved to 15_exp/models/FloydWarshallDataset_tropical_0.0001_20000_20260401_013546_relu_best.pth...20260401_025958
At epoch 7454, test loss = 0.3152
...model saved to 15_exp/models/FloydWarshallDataset_tropical_0.0001_20000_20260401_013546_relu_best.pth...20260401_030332
At epoch 7772, test loss = 0.3135
...model saved to 15_exp/models/FloydWarshallDataset_tropical_0.0001_20000_20260401_013546_relu_best.pth...20260401_030705
At epoch 8200, test loss = 0.3025
...model saved to 15_exp/models/FloydWarshallDataset_tropical_0.0001_20000_20260401_013546_relu_best.pth...20260401_031204
At epoch 8325, test loss = 0.2978
...model saved to 15_exp/models/FloydWarshallDataset_tropical_0.0001_20000_20260401_013546_relu_best.pth...20260401_031331
At epoch 8854, test loss = 0.2925
...model saved to 15_exp/models/FloydWarshallDataset_tropical_0.0001_20000_20260401_013546_relu_best.pth...20260401_031923
At epoch 8868, test loss = 0.2881
...model saved to 15_exp/models/FloydWarshallDataset_tropical_0.0001_20000_20260401_013546_relu_best.pth...20260401_031932
At epoch 8875, test loss = 0.2850
...model saved to 15_exp/models/FloydWarshallDataset_tropical_0.0001_20000_20260401_013546_relu_best.pth...20260401_031937
At epoch 8879, test loss = 0.2834
...model saved to 15_exp/models/FloydWarshallDataset_tropical_0.0001_20000_20260401_013546_relu_best.pth...20260401_031940
At epoch 9410, test loss = 0.2726
...model saved to 15_exp/models/FloydWarshallDataset_tropical_0.0001_20000_20260401_013546_relu_best.pth...20260401_032544
At epoch 9505, test loss = 0.2684
...model saved to 15_exp/models/FloydWarshallDataset_tropical_0.0001_20000_20260401_013546_relu_best.pth...20260401_032650
At epoch 9595, test loss = 0.2643
...model saved to 15_exp/models/FloydWarshallDataset_tropical_0.0001_20000_20260401_013546_relu_best.pth...20260401_032752
At epoch 9759, test loss = 0.2635
...model saved to 15_exp/models/FloydWarshallDataset_tropical_0.0001_20000_20260401_013546_relu_best.pth...20260401_032946
At epoch 10341, test loss = 0.2628
...model saved to 15_exp/models/FloydWarshallDataset_tropical_0.0001_20000_20260401_013546_relu_best.pth...20260401_033632
At epoch 10527, test loss = 0.2624
...model saved to 15_exp/models/FloydWarshallDataset_tropical_0.0001_20000_20260401_013546_relu_best.pth...20260401_033844
At epoch 10613, test loss = 0.2598
...model saved to 15_exp/models/FloydWarshallDataset_tropical_0.0001_20000_20260401_013546_relu_best.pth...20260401_033945
At epoch 10618, test loss = 0.2538
...model saved to 15_exp/models/FloydWarshallDataset_tropical_0.0001_20000_20260401_013546_relu_best.pth...20260401_033948
At epoch 10619, test loss = 0.2467
...model saved to 15_exp/models/FloydWarshallDataset_tropical_0.0001_20000_20260401_013546_relu_best.pth...20260401_033949
At epoch 11011, test loss = 0.2457
...model saved to 15_exp/models/FloydWarshallDataset_tropical_0.0001_20000_20260401_013546_relu_best.pth...20260401_034424
At epoch 11437, test loss = 0.2449
...model saved to 15_exp/models/FloydWarshallDataset_tropical_0.0001_20000_20260401_013546_relu_best.pth...20260401_034914
At epoch 11626, test loss = 0.2416
...model saved to 15_exp/models/FloydWarshallDataset_tropical_0.0001_20000_20260401_013546_relu_best.pth...20260401_035120
At epoch 11737, test loss = 0.2390
...model saved to 15_exp/models/FloydWarshallDataset_tropical_0.0001_20000_20260401_013546_relu_best.pth...20260401_035234
At epoch 11738, test loss = 0.2316
...model saved to 15_exp/models/FloydWarshallDataset_tropical_0.0001_20000_20260401_013546_relu_best.pth...20260401_035234
At epoch 12182, test loss = 0.2253
...model saved to 15_exp/models/FloydWarshallDataset_tropical_0.0001_20000_20260401_013546_relu_best.pth...20260401_035728
At epoch 12358, test loss = 0.2251
...model saved to 15_exp/models/FloydWarshallDataset_tropical_0.0001_20000_20260401_013546_relu_best.pth...20260401_035924
At epoch 12471, test loss = 0.2202
...model saved to 15_exp/models/FloydWarshallDataset_tropical_0.0001_20000_20260401_013546_relu_best.pth...20260401_040039
At epoch 12474, test loss = 0.2139
...model saved to 15_exp/models/FloydWarshallDataset_tropical_0.0001_20000_20260401_013546_relu_best.pth...20260401_040041
At epoch 12569, test loss = 0.2129
...model saved to 15_exp/models/FloydWarshallDataset_tropical_0.0001_20000_20260401_013546_relu_best.pth...20260401_040147
At epoch 12631, test loss = 0.2121
...model saved to 15_exp/models/FloydWarshallDataset_tropical_0.0001_20000_20260401_013546_relu_best.pth...20260401_040231
At epoch 12638, test loss = 0.2093
...model saved to 15_exp/models/FloydWarshallDataset_tropical_0.0001_20000_20260401_013546_relu_best.pth...20260401_040236
At epoch 12699, test loss = 0.2089
...model saved to 15_exp/models/FloydWarshallDataset_tropical_0.0001_20000_20260401_013546_relu_best.pth...20260401_040316
At epoch 12878, test loss = 0.2032
...model saved to 15_exp/models/FloydWarshallDataset_tropical_0.0001_20000_20260401_013546_relu_best.pth...20260401_040513
At epoch 12883, test loss = 0.1985
...model saved to 15_exp/models/FloydWarshallDataset_tropical_0.0001_20000_20260401_013546_relu_best.pth...20260401_040517
At epoch 12884, test loss = 0.1951
...model saved to 15_exp/models/FloydWarshallDataset_tropical_0.0001_20000_20260401_013546_relu_best.pth...20260401_040517
At epoch 12895, test loss = 0.1950
...model saved to 15_exp/models/FloydWarshallDataset_tropical_0.0001_20000_20260401_013546_relu_best.pth...20260401_040525
At epoch 12908, test loss = 0.1948
...model saved to 15_exp/models/FloydWarshallDataset_tropical_0.0001_20000_20260401_013546_relu_best.pth...20260401_040533
At epoch 13234, test loss = 0.1929
...model saved to 15_exp/models/FloydWarshallDataset_tropical_0.0001_20000_20260401_013546_relu_best.pth...20260401_040907
At epoch 13377, test loss = 0.1824
...model saved to 15_exp/models/FloydWarshallDataset_tropical_0.0001_20000_20260401_013546_relu_best.pth...20260401_041041
At epoch 13617, test loss = 0.1816
...model saved to 15_exp/models/FloydWarshallDataset_tropical_0.0001_20000_20260401_013546_relu_best.pth...20260401_041319
At epoch 13732, test loss = 0.1806
...model saved to 15_exp/models/FloydWarshallDataset_tropical_0.0001_20000_20260401_013546_relu_best.pth...20260401_041435
At epoch 13974, test loss = 0.1805
...model saved to 15_exp/models/FloydWarshallDataset_tropical_0.0001_20000_20260401_013546_relu_best.pth...20260401_041714
At epoch 14211, test loss = 0.1800
...model saved to 15_exp/models/FloydWarshallDataset_tropical_0.0001_20000_20260401_013546_relu_best.pth...20260401_041949
At epoch 14214, test loss = 0.1763
...model saved to 15_exp/models/FloydWarshallDataset_tropical_0.0001_20000_20260401_013546_relu_best.pth...20260401_041951
At epoch 14234, test loss = 0.1761
...model saved to 15_exp/models/FloydWarshallDataset_tropical_0.0001_20000_20260401_013546_relu_best.pth...20260401_042005
At epoch 14393, test loss = 0.1760
...model saved to 15_exp/models/FloydWarshallDataset_tropical_0.0001_20000_20260401_013546_relu_best.pth...20260401_042156
At epoch 14428, test loss = 0.1755
...model saved to 15_exp/models/FloydWarshallDataset_tropical_0.0001_20000_20260401_013546_relu_best.pth...20260401_042220
At epoch 14727, test loss = 0.1748
...model saved to 15_exp/models/FloydWarshallDataset_tropical_0.0001_20000_20260401_013546_relu_best.pth...20260401_042550
At epoch 14867, test loss = 0.1698
...model saved to 15_exp/models/FloydWarshallDataset_tropical_0.0001_20000_20260401_013546_relu_best.pth...20260401_042726
At epoch 15294, test loss = 0.1636
...model saved to 15_exp/models/FloydWarshallDataset_tropical_0.0001_20000_20260401_013546_relu_best.pth...20260401_043213
At epoch 15566, test loss = 0.1627
...model saved to 15_exp/models/FloydWarshallDataset_tropical_0.0001_20000_20260401_013546_relu_best.pth...20260401_043518
At epoch 15576, test loss = 0.1617
...model saved to 15_exp/models/FloydWarshallDataset_tropical_0.0001_20000_20260401_013546_relu_best.pth...20260401_043525
At epoch 15649, test loss = 0.1557
...model saved to 15_exp/models/FloydWarshallDataset_tropical_0.0001_20000_20260401_013546_relu_best.pth...20260401_043613
At epoch 15652, test loss = 0.1524
...model saved to 15_exp/models/FloydWarshallDataset_tropical_0.0001_20000_20260401_013546_relu_best.pth...20260401_043615
At epoch 16155, test loss = 0.1516
...model saved to 15_exp/models/FloydWarshallDataset_tropical_0.0001_20000_20260401_013546_relu_best.pth...20260401_044159
At epoch 16190, test loss = 0.1456
...model saved to 15_exp/models/FloydWarshallDataset_tropical_0.0001_20000_20260401_013546_relu_best.pth...20260401_044224
At epoch 16213, test loss = 0.1450
...model saved to 15_exp/models/FloydWarshallDataset_tropical_0.0001_20000_20260401_013546_relu_best.pth...20260401_044241
At epoch 16216, test loss = 0.1441
...model saved to 15_exp/models/FloydWarshallDataset_tropical_0.0001_20000_20260401_013546_relu_best.pth...20260401_044243
At epoch 16235, test loss = 0.1422
...model saved to 15_exp/models/FloydWarshallDataset_tropical_0.0001_20000_20260401_013546_relu_best.pth...20260401_044256
At epoch 16311, test loss = 0.1418
...model saved to 15_exp/models/FloydWarshallDataset_tropical_0.0001_20000_20260401_013546_relu_best.pth...20260401_044350
At epoch 16450, test loss = 0.1412
...model saved to 15_exp/models/FloydWarshallDataset_tropical_0.0001_20000_20260401_013546_relu_best.pth...20260401_044527
At epoch 16487, test loss = 0.1407
...model saved to 15_exp/models/FloydWarshallDataset_tropical_0.0001_20000_20260401_013546_relu_best.pth...20260401_044551
At epoch 16505, test loss = 0.1380
...model saved to 15_exp/models/FloydWarshallDataset_tropical_0.0001_20000_20260401_013546_relu_best.pth...20260401_044603
At epoch 16692, test loss = 0.1365
...model saved to 15_exp/models/FloydWarshallDataset_tropical_0.0001_20000_20260401_013546_relu_best.pth...20260401_044806
At epoch 16730, test loss = 0.1361
...model saved to 15_exp/models/FloydWarshallDataset_tropical_0.0001_20000_20260401_013546_relu_best.pth...20260401_044831
At epoch 16780, test loss = 0.1358
...model saved to 15_exp/models/FloydWarshallDataset_tropical_0.0001_20000_20260401_013546_relu_best.pth...20260401_044904
At epoch 16847, test loss = 0.1316
...model saved to 15_exp/models/FloydWarshallDataset_tropical_0.0001_20000_20260401_013546_relu_best.pth...20260401_044949
At epoch 16927, test loss = 0.1314
...model saved to 15_exp/models/FloydWarshallDataset_tropical_0.0001_20000_20260401_013546_relu_best.pth...20260401_045042
At epoch 17176, test loss = 0.1307
...model saved to 15_exp/models/FloydWarshallDataset_tropical_0.0001_20000_20260401_013546_relu_best.pth...20260401_045326
At epoch 17185, test loss = 0.1277
...model saved to 15_exp/models/FloydWarshallDataset_tropical_0.0001_20000_20260401_013546_relu_best.pth...20260401_045332
At epoch 17271, test loss = 0.1272
...model saved to 15_exp/models/FloydWarshallDataset_tropical_0.0001_20000_20260401_013546_relu_best.pth...20260401_045428
At epoch 17335, test loss = 0.1244
...model saved to 15_exp/models/FloydWarshallDataset_tropical_0.0001_20000_20260401_013546_relu_best.pth...20260401_045511
At epoch 17365, test loss = 0.1241
...model saved to 15_exp/models/FloydWarshallDataset_tropical_0.0001_20000_20260401_013546_relu_best.pth...20260401_045531
At epoch 17388, test loss = 0.1228
...model saved to 15_exp/models/FloydWarshallDataset_tropical_0.0001_20000_20260401_013546_relu_best.pth...20260401_045546
At epoch 17443, test loss = 0.1211
...model saved to 15_exp/models/FloydWarshallDataset_tropical_0.0001_20000_20260401_013546_relu_best.pth...20260401_045623
At epoch 17546, test loss = 0.1205
...model saved to 15_exp/models/FloydWarshallDataset_tropical_0.0001_20000_20260401_013546_relu_best.pth...20260401_045735
At epoch 17548, test loss = 0.1194
...model saved to 15_exp/models/FloydWarshallDataset_tropical_0.0001_20000_20260401_013546_relu_best.pth...20260401_045737
At epoch 17553, test loss = 0.1191
...model saved to 15_exp/models/FloydWarshallDataset_tropical_0.0001_20000_20260401_013546_relu_best.pth...20260401_045740
At epoch 17559, test loss = 0.1187
...model saved to 15_exp/models/FloydWarshallDataset_tropical_0.0001_20000_20260401_013546_relu_best.pth...20260401_045745
At epoch 17591, test loss = 0.1179
...model saved to 15_exp/models/FloydWarshallDataset_tropical_0.0001_20000_20260401_013546_relu_best.pth...20260401_045807
At epoch 17670, test loss = 0.1167
...model saved to 15_exp/models/FloydWarshallDataset_tropical_0.0001_20000_20260401_013546_relu_best.pth...20260401_045903
At epoch 17732, test loss = 0.1150
...model saved to 15_exp/models/FloydWarshallDataset_tropical_0.0001_20000_20260401_013546_relu_best.pth...20260401_045947
At epoch 17816, test loss = 0.1136
...model saved to 15_exp/models/FloydWarshallDataset_tropical_0.0001_20000_20260401_013546_relu_best.pth...20260401_050046
At epoch 17842, test loss = 0.1135
...model saved to 15_exp/models/FloydWarshallDataset_tropical_0.0001_20000_20260401_013546_relu_best.pth...20260401_050105
At epoch 17878, test loss = 0.1129
...model saved to 15_exp/models/FloydWarshallDataset_tropical_0.0001_20000_20260401_013546_relu_best.pth...20260401_050130
At epoch 17880, test loss = 0.1118
...model saved to 15_exp/models/FloydWarshallDataset_tropical_0.0001_20000_20260401_013546_relu_best.pth...20260401_050132
At epoch 18058, test loss = 0.1099
...model saved to 15_exp/models/FloydWarshallDataset_tropical_0.0001_20000_20260401_013546_relu_best.pth...20260401_050332
At epoch 18174, test loss = 0.1095
...model saved to 15_exp/models/FloydWarshallDataset_tropical_0.0001_20000_20260401_013546_relu_best.pth...20260401_050448
At epoch 18250, test loss = 0.1093
...model saved to 15_exp/models/FloydWarshallDataset_tropical_0.0001_20000_20260401_013546_relu_best.pth...20260401_050538
At epoch 18274, test loss = 0.1087
...model saved to 15_exp/models/FloydWarshallDataset_tropical_0.0001_20000_20260401_013546_relu_best.pth...20260401_050554
At epoch 18348, test loss = 0.1077
...model saved to 15_exp/models/FloydWarshallDataset_tropical_0.0001_20000_20260401_013546_relu_best.pth...20260401_050642
At epoch 18353, test loss = 0.1075
...model saved to 15_exp/models/FloydWarshallDataset_tropical_0.0001_20000_20260401_013546_relu_best.pth...20260401_050646
At epoch 18356, test loss = 0.1066
...model saved to 15_exp/models/FloydWarshallDataset_tropical_0.0001_20000_20260401_013546_relu_best.pth...20260401_050648
At epoch 18458, test loss = 0.1064
...model saved to 15_exp/models/FloydWarshallDataset_tropical_0.0001_20000_20260401_013546_relu_best.pth...20260401_050755
At epoch 18510, test loss = 0.1058
...model saved to 15_exp/models/FloydWarshallDataset_tropical_0.0001_20000_20260401_013546_relu_best.pth...20260401_050829
At epoch 18529, test loss = 0.1057
...model saved to 15_exp/models/FloydWarshallDataset_tropical_0.0001_20000_20260401_013546_relu_best.pth...20260401_050842
At epoch 18550, test loss = 0.1052
...model saved to 15_exp/models/FloydWarshallDataset_tropical_0.0001_20000_20260401_013546_relu_best.pth...20260401_050857
At epoch 18602, test loss = 0.1051
...model saved to 15_exp/models/FloydWarshallDataset_tropical_0.0001_20000_20260401_013546_relu_best.pth...20260401_050933
At epoch 18604, test loss = 0.1045
...model saved to 15_exp/models/FloydWarshallDataset_tropical_0.0001_20000_20260401_013546_relu_best.pth...20260401_050934
At epoch 18613, test loss = 0.1042
...model saved to 15_exp/models/FloydWarshallDataset_tropical_0.0001_20000_20260401_013546_relu_best.pth...20260401_050941
At epoch 18735, test loss = 0.1032
...model saved to 15_exp/models/FloydWarshallDataset_tropical_0.0001_20000_20260401_013546_relu_best.pth...20260401_051107
At epoch 18977, test loss = 0.1031
...model saved to 15_exp/models/FloydWarshallDataset_tropical_0.0001_20000_20260401_013546_relu_best.pth...20260401_051356
At epoch 19054, test loss = 0.1024
...model saved to 15_exp/models/FloydWarshallDataset_tropical_0.0001_20000_20260401_013546_relu_best.pth...20260401_051450
At epoch 19091, test loss = 0.1017
...model saved to 15_exp/models/FloydWarshallDataset_tropical_0.0001_20000_20260401_013546_relu_best.pth...20260401_051515
...plot saved to 15_exp/plots/plots_FloydWarshallDataset_tropical_0.0001_20000_20260401_013546_relu.png...
